Archive member included to satisfy reference by file (symbol)

/home/admin1/arm_toolchain/gcc-arm-none-eabi-6-2017-q2-update/bin/../lib/gcc/arm-none-eabi/6.3.1/../../../../arm-none-eabi/lib/thumb/v7-m/libc.a(lib_a-assert.o)
                              obj/sram_pio_it.o (__assert_func)
/home/admin1/arm_toolchain/gcc-arm-none-eabi-6-2017-q2-update/bin/../lib/gcc/arm-none-eabi/6.3.1/../../../../arm-none-eabi/lib/thumb/v7-m/libc.a(lib_a-exit.o)
                              /home/admin1/arm_toolchain/gcc-arm-none-eabi-6-2017-q2-update/bin/../lib/gcc/arm-none-eabi/6.3.1/../../../../arm-none-eabi/lib/thumb/v7-m/crt0.o (exit)
/home/admin1/arm_toolchain/gcc-arm-none-eabi-6-2017-q2-update/bin/../lib/gcc/arm-none-eabi/6.3.1/../../../../arm-none-eabi/lib/thumb/v7-m/libc.a(lib_a-fiprintf.o)
                              /home/admin1/arm_toolchain/gcc-arm-none-eabi-6-2017-q2-update/bin/../lib/gcc/arm-none-eabi/6.3.1/../../../../arm-none-eabi/lib/thumb/v7-m/libc.a(lib_a-assert.o) (fiprintf)
/home/admin1/arm_toolchain/gcc-arm-none-eabi-6-2017-q2-update/bin/../lib/gcc/arm-none-eabi/6.3.1/../../../../arm-none-eabi/lib/thumb/v7-m/libc.a(lib_a-impure.o)
                              /home/admin1/arm_toolchain/gcc-arm-none-eabi-6-2017-q2-update/bin/../lib/gcc/arm-none-eabi/6.3.1/../../../../arm-none-eabi/lib/thumb/v7-m/libc.a(lib_a-exit.o) (_global_impure_ptr)
/home/admin1/arm_toolchain/gcc-arm-none-eabi-6-2017-q2-update/bin/../lib/gcc/arm-none-eabi/6.3.1/../../../../arm-none-eabi/lib/thumb/v7-m/libc.a(lib_a-init.o)
                              /home/admin1/arm_toolchain/gcc-arm-none-eabi-6-2017-q2-update/bin/../lib/gcc/arm-none-eabi/6.3.1/../../../../arm-none-eabi/lib/thumb/v7-m/crt0.o (__libc_init_array)
/home/admin1/arm_toolchain/gcc-arm-none-eabi-6-2017-q2-update/bin/../lib/gcc/arm-none-eabi/6.3.1/../../../../arm-none-eabi/lib/thumb/v7-m/libc.a(lib_a-iprintf.o)
                              obj/sram_board_memories.o (iprintf)
/home/admin1/arm_toolchain/gcc-arm-none-eabi-6-2017-q2-update/bin/../lib/gcc/arm-none-eabi/6.3.1/../../../../arm-none-eabi/lib/thumb/v7-m/libc.a(lib_a-memcpy.o)
                              obj/sram_board_memories.o (memcpy)
/home/admin1/arm_toolchain/gcc-arm-none-eabi-6-2017-q2-update/bin/../lib/gcc/arm-none-eabi/6.3.1/../../../../arm-none-eabi/lib/thumb/v7-m/libc.a(lib_a-memset.o)
                              /home/admin1/arm_toolchain/gcc-arm-none-eabi-6-2017-q2-update/bin/../lib/gcc/arm-none-eabi/6.3.1/../../../../arm-none-eabi/lib/thumb/v7-m/crt0.o (memset)
/home/admin1/arm_toolchain/gcc-arm-none-eabi-6-2017-q2-update/bin/../lib/gcc/arm-none-eabi/6.3.1/../../../../arm-none-eabi/lib/thumb/v7-m/libc.a(lib_a-setvbuf.o)
                              obj/sram_dbg_console.o (setvbuf)
/home/admin1/arm_toolchain/gcc-arm-none-eabi-6-2017-q2-update/bin/../lib/gcc/arm-none-eabi/6.3.1/../../../../arm-none-eabi/lib/thumb/v7-m/libc.a(lib_a-vfiprintf.o)
                              /home/admin1/arm_toolchain/gcc-arm-none-eabi-6-2017-q2-update/bin/../lib/gcc/arm-none-eabi/6.3.1/../../../../arm-none-eabi/lib/thumb/v7-m/libc.a(lib_a-fiprintf.o) (_vfiprintf_r)
/home/admin1/arm_toolchain/gcc-arm-none-eabi-6-2017-q2-update/bin/../lib/gcc/arm-none-eabi/6.3.1/../../../../arm-none-eabi/lib/thumb/v7-m/libc.a(lib_a-wsetup.o)
                              /home/admin1/arm_toolchain/gcc-arm-none-eabi-6-2017-q2-update/bin/../lib/gcc/arm-none-eabi/6.3.1/../../../../arm-none-eabi/lib/thumb/v7-m/libc.a(lib_a-vfiprintf.o) (__swsetup_r)
/home/admin1/arm_toolchain/gcc-arm-none-eabi-6-2017-q2-update/bin/../lib/gcc/arm-none-eabi/6.3.1/../../../../arm-none-eabi/lib/thumb/v7-m/libc.a(lib_a-__call_atexit.o)
                              /home/admin1/arm_toolchain/gcc-arm-none-eabi-6-2017-q2-update/bin/../lib/gcc/arm-none-eabi/6.3.1/../../../../arm-none-eabi/lib/thumb/v7-m/libc.a(lib_a-exit.o) (__call_exitprocs)
/home/admin1/arm_toolchain/gcc-arm-none-eabi-6-2017-q2-update/bin/../lib/gcc/arm-none-eabi/6.3.1/../../../../arm-none-eabi/lib/thumb/v7-m/libc.a(lib_a-abort.o)
                              /home/admin1/arm_toolchain/gcc-arm-none-eabi-6-2017-q2-update/bin/../lib/gcc/arm-none-eabi/6.3.1/../../../../arm-none-eabi/lib/thumb/v7-m/libc.a(lib_a-assert.o) (abort)
/home/admin1/arm_toolchain/gcc-arm-none-eabi-6-2017-q2-update/bin/../lib/gcc/arm-none-eabi/6.3.1/../../../../arm-none-eabi/lib/thumb/v7-m/libc.a(lib_a-atexit.o)
                              /home/admin1/arm_toolchain/gcc-arm-none-eabi-6-2017-q2-update/bin/../lib/gcc/arm-none-eabi/6.3.1/../../../../arm-none-eabi/lib/thumb/v7-m/libc.a(lib_a-__call_atexit.o) (atexit)
/home/admin1/arm_toolchain/gcc-arm-none-eabi-6-2017-q2-update/bin/../lib/gcc/arm-none-eabi/6.3.1/../../../../arm-none-eabi/lib/thumb/v7-m/libc.a(lib_a-fflush.o)
                              /home/admin1/arm_toolchain/gcc-arm-none-eabi-6-2017-q2-update/bin/../lib/gcc/arm-none-eabi/6.3.1/../../../../arm-none-eabi/lib/thumb/v7-m/libc.a(lib_a-setvbuf.o) (_fflush_r)
[...]
Memory Configuration

Name             Origin             Length             Attributes
rom              0x0000000000400000 0x0000000000200000 xr
ram              0x0000000020400000 0x0000000000060000 xrw
sdram            0x0000000070000000 0x0000000000200000 xrw
*default*        0x0000000000000000 0xffffffffffffffff

Linker script and memory map

LOAD /home/admin1/arm_toolchain/gcc-arm-none-eabi-6-2017-q2-update/bin/../lib/gcc/arm-none-eabi/6.3.1/thumb/v7-m/crti.o
LOAD /home/admin1/arm_toolchain/gcc-arm-none-eabi-6-2017-q2-update/bin/../lib/gcc/arm-none-eabi/6.3.1/thumb/v7-m/crtbegin.o
LOAD /home/admin1/arm_toolchain/gcc-arm-none-eabi-6-2017-q2-update/bin/../lib/gcc/arm-none-eabi/6.3.1/../../../../arm-none-eabi/lib/thumb/v7-m/crt0.o
LOAD obj/sram_board_lowlevel.o
LOAD obj/sram_board_memories.o
LOAD obj/sram_dbg_console.o
LOAD obj/sram_syscalls.o
LOAD obj/sram_led.o
LOAD obj/sram_system_samv71.o
LOAD obj/sram_trace.o
LOAD obj/sram_exceptions.o
LOAD obj/sram_mpu.o
LOAD obj/sram_pio.o
LOAD obj/sram_pio_it.o
LOAD obj/sram_pmc.o
LOAD obj/sram_startup_samv71.o
LOAD obj/sram_supc.o
LOAD obj/sram_tc.o
LOAD obj/sram_timetick.o
LOAD obj/sram_uart.o
LOAD obj/sram_xdma_hardware_interface.o
LOAD obj/sram_xdmac.o
LOAD obj/sram_xdmad.o
LOAD obj/sram_wdt.o
LOAD obj/sram_main.o
START GROUP
LOAD /home/admin1/arm_toolchain/gcc-arm-none-eabi-6-2017-q2-update/bin/../lib/gcc/arm-none-eabi/6.3.1/thumb/v7-m/libgcc.a
LOAD /home/admin1/arm_toolchain/gcc-arm-none-eabi-6-2017-q2-update/bin/../lib/gcc/arm-none-eabi/6.3.1/../../../../arm-none-eabi/lib/thumb/v7-m/libc.a
END GROUP
START GROUP
LOAD /home/admin1/arm_toolchain/gcc-arm-none-eabi-6-2017-q2-update/bin/../lib/gcc/arm-none-eabi/6.3.1/thumb/v7-m/libgcc.a
LOAD /home/admin1/arm_toolchain/gcc-arm-none-eabi-6-2017-q2-update/bin/../lib/gcc/arm-none-eabi/6.3.1/../../../../arm-none-eabi/lib/thumb/v7-m/libc.a
END GROUP
LOAD /home/admin1/arm_toolchain/gcc-arm-none-eabi-6-2017-q2-update/bin/../lib/gcc/arm-none-eabi/6.3.1/thumb/v7-m/crtend.o
LOAD /home/admin1/arm_toolchain/gcc-arm-none-eabi-6-2017-q2-update/bin/../lib/gcc/arm-none-eabi/6.3.1/thumb/v7-m/crtn.o
                0x0000000000002000                STACK_SIZE = DEFINED (STACK_SIZE)?STACK_SIZE:0x2000
                0x0000000000001000                HEAP_SIZE = DEFINED (HEAP_SIZE)?HEAP_SIZE:0x1000

.text           0x0000000020400000     0x4fa0
                0x0000000020400000                . = ALIGN (0x4)
                0x0000000020400000                _sfixed = .
 *(.vectors .vectors.*)
 .vectors       0x0000000020400000      0x140 obj/sram_startup_samv71.o
                0x0000000020400000                exception_table
 *(.text .text.* .gnu.linkonce.t.*)
 .text          0x0000000020400140       0x6c /home/admin1/arm_toolchain/gcc-arm-none-eabi-6-2017-q2-update/bin/../lib/gcc/arm-none-eabi/6.3.1/thumb/v7-m/crtbegin.o
 .text._SetupMemoryRegion
                0x00000000204001ac      0x18c obj/sram_board_lowlevel.o
                0x00000000204001ac                _SetupMemoryRegion
 .text.LowLevelInit
                0x0000000020400338       0x10 obj/sram_board_lowlevel.o
                0x0000000020400338                LowLevelInit
 .text.DBG_Configure
                0x0000000020400348       0xb0 obj/sram_dbg_console.o
                0x0000000020400348                DBG_Configure
 .text.DBG_PutChar
                0x00000000204003f8       0x58 obj/sram_dbg_console.o
                0x00000000204003f8                DBG_PutChar
 .text.DBG_GetChar
                0x0000000020400450       0x44 obj/sram_dbg_console.o
                0x0000000020400450                DBG_GetChar
 .text.DBG_IsRxReady
                0x0000000020400494       0x38 obj/sram_dbg_console.o
                0x0000000020400494                DBG_IsRxReady
 .text._sbrk    0x00000000204004cc       0x3c obj/sram_syscalls.o
                0x00000000204004cc                _sbrk
 .text._close   0x0000000020400508       0x16 obj/sram_syscalls.o
                0x0000000020400508                _close
 .text._fstat   0x000000002040051e       0x1e obj/sram_syscalls.o
                0x000000002040051e                _fstat
 .text._isatty  0x000000002040053c       0x14 obj/sram_syscalls.o
                0x000000002040053c                _isatty
 .text._lseek   0x0000000020400550       0x18 obj/sram_syscalls.o
                0x0000000020400550                _lseek
 .text._read    0x0000000020400568       0x18 obj/sram_syscalls.o
                0x0000000020400568                _read
 .text._write   0x0000000020400580       0x3a obj/sram_syscalls.o
                0x0000000020400580                _write
 *fill*         0x00000000204005ba        0x2 
 .text._exit    0x00000000204005bc       0x18 obj/sram_syscalls.o
                0x00000000204005bc                _exit
 .text._kill    0x00000000204005d4       0x14 obj/sram_syscalls.o
                0x00000000204005d4                _kill
 .text._getpid  0x00000000204005e8       0x10 obj/sram_syscalls.o
                0x00000000204005e8                _getpid
 .text.LED_Configure
                0x00000000204005f8       0x38 obj/sram_led.o
                0x00000000204005f8                LED_Configure
 .text.LED_Set  0x0000000020400630       0x64 obj/sram_led.o
                0x0000000020400630                LED_Set
 .text.LED_Clear
                0x0000000020400694       0x64 obj/sram_led.o
                0x0000000020400694                LED_Clear
 .text.LED_Toggle
                0x00000000204006f8       0x68 obj/sram_led.o
                0x00000000204006f8                LED_Toggle
 .text.SystemInit
                0x0000000020400760      0x11c obj/sram_system_samv71.o
                0x0000000020400760                SystemInit
 .text.NMI_Handler
                0x000000002040087c       0x10 obj/sram_exceptions.o
                0x000000002040087c                NMI_Handler
 .text.StackUnwind
                0x000000002040088c       0x1a obj/sram_exceptions.o
 *fill*         0x00000000204008a6        0x2 
 .text.HardFault_reason
                0x00000000204008a8       0x80 obj/sram_exceptions.o
 .text.HardFault_Handler
                0x0000000020400928       0x28 obj/sram_exceptions.o
                0x0000000020400928                HardFault_Handler
 .text.MemManage_Handler
                0x0000000020400950       0x24 obj/sram_exceptions.o
                0x0000000020400950                MemManage_Handler
 .text.BusFault_Handler
                0x0000000020400974       0x28 obj/sram_exceptions.o
                0x0000000020400974                BusFault_Handler
 .text.UsageFault_Handler
                0x000000002040099c       0x24 obj/sram_exceptions.o
                0x000000002040099c                UsageFault_Handler
 .text.MPU_Enable
                0x00000000204009c0       0x1c obj/sram_mpu.o
                0x00000000204009c0                MPU_Enable
 .text.MPU_SetRegion
                0x00000000204009dc       0x24 obj/sram_mpu.o
                0x00000000204009dc                MPU_SetRegion
 .text.MPU_CalMPURegionSize
                0x0000000020400a00       0x3e obj/sram_mpu.o
                0x0000000020400a00                MPU_CalMPURegionSize
 .text.PIO_SetPeripheralA
                0x0000000020400a3e       0x68 obj/sram_pio.o
 .text.PIO_SetPeripheralB
                0x0000000020400aa6       0x60 obj/sram_pio.o
 .text.PIO_SetPeripheralC
                0x0000000020400b06       0x60 obj/sram_pio.o
 .text.PIO_SetPeripheralD
                0x0000000020400b66       0x58 obj/sram_pio.o
 .text.PIO_SetInput
                0x0000000020400bbe       0x80 obj/sram_pio.o
 .text.PIO_SetOutput
                0x0000000020400c3e       0x6e obj/sram_pio.o
 .text.PIO_Configure
                0x0000000020400cac      0x148 obj/sram_pio.o
                0x0000000020400cac                PIO_Configure
 .text.PIO_Set  0x0000000020400df4       0x1c obj/sram_pio.o
                0x0000000020400df4                PIO_Set
 .text.PIO_Clear
                0x0000000020400e10       0x1c obj/sram_pio.o
                0x0000000020400e10                PIO_Clear
 .text.PIO_GetOutputDataStatus
                0x0000000020400e2c       0x28 obj/sram_pio.o
                0x0000000020400e2c                PIO_GetOutputDataStatus
 .text.PioInterruptHandler
                0x0000000020400e54       0xb0 obj/sram_pio_it.o
                0x0000000020400e54                PioInterruptHandler
 .text.PIOA_Handler
                0x0000000020400f04       0x14 obj/sram_pio_it.o
                0x0000000020400f04                PIOA_Handler
 .text.PIOB_Handler
                0x0000000020400f18       0x14 obj/sram_pio_it.o
                0x0000000020400f18                PIOB_Handler
 .text.PIOC_Handler
                0x0000000020400f2c       0x14 obj/sram_pio_it.o
                0x0000000020400f2c                PIOC_Handler
 .text.PIOD_Handler
                0x0000000020400f40       0x14 obj/sram_pio_it.o
                0x0000000020400f40                PIOD_Handler
 .text.PIOE_Handler
                0x0000000020400f54       0x14 obj/sram_pio_it.o
                0x0000000020400f54                PIOE_Handler
 .text.PMC_EnablePeripheral
                0x0000000020400f68       0x90 obj/sram_pmc.o
                0x0000000020400f68                PMC_EnablePeripheral
 .text.TCM_Disable
                0x0000000020400ff8       0x40 obj/sram_startup_samv71.o
 .text.Reset_Handler
                0x0000000020401038       0x9c obj/sram_startup_samv71.o
                0x0000000020401038                Reset_Handler
 .text.Dummy_Handler
                0x00000000204010d4       0x10 obj/sram_startup_samv71.o
                0x00000000204010d4                DACC_Handler
                0x00000000204010d4                DebugMon_Handler
                0x00000000204010d4                UART3_Handler
                0x00000000204010d4                UART2_Handler
                0x00000000204010d4                TRNG_Handler
                0x00000000204010d4                TC2_Handler
                0x00000000204010d4                AFEC1_Handler
                0x00000000204010d4                PendSV_Handler
                0x00000000204010d4                TC7_Handler
                0x00000000204010d4                QSPI_Handler
                0x00000000204010d4                ISI_Handler
                0x00000000204010d4                TC9_Handler
                0x00000000204010d4                RSWDT_Handler
                0x00000000204010d4                MCAN1_Handler
                0x00000000204010d4                USART0_Handler
                0x00000000204010d4                RTT_Handler
                0x00000000204010d4                USBHS_Handler
                0x00000000204010d4                CCF_Handler
                0x00000000204010d4                RTC_Handler
                0x00000000204010d4                TC6_Handler
                0x00000000204010d4                WDT_Handler
                0x00000000204010d4                TC4_Handler
                0x00000000204010d4                TC1_Handler
                0x00000000204010d4                HSMCI_Handler
                0x00000000204010d4                UART1_Handler
                0x00000000204010d4                TC3_Handler
                0x00000000204010d4                Dummy_Handler
                0x00000000204010d4                TWIHS1_Handler
                0x00000000204010d4                XDMAC_Handler
                0x00000000204010d4                UART4_Handler
                0x00000000204010d4                PWM1_Handler
                0x00000000204010d4                USART1_Handler
                0x00000000204010d4                PWM0_Handler
                0x00000000204010d4                AFEC0_Handler
                0x00000000204010d4                CCW_Handler
                0x00000000204010d4                TC11_Handler
                0x00000000204010d4                SSC_Handler
                0x00000000204010d4                ACC_Handler
                0x00000000204010d4                PMC_Handler
                0x00000000204010d4                GMAC_Handler
                0x00000000204010d4                SUPC_Handler
                0x00000000204010d4                SVC_Handler
                0x00000000204010d4                TC8_Handler
                0x00000000204010d4                GMACQ2_Handler
                0x00000000204010d4                EFC_Handler
                0x00000000204010d4                USART2_Handler
                0x00000000204010d4                SDRAMC_Handler
                0x00000000204010d4                SPI1_Handler
                0x00000000204010d4                MCAN0_Handler
                0x00000000204010d4                TC10_Handler
                0x00000000204010d4                TWIHS2_Handler
                0x00000000204010d4                MLB_Handler
                0x00000000204010d4                UART0_Handler
                0x00000000204010d4                GMACQ1_Handler
                0x00000000204010d4                MCAN1_Line1_Handler
                0x00000000204010d4                FPU_Handler
                0x00000000204010d4                RSTC_Handler
                0x00000000204010d4                MCAN0_Line1_Handler
                0x00000000204010d4                TC5_Handler
                0x00000000204010d4                AES_Handler
                0x00000000204010d4                ICM_Handler
                0x00000000204010d4                TWIHS0_Handler
                0x00000000204010d4                SPI0_Handler
 .text.TC_Configure
                0x00000000204010e4       0x54 obj/sram_tc.o
                0x00000000204010e4                TC_Configure
 .text.TC_Start
                0x0000000020401138       0x40 obj/sram_tc.o
                0x0000000020401138                TC_Start
 .text.TC_FindMckDivisor
                0x0000000020401178       0xb4 obj/sram_tc.o
                0x0000000020401178                TC_FindMckDivisor
 .text.NVIC_SetPriority
                0x000000002040122c       0x54 obj/sram_timetick.o
 .text.SysTick_Config
                0x0000000020401280       0x44 obj/sram_timetick.o
 .text.SysTick_Handler
                0x00000000204012c4       0x7c obj/sram_timetick.o
                0x00000000204012c4                SysTick_Handler
 .text.TimeTick_Configure
                0x0000000020401340       0xb0 obj/sram_timetick.o
                0x0000000020401340                TimeTick_Configure
 .text.GetDelayInTicks
                0x00000000204013f0       0x4c obj/sram_timetick.o
                0x00000000204013f0                GetDelayInTicks
 .text.Wait     0x000000002040143c       0x5c obj/sram_timetick.o
                0x000000002040143c                Wait
 .text.WDT_Disable
                0x0000000020401498       0x1a obj/sram_wdt.o
                0x0000000020401498                WDT_Disable
 *fill*         0x00000000204014b2        0x2 
 .text.NVIC_EnableIRQ
                0x00000000204014b4       0x30 obj/sram_main.o
 .text.NVIC_ClearPendingIRQ
                0x00000000204014e4       0x34 obj/sram_main.o
 .text.SCB_EnableICache
                0x0000000020401518       0x34 obj/sram_main.o
 .text.SCB_EnableDCache
                0x000000002040154c       0x80 obj/sram_main.o
 .text.ProcessButtonEvt
                0x00000000204015cc       0x90 obj/sram_main.o
 .text._DBGU_Handler
                0x000000002040165c       0x38 obj/sram_main.o
 .text._ConfigureLeds
                0x0000000020401694       0x26 obj/sram_main.o
 *fill*         0x00000000204016ba        0x2 
 .text.TC0_Handler
                0x00000000204016bc       0x3c obj/sram_main.o
                0x00000000204016bc                TC0_Handler
 .text._ConfigureTc
                0x00000000204016f8       0x78 obj/sram_main.o
 .text.main     0x0000000020401770       0xcc obj/sram_main.o
                0x0000000020401770                main
 .text.__assert_func
                0x000000002040183c       0x3c /home/admin1/arm_toolchain/gcc-arm-none-eabi-6-2017-q2-update/bin/../lib/gcc/arm-none-eabi/6.3.1/../../../../arm-none-eabi/lib/thumb/v7-m/libc.a(lib_a-assert.o)
                0x000000002040183c                __assert_func
 .text.fiprintf
                0x0000000020401878       0x28 /home/admin1/arm_toolchain/gcc-arm-none-eabi-6-2017-q2-update/bin/../lib/gcc/arm-none-eabi/6.3.1/../../../../arm-none-eabi/lib/thumb/v7-m/libc.a(lib_a-fiprintf.o)
                0x0000000020401878                fiprintf
 .text.__libc_init_array
                0x00000000204018a0       0x50 /home/admin1/arm_toolchain/gcc-arm-none-eabi-6-2017-q2-update/bin/../lib/gcc/arm-none-eabi/6.3.1/../../../../arm-none-eabi/lib/thumb/v7-m/libc.a(lib_a-init.o)
                0x00000000204018a0                __libc_init_array
 .text.iprintf  0x00000000204018f0       0x28 /home/admin1/arm_toolchain/gcc-arm-none-eabi-6-2017-q2-update/bin/../lib/gcc/arm-none-eabi/6.3.1/../../../../arm-none-eabi/lib/thumb/v7-m/libc.a(lib_a-iprintf.o)
                0x00000000204018f0                iprintf
 .text          0x0000000020401918       0xec /home/admin1/arm_toolchain/gcc-arm-none-eabi-6-2017-q2-update/bin/../lib/gcc/arm-none-eabi/6.3.1/../../../../arm-none-eabi/lib/thumb/v7-m/libc.a(lib_a-memcpy.o)
                0x0000000020401918                memcpy
 .text.memset   0x0000000020401a04       0x9c /home/admin1/arm_toolchain/gcc-arm-none-eabi-6-2017-q2-update/bin/../lib/gcc/arm-none-eabi/6.3.1/../../../../arm-none-eabi/lib/thumb/v7-m/libc.a(lib_a-memset.o)
                0x0000000020401a04                memset
 .text.setvbuf  0x0000000020401aa0      0x190 /home/admin1/arm_toolchain/gcc-arm-none-eabi-6-2017-q2-update/bin/../lib/gcc/arm-none-eabi/6.3.1/../../../../arm-none-eabi/lib/thumb/v7-m/libc.a(lib_a-setvbuf.o)
                0x0000000020401aa0                setvbuf
 .text.__sprint_r.part.0
                0x0000000020401c30       0x80 /home/admin1/arm_toolchain/gcc-arm-none-eabi-6-2017-q2-update/bin/../lib/gcc/arm-none-eabi/6.3.1/../../../../arm-none-eabi/lib/thumb/v7-m/libc.a(lib_a-vfiprintf.o)
 .text._vfiprintf_r
                0x0000000020401cb0      0xc88 /home/admin1/arm_toolchain/gcc-arm-none-eabi-6-2017-q2-update/bin/../lib/gcc/arm-none-eabi/6.3.1/../../../../arm-none-eabi/lib/thumb/v7-m/libc.a(lib_a-vfiprintf.o)
                0x0000000020401cb0                _vfiprintf_r
 .text.__sbprintf
                0x0000000020402938       0x88 /home/admin1/arm_toolchain/gcc-arm-none-eabi-6-2017-q2-update/bin/../lib/gcc/arm-none-eabi/6.3.1/../../../../arm-none-eabi/lib/thumb/v7-m/libc.a(lib_a-vfiprintf.o)
 .text.__swsetup_r
                0x00000000204029c0       0xc8 /home/admin1/arm_toolchain/gcc-arm-none-eabi-6-2017-q2-update/bin/../lib/gcc/arm-none-eabi/6.3.1/../../../../arm-none-eabi/lib/thumb/v7-m/libc.a(lib_a-wsetup.o)
                0x00000000204029c0                __swsetup_r
 .text.startup.register_fini
                0x0000000020402a88       0x14 /home/admin1/arm_toolchain/gcc-arm-none-eabi-6-2017-q2-update/bin/../lib/gcc/arm-none-eabi/6.3.1/../../../../arm-none-eabi/lib/thumb/v7-m/libc.a(lib_a-__call_atexit.o)
 .text.abort    0x0000000020402a9c       0x10 /home/admin1/arm_toolchain/gcc-arm-none-eabi-6-2017-q2-update/bin/../lib/gcc/arm-none-eabi/6.3.1/../../../../arm-none-eabi/lib/thumb/v7-m/libc.a(lib_a-abort.o)
                0x0000000020402a9c                abort
 .text.atexit   0x0000000020402aac        0xc /home/admin1/arm_toolchain/gcc-arm-none-eabi-6-2017-q2-update/bin/../lib/gcc/arm-none-eabi/6.3.1/../../../../arm-none-eabi/lib/thumb/v7-m/libc.a(lib_a-atexit.o)
                0x0000000020402aac                atexit
 .text.__sflush_r
                0x0000000020402ab8      0x138 /home/admin1/arm_toolchain/gcc-arm-none-eabi-6-2017-q2-update/bin/../lib/gcc/arm-none-eabi/6.3.1/../../../../arm-none-eabi/lib/thumb/v7-m/libc.a(lib_a-fflush.o)
                0x0000000020402ab8                __sflush_r
 .text._fflush_r
                0x0000000020402bf0       0x54 /home/admin1/arm_toolchain/gcc-arm-none-eabi-6-2017-q2-update/bin/../lib/gcc/arm-none-eabi/6.3.1/../../../../arm-none-eabi/lib/thumb/v7-m/libc.a(lib_a-fflush.o)
                0x0000000020402bf0                _fflush_r
 .text._cleanup_r
                0x0000000020402c44        0xc /home/admin1/arm_toolchain/gcc-arm-none-eabi-6-2017-q2-update/bin/../lib/gcc/arm-none-eabi/6.3.1/../../../../arm-none-eabi/lib/thumb/v7-m/libc.a(lib_a-findfp.o)
                0x0000000020402c44                _cleanup_r
 .text.std.isra.0
                0x0000000020402c50       0x50 /home/admin1/arm_toolchain/gcc-arm-none-eabi-6-2017-q2-update/bin/../lib/gcc/arm-none-eabi/6.3.1/../../../../arm-none-eabi/lib/thumb/v7-m/libc.a(lib_a-findfp.o)
 .text.__sinit  0x0000000020402ca0       0x60 /home/admin1/arm_toolchain/gcc-arm-none-eabi-6-2017-q2-update/bin/../lib/gcc/arm-none-eabi/6.3.1/../../../../arm-none-eabi/lib/thumb/v7-m/libc.a(lib_a-findfp.o)
                0x0000000020402ca0                __sinit
 .text.__sfp_lock_acquire
                0x0000000020402d00        0xc /home/admin1/arm_toolchain/gcc-arm-none-eabi-6-2017-q2-update/bin/../lib/gcc/arm-none-eabi/6.3.1/../../../../arm-none-eabi/lib/thumb/v7-m/libc.a(lib_a-findfp.o)
                0x0000000020402d00                __sfp_lock_acquire
 .text.__sfp_lock_release
                0x0000000020402d0c        0xc /home/admin1/arm_toolchain/gcc-arm-none-eabi-6-2017-q2-update/bin/../lib/gcc/arm-none-eabi/6.3.1/../../../../arm-none-eabi/lib/thumb/v7-m/libc.a(lib_a-findfp.o)
                0x0000000020402d0c                __sfp_lock_release
 .text.__libc_fini_array
                0x0000000020402d18       0x34 /home/admin1/arm_toolchain/gcc-arm-none-eabi-6-2017-q2-update/bin/../lib/gcc/arm-none-eabi/6.3.1/../../../../arm-none-eabi/lib/thumb/v7-m/libc.a(lib_a-fini.o)
                0x0000000020402d18                __libc_fini_array
 .text.__fputwc
                0x0000000020402d4c       0x98 /home/admin1/arm_toolchain/gcc-arm-none-eabi-6-2017-q2-update/bin/../lib/gcc/arm-none-eabi/6.3.1/../../../../arm-none-eabi/lib/thumb/v7-m/libc.a(lib_a-fputwc.o)
                0x0000000020402d4c                __fputwc
 .text._fputwc_r
                0x0000000020402de4       0x68 /home/admin1/arm_toolchain/gcc-arm-none-eabi-6-2017-q2-update/bin/../lib/gcc/arm-none-eabi/6.3.1/../../../../arm-none-eabi/lib/thumb/v7-m/libc.a(lib_a-fputwc.o)
                0x0000000020402de4                _fputwc_r
 .text._malloc_trim_r
                0x0000000020402e4c       0xa0 /home/admin1/arm_toolchain/gcc-arm-none-eabi-6-2017-q2-update/bin/../lib/gcc/arm-none-eabi/6.3.1/../../../../arm-none-eabi/lib/thumb/v7-m/libc.a(lib_a-freer.o)
                0x0000000020402e4c                _malloc_trim_r
 .text._free_r  0x0000000020402eec      0x1cc /home/admin1/arm_toolchain/gcc-arm-none-eabi-6-2017-q2-update/bin/../lib/gcc/arm-none-eabi/6.3.1/../../../../arm-none-eabi/lib/thumb/v7-m/libc.a(lib_a-freer.o)
                0x0000000020402eec                _free_r
 .text.__sfvwrite_r
                0x00000000204030b8      0x2f4 /home/admin1/arm_toolchain/gcc-arm-none-eabi-6-2017-q2-update/bin/../lib/gcc/arm-none-eabi/6.3.1/../../../../arm-none-eabi/lib/thumb/v7-m/libc.a(lib_a-fvwrite.o)
                0x00000000204030b8                __sfvwrite_r
 .text._fwalk_reent
                0x00000000204033ac       0x50 /home/admin1/arm_toolchain/gcc-arm-none-eabi-6-2017-q2-update/bin/../lib/gcc/arm-none-eabi/6.3.1/../../../../arm-none-eabi/lib/thumb/v7-m/libc.a(lib_a-fwalk.o)
                0x00000000204033ac                _fwalk_reent
 .text.__locale_mb_cur_max
                0x00000000204033fc       0x1c /home/admin1/arm_toolchain/gcc-arm-none-eabi-6-2017-q2-update/bin/../lib/gcc/arm-none-eabi/6.3.1/../../../../arm-none-eabi/lib/thumb/v7-m/libc.a(lib_a-locale.o)
                0x00000000204033fc                __locale_mb_cur_max
 .text.__retarget_lock_init_recursive
                0x0000000020403418        0x4 /home/admin1/arm_toolchain/gcc-arm-none-eabi-6-2017-q2-update/bin/../lib/gcc/arm-none-eabi/6.3.1/../../../../arm-none-eabi/lib/thumb/v7-m/libc.a(lib_a-lock.o)
                0x0000000020403418                __retarget_lock_init_recursive
 .text.__retarget_lock_close_recursive
                0x000000002040341c        0x4 /home/admin1/arm_toolchain/gcc-arm-none-eabi-6-2017-q2-update/bin/../lib/gcc/arm-none-eabi/6.3.1/../../../../arm-none-eabi/lib/thumb/v7-m/libc.a(lib_a-lock.o)
                0x000000002040341c                __retarget_lock_close_recursive
 .text.__retarget_lock_acquire_recursive
                0x0000000020403420        0x4 /home/admin1/arm_toolchain/gcc-arm-none-eabi-6-2017-q2-update/bin/../lib/gcc/arm-none-eabi/6.3.1/../../../../arm-none-eabi/lib/thumb/v7-m/libc.a(lib_a-lock.o)
                0x0000000020403420                __retarget_lock_acquire_recursive
 .text.__retarget_lock_release_recursive
                0x0000000020403424        0x4 /home/admin1/arm_toolchain/gcc-arm-none-eabi-6-2017-q2-update/bin/../lib/gcc/arm-none-eabi/6.3.1/../../../../arm-none-eabi/lib/thumb/v7-m/libc.a(lib_a-lock.o)
                0x0000000020403424                __retarget_lock_release_recursive
 .text.__swhatbuf_r
                0x0000000020403428       0x5c /home/admin1/arm_toolchain/gcc-arm-none-eabi-6-2017-q2-update/bin/../lib/gcc/arm-none-eabi/6.3.1/../../../../arm-none-eabi/lib/thumb/v7-m/libc.a(lib_a-makebuf.o)
                0x0000000020403428                __swhatbuf_r
 .text.__smakebuf_r
                0x0000000020403484       0x94 /home/admin1/arm_toolchain/gcc-arm-none-eabi-6-2017-q2-update/bin/../lib/gcc/arm-none-eabi/6.3.1/../../../../arm-none-eabi/lib/thumb/v7-m/libc.a(lib_a-makebuf.o)
                0x0000000020403484                __smakebuf_r
 .text.malloc   0x0000000020403518       0x10 /home/admin1/arm_toolchain/gcc-arm-none-eabi-6-2017-q2-update/bin/../lib/gcc/arm-none-eabi/6.3.1/../../../../arm-none-eabi/lib/thumb/v7-m/libc.a(lib_a-malloc.o)
                0x0000000020403518                malloc
 .text._malloc_r
                0x0000000020403528      0x544 /home/admin1/arm_toolchain/gcc-arm-none-eabi-6-2017-q2-update/bin/../lib/gcc/arm-none-eabi/6.3.1/../../../../arm-none-eabi/lib/thumb/v7-m/libc.a(lib_a-mallocr.o)
                0x0000000020403528                _malloc_r
 .text.__ascii_mbtowc
                0x0000000020403a6c       0x2c /home/admin1/arm_toolchain/gcc-arm-none-eabi-6-2017-q2-update/bin/../lib/gcc/arm-none-eabi/6.3.1/../../../../arm-none-eabi/lib/thumb/v7-m/libc.a(lib_a-mbtowc_r.o)
                0x0000000020403a6c                __ascii_mbtowc
 .text.memchr   0x0000000020403a98       0x8c /home/admin1/arm_toolchain/gcc-arm-none-eabi-6-2017-q2-update/bin/../lib/gcc/arm-none-eabi/6.3.1/../../../../arm-none-eabi/lib/thumb/v7-m/libc.a(lib_a-memchr-stub.o)
                0x0000000020403a98                memchr
 .text.memmove  0x0000000020403b24       0xc8 /home/admin1/arm_toolchain/gcc-arm-none-eabi-6-2017-q2-update/bin/../lib/gcc/arm-none-eabi/6.3.1/../../../../arm-none-eabi/lib/thumb/v7-m/libc.a(lib_a-memmove.o)
                0x0000000020403b24                memmove
 .text.__malloc_lock
                0x0000000020403bec        0xc /home/admin1/arm_toolchain/gcc-arm-none-eabi-6-2017-q2-update/bin/../lib/gcc/arm-none-eabi/6.3.1/../../../../arm-none-eabi/lib/thumb/v7-m/libc.a(lib_a-mlock.o)
                0x0000000020403bec                __malloc_lock
 .text.__malloc_unlock
                0x0000000020403bf8        0xc /home/admin1/arm_toolchain/gcc-arm-none-eabi-6-2017-q2-update/bin/../lib/gcc/arm-none-eabi/6.3.1/../../../../arm-none-eabi/lib/thumb/v7-m/libc.a(lib_a-mlock.o)
                0x0000000020403bf8                __malloc_unlock
 .text._realloc_r
                0x0000000020403c04      0x36c /home/admin1/arm_toolchain/gcc-arm-none-eabi-6-2017-q2-update/bin/../lib/gcc/arm-none-eabi/6.3.1/../../../../arm-none-eabi/lib/thumb/v7-m/libc.a(lib_a-reallocr.o)
                0x0000000020403c04                _realloc_r
 .text._sbrk_r  0x0000000020403f70       0x24 /home/admin1/arm_toolchain/gcc-arm-none-eabi-6-2017-q2-update/bin/../lib/gcc/arm-none-eabi/6.3.1/../../../../arm-none-eabi/lib/thumb/v7-m/libc.a(lib_a-sbrkr.o)
                0x0000000020403f70                _sbrk_r
 .text._raise_r
                0x0000000020403f94       0x60 /home/admin1/arm_toolchain/gcc-arm-none-eabi-6-2017-q2-update/bin/../lib/gcc/arm-none-eabi/6.3.1/../../../../arm-none-eabi/lib/thumb/v7-m/libc.a(lib_a-signal.o)
                0x0000000020403f94                _raise_r
 .text.raise    0x0000000020403ff4       0x10 /home/admin1/arm_toolchain/gcc-arm-none-eabi-6-2017-q2-update/bin/../lib/gcc/arm-none-eabi/6.3.1/../../../../arm-none-eabi/lib/thumb/v7-m/libc.a(lib_a-signal.o)
                0x0000000020403ff4                raise
 .text._kill_r  0x0000000020404004       0x28 /home/admin1/arm_toolchain/gcc-arm-none-eabi-6-2017-q2-update/bin/../lib/gcc/arm-none-eabi/6.3.1/../../../../arm-none-eabi/lib/thumb/v7-m/libc.a(lib_a-signalr.o)
                0x0000000020404004                _kill_r
 .text._getpid_r
                0x000000002040402c        0x4 /home/admin1/arm_toolchain/gcc-arm-none-eabi-6-2017-q2-update/bin/../lib/gcc/arm-none-eabi/6.3.1/../../../../arm-none-eabi/lib/thumb/v7-m/libc.a(lib_a-signalr.o)
                0x000000002040402c                _getpid_r
 .text.__sread  0x0000000020404030       0x24 /home/admin1/arm_toolchain/gcc-arm-none-eabi-6-2017-q2-update/bin/../lib/gcc/arm-none-eabi/6.3.1/../../../../arm-none-eabi/lib/thumb/v7-m/libc.a(lib_a-stdio.o)
                0x0000000020404030                __sread
 .text.__swrite
                0x0000000020404054       0x3c /home/admin1/arm_toolchain/gcc-arm-none-eabi-6-2017-q2-update/bin/../lib/gcc/arm-none-eabi/6.3.1/../../../../arm-none-eabi/lib/thumb/v7-m/libc.a(lib_a-stdio.o)
                0x0000000020404054                __swrite
 .text.__sseek  0x0000000020404090       0x20 /home/admin1/arm_toolchain/gcc-arm-none-eabi-6-2017-q2-update/bin/../lib/gcc/arm-none-eabi/6.3.1/../../../../arm-none-eabi/lib/thumb/v7-m/libc.a(lib_a-stdio.o)
                0x0000000020404090                __sseek
 .text.__sclose
                0x00000000204040b0        0x8 /home/admin1/arm_toolchain/gcc-arm-none-eabi-6-2017-q2-update/bin/../lib/gcc/arm-none-eabi/6.3.1/../../../../arm-none-eabi/lib/thumb/v7-m/libc.a(lib_a-stdio.o)
                0x00000000204040b0                __sclose
 .text.strlen   0x00000000204040b8       0x5c /home/admin1/arm_toolchain/gcc-arm-none-eabi-6-2017-q2-update/bin/../lib/gcc/arm-none-eabi/6.3.1/../../../../arm-none-eabi/lib/thumb/v7-m/libc.a(lib_a-strlen-stub.o)
                0x00000000204040b8                strlen
 .text.__swbuf_r
                0x0000000020404114       0xb0 /home/admin1/arm_toolchain/gcc-arm-none-eabi-6-2017-q2-update/bin/../lib/gcc/arm-none-eabi/6.3.1/../../../../arm-none-eabi/lib/thumb/v7-m/libc.a(lib_a-wbuf.o)
                0x0000000020404114                __swbuf_r
 .text._wcrtomb_r
                0x00000000204041c4       0x54 /home/admin1/arm_toolchain/gcc-arm-none-eabi-6-2017-q2-update/bin/../lib/gcc/arm-none-eabi/6.3.1/../../../../arm-none-eabi/lib/thumb/v7-m/libc.a(lib_a-wcrtomb.o)
                0x00000000204041c4                _wcrtomb_r
 .text.__ascii_wctomb
                0x0000000020404218       0x18 /home/admin1/arm_toolchain/gcc-arm-none-eabi-6-2017-q2-update/bin/../lib/gcc/arm-none-eabi/6.3.1/../../../../arm-none-eabi/lib/thumb/v7-m/libc.a(lib_a-wctomb_r.o)
                0x0000000020404218                __ascii_wctomb
 .text._write_r
                0x0000000020404230       0x2c /home/admin1/arm_toolchain/gcc-arm-none-eabi-6-2017-q2-update/bin/../lib/gcc/arm-none-eabi/6.3.1/../../../../arm-none-eabi/lib/thumb/v7-m/libc.a(lib_a-writer.o)
                0x0000000020404230                _write_r
 .text.__register_exitproc
                0x000000002040425c       0xc4 /home/admin1/arm_toolchain/gcc-arm-none-eabi-6-2017-q2-update/bin/../lib/gcc/arm-none-eabi/6.3.1/../../../../arm-none-eabi/lib/thumb/v7-m/libc.a(lib_a-__atexit.o)
                0x000000002040425c                __register_exitproc
 .text._close_r
                0x0000000020404320       0x24 /home/admin1/arm_toolchain/gcc-arm-none-eabi-6-2017-q2-update/bin/../lib/gcc/arm-none-eabi/6.3.1/../../../../arm-none-eabi/lib/thumb/v7-m/libc.a(lib_a-closer.o)
                0x0000000020404320                _close_r
 .text._fclose_r
                0x0000000020404344       0xc4 /home/admin1/arm_toolchain/gcc-arm-none-eabi-6-2017-q2-update/bin/../lib/gcc/arm-none-eabi/6.3.1/../../../../arm-none-eabi/lib/thumb/v7-m/libc.a(lib_a-fclose.o)
                0x0000000020404344                _fclose_r
 .text._fstat_r
                0x0000000020404408       0x28 /home/admin1/arm_toolchain/gcc-arm-none-eabi-6-2017-q2-update/bin/../lib/gcc/arm-none-eabi/6.3.1/../../../../arm-none-eabi/lib/thumb/v7-m/libc.a(lib_a-fstatr.o)
                0x0000000020404408                _fstat_r
 .text._isatty_r
                0x0000000020404430       0x24 /home/admin1/arm_toolchain/gcc-arm-none-eabi-6-2017-q2-update/bin/../lib/gcc/arm-none-eabi/6.3.1/../../../../arm-none-eabi/lib/thumb/v7-m/libc.a(lib_a-isattyr.o)
                0x0000000020404430                _isatty_r
 .text._lseek_r
                0x0000000020404454       0x2c /home/admin1/arm_toolchain/gcc-arm-none-eabi-6-2017-q2-update/bin/../lib/gcc/arm-none-eabi/6.3.1/../../../../arm-none-eabi/lib/thumb/v7-m/libc.a(lib_a-lseekr.o)
                0x0000000020404454                _lseek_r
 .text._read_r  0x0000000020404480       0x2c /home/admin1/arm_toolchain/gcc-arm-none-eabi-6-2017-q2-update/bin/../lib/gcc/arm-none-eabi/6.3.1/../../../../arm-none-eabi/lib/thumb/v7-m/libc.a(lib_a-readr.o)
                0x0000000020404480                _read_r
 .text          0x00000000204044ac       0x30 /home/admin1/arm_toolchain/gcc-arm-none-eabi-6-2017-q2-update/bin/../lib/gcc/arm-none-eabi/6.3.1/thumb/v7-m/libgcc.a(_aeabi_uldivmod.o)
                0x00000000204044ac                __aeabi_uldivmod
 .text          0x00000000204044dc      0x2dc /home/admin1/arm_toolchain/gcc-arm-none-eabi-6-2017-q2-update/bin/../lib/gcc/arm-none-eabi/6.3.1/thumb/v7-m/libgcc.a(_udivmoddi4.o)
                0x00000000204044dc                __udivmoddi4
 .text          0x00000000204047b8        0x4 /home/admin1/arm_toolchain/gcc-arm-none-eabi-6-2017-q2-update/bin/../lib/gcc/arm-none-eabi/6.3.1/thumb/v7-m/libgcc.a(_dvmd_tls.o)
                0x00000000204047b8                __aeabi_ldiv0
                0x00000000204047b8                __aeabi_idiv0
 *(.glue_7t)
 .glue_7t       0x00000000204047bc        0x0 linker stubs
 *(.glue_7)
 .glue_7        0x00000000204047bc        0x0 linker stubs
 *(.rodata .rodata* .gnu.linkonce.r.*)
 .rodata        0x00000000204047bc       0xfb obj/sram_dbg_console.o
 *fill*         0x00000000204048b7        0x1 
 .rodata        0x00000000204048b8       0x19 obj/sram_syscalls.o
 *fill*         0x00000000204048d1        0x3 
 .rodata        0x00000000204048d4       0x1c obj/sram_led.o
 .rodata        0x00000000204048f0       0xaa obj/sram_exceptions.o
 *fill*         0x000000002040499a        0x2 
 .rodata        0x000000002040499c       0xd6 obj/sram_pio_it.o
 *fill*         0x0000000020404a72        0x2 
 .rodata        0x0000000020404a74       0x94 obj/sram_pmc.o
 .rodata        0x0000000020404b08       0x1b obj/sram_startup_samv71.o
 *fill*         0x0000000020404b23        0x1 
 .rodata        0x0000000020404b24       0xa8 obj/sram_tc.o
 .rodata        0x0000000020404bcc       0xc6 obj/sram_timetick.o
 *fill*         0x0000000020404c92        0x2 
 .rodata        0x0000000020404c94      0x13f obj/sram_main.o
 *fill*         0x0000000020404dd3        0x1 
 .rodata.__assert_func.str1.4
                0x0000000020404dd4       0x3f /home/admin1/arm_toolchain/gcc-arm-none-eabi-6-2017-q2-update/bin/../lib/gcc/arm-none-eabi/6.3.1/../../../../arm-none-eabi/lib/thumb/v7-m/libc.a(lib_a-assert.o)
                                         0x43 (size before relaxing)
 *fill*         0x0000000020404e13        0x1 
 .rodata._global_impure_ptr
                0x0000000020404e14        0x4 /home/admin1/arm_toolchain/gcc-arm-none-eabi-6-2017-q2-update/bin/../lib/gcc/arm-none-eabi/6.3.1/../../../../arm-none-eabi/lib/thumb/v7-m/libc.a(lib_a-impure.o)
                0x0000000020404e14                _global_impure_ptr
 .rodata._vfiprintf_r.str1.4
                0x0000000020404e18       0x2f /home/admin1/arm_toolchain/gcc-arm-none-eabi-6-2017-q2-update/bin/../lib/gcc/arm-none-eabi/6.3.1/../../../../arm-none-eabi/lib/thumb/v7-m/libc.a(lib_a-vfiprintf.o)
 *fill*         0x0000000020404e47        0x1 
 .rodata.blanks.7217
                0x0000000020404e48       0x10 /home/admin1/arm_toolchain/gcc-arm-none-eabi-6-2017-q2-update/bin/../lib/gcc/arm-none-eabi/6.3.1/../../../../arm-none-eabi/lib/thumb/v7-m/libc.a(lib_a-vfiprintf.o)
 .rodata.zeroes.7218
                0x0000000020404e58       0x10 /home/admin1/arm_toolchain/gcc-arm-none-eabi-6-2017-q2-update/bin/../lib/gcc/arm-none-eabi/6.3.1/../../../../arm-none-eabi/lib/thumb/v7-m/libc.a(lib_a-vfiprintf.o)
 .rodata._setlocale_r.str1.4
                0x0000000020404e68        0xa /home/admin1/arm_toolchain/gcc-arm-none-eabi-6-2017-q2-update/bin/../lib/gcc/arm-none-eabi/6.3.1/../../../../arm-none-eabi/lib/thumb/v7-m/libc.a(lib_a-locale.o)
                                          0xd (size before relaxing)
 *fill*         0x0000000020404e72        0x2 
 .rodata.str1.4
                0x0000000020404e74        0x4 /home/admin1/arm_toolchain/gcc-arm-none-eabi-6-2017-q2-update/bin/../lib/gcc/arm-none-eabi/6.3.1/../../../../arm-none-eabi/lib/thumb/v7-m/libc.a(lib_a-locale.o)
                                          0x2 (size before relaxing)
 .rodata._ctype_
                0x0000000020404e78      0x101 /home/admin1/arm_toolchain/gcc-arm-none-eabi-6-2017-q2-update/bin/../lib/gcc/arm-none-eabi/6.3.1/../../../../arm-none-eabi/lib/thumb/v7-m/libc.a(lib_a-ctype_.o)
                0x0000000020404e78                _ctype_
 *(.ARM.extab* .gnu.linkonce.armextab.*)
                0x0000000020404f7c                . = ALIGN (0x4)
 *fill*         0x0000000020404f79        0x3 
 *(.init)
 .init          0x0000000020404f7c        0x4 /home/admin1/arm_toolchain/gcc-arm-none-eabi-6-2017-q2-update/bin/../lib/gcc/arm-none-eabi/6.3.1/thumb/v7-m/crti.o
                0x0000000020404f7c                _init
 .init          0x0000000020404f80        0x8 /home/admin1/arm_toolchain/gcc-arm-none-eabi-6-2017-q2-update/bin/../lib/gcc/arm-none-eabi/6.3.1/thumb/v7-m/crtn.o
                0x0000000020404f88                . = ALIGN (0x4)
                0x0000000020404f88                __preinit_array_start = .
 *(.preinit_array)
                0x0000000020404f88                __preinit_array_end = .
                0x0000000020404f88                . = ALIGN (0x4)
                0x0000000020404f88                __init_array_start = .
 *(SORT(.init_array.*))
 .init_array.00000
                0x0000000020404f88        0x4 /home/admin1/arm_toolchain/gcc-arm-none-eabi-6-2017-q2-update/bin/../lib/gcc/arm-none-eabi/6.3.1/../../../../arm-none-eabi/lib/thumb/v7-m/libc.a(lib_a-__call_atexit.o)
 *(.init_array)
 .init_array    0x0000000020404f8c        0x4 /home/admin1/arm_toolchain/gcc-arm-none-eabi-6-2017-q2-update/bin/../lib/gcc/arm-none-eabi/6.3.1/thumb/v7-m/crtbegin.o
                0x0000000020404f90                __init_array_end = .
                0x0000000020404f90                . = ALIGN (0x4)
 *crtbegin.o(.ctors)
 *(EXCLUDE_FILE(*crtend.o) .ctors)
 *(SORT(.ctors.*))
 *crtend.o(.ctors)
                0x0000000020404f90                . = ALIGN (0x4)
 *(.fini)
 .fini          0x0000000020404f90        0x4 /home/admin1/arm_toolchain/gcc-arm-none-eabi-6-2017-q2-update/bin/../lib/gcc/arm-none-eabi/6.3.1/thumb/v7-m/crti.o
                0x0000000020404f90                _fini
 .fini          0x0000000020404f94        0x8 /home/admin1/arm_toolchain/gcc-arm-none-eabi-6-2017-q2-update/bin/../lib/gcc/arm-none-eabi/6.3.1/thumb/v7-m/crtn.o
                0x0000000020404f9c                . = ALIGN (0x4)
                0x0000000020404f9c                __fini_array_start = .
 *(.fini_array)
 .fini_array    0x0000000020404f9c        0x4 /home/admin1/arm_toolchain/gcc-arm-none-eabi-6-2017-q2-update/bin/../lib/gcc/arm-none-eabi/6.3.1/thumb/v7-m/crtbegin.o
 *(SORT(.fini_array.*))
                0x0000000020404fa0                __fini_array_end = .
 *crtbegin.o(.dtors)
 *(EXCLUDE_FILE(*crtend.o) .dtors)
 *(SORT(.dtors.*))
 *crtend.o(.dtors)
                0x0000000020404fa0                . = ALIGN (0x4)
                0x0000000020404fa0                _efixed = .

.vfp11_veneer   0x0000000020404fa0        0x0
 .vfp11_veneer  0x0000000020404fa0        0x0 linker stubs

.v4_bx          0x0000000020404fa0        0x0
 .v4_bx         0x0000000020404fa0        0x0 linker stubs

.iplt           0x0000000020404fa0        0x0
 .iplt          0x0000000020404fa0        0x0 /home/admin1/arm_toolchain/gcc-arm-none-eabi-6-2017-q2-update/bin/../lib/gcc/arm-none-eabi/6.3.1/thumb/v7-m/crtbegin.o

.rel.dyn        0x0000000020404fa0        0x0
 .rel.iplt      0x0000000020404fa0        0x0 /home/admin1/arm_toolchain/gcc-arm-none-eabi-6-2017-q2-update/bin/../lib/gcc/arm-none-eabi/6.3.1/thumb/v7-m/crtbegin.o
                0x0000000020404fa0                . = ALIGN (0x20)
                0x0000000020404fa0                _etext = .

.relocate       0x0000000020404fa0      0x9b8
                0x0000000020404fa0                . = ALIGN (0x8)
                0x0000000020404fa0                _srelocate = .
 *(.ramfunc .ramfunc.*)
 *(.data .data.*)
 .data          0x0000000020404fa0        0x4 obj/sram_system_samv71.o
                0x0000000020404fa0                SystemCoreClock
 .data          0x0000000020404fa4        0x2 obj/sram_main.o
                0x0000000020404fa4                bLed0Active
                0x0000000020404fa5                bLed1Active
 *fill*         0x0000000020404fa6        0x2 
 .data._impure_ptr
                0x0000000020404fa8        0x4 /home/admin1/arm_toolchain/gcc-arm-none-eabi-6-2017-q2-update/bin/../lib/gcc/arm-none-eabi/6.3.1/../../../../arm-none-eabi/lib/thumb/v7-m/libc.a(lib_a-impure.o)
                0x0000000020404fa8                _impure_ptr
 *fill*         0x0000000020404fac        0x4 
 .data.impure_data
                0x0000000020404fb0      0x428 /home/admin1/arm_toolchain/gcc-arm-none-eabi-6-2017-q2-update/bin/../lib/gcc/arm-none-eabi/6.3.1/../../../../arm-none-eabi/lib/thumb/v7-m/libc.a(lib_a-impure.o)
 .data.__atexit_recursive_mutex
                0x00000000204053d8        0x4 /home/admin1/arm_toolchain/gcc-arm-none-eabi-6-2017-q2-update/bin/../lib/gcc/arm-none-eabi/6.3.1/../../../../arm-none-eabi/lib/thumb/v7-m/libc.a(lib_a-__call_atexit.o)
                0x00000000204053d8                __atexit_recursive_mutex
 .data.__global_locale
                0x00000000204053dc      0x16c /home/admin1/arm_toolchain/gcc-arm-none-eabi-6-2017-q2-update/bin/../lib/gcc/arm-none-eabi/6.3.1/../../../../arm-none-eabi/lib/thumb/v7-m/libc.a(lib_a-locale.o)
                0x00000000204053dc                __global_locale
 .data.__malloc_av_
                0x0000000020405548      0x408 /home/admin1/arm_toolchain/gcc-arm-none-eabi-6-2017-q2-update/bin/../lib/gcc/arm-none-eabi/6.3.1/../../../../arm-none-eabi/lib/thumb/v7-m/libc.a(lib_a-mallocr.o)
                0x0000000020405548                __malloc_av_
 .data.__malloc_sbrk_base
                0x0000000020405950        0x4 /home/admin1/arm_toolchain/gcc-arm-none-eabi-6-2017-q2-update/bin/../lib/gcc/arm-none-eabi/6.3.1/../../../../arm-none-eabi/lib/thumb/v7-m/libc.a(lib_a-mallocr.o)
                0x0000000020405950                __malloc_sbrk_base
 .data.__malloc_trim_threshold
                0x0000000020405954        0x4 /home/admin1/arm_toolchain/gcc-arm-none-eabi-6-2017-q2-update/bin/../lib/gcc/arm-none-eabi/6.3.1/../../../../arm-none-eabi/lib/thumb/v7-m/libc.a(lib_a-mallocr.o)
                0x0000000020405954                __malloc_trim_threshold
                0x0000000020405958                . = ALIGN (0x4)
                0x0000000020405958                _erelocate = .

.bss            0x0000000020405958       0xf8
                0x0000000020405958                . = ALIGN (0x4)
                0x0000000020405958                _sbss = .
                0x0000000020405958                _szero = .
 *(.bss .bss.*)
 .bss           0x0000000020405958       0x1c /home/admin1/arm_toolchain/gcc-arm-none-eabi-6-2017-q2-update/bin/../lib/gcc/arm-none-eabi/6.3.1/thumb/v7-m/crtbegin.o
 .bss           0x0000000020405974        0x6 obj/sram_dbg_console.o
 *fill*         0x000000002040597a        0x2 
 .bss           0x000000002040597c        0xc obj/sram_syscalls.o
 .bss           0x0000000020405988       0x44 obj/sram_pio_it.o
 .bss           0x00000000204059cc       0x18 obj/sram_timetick.o
 .bss.__malloc_current_mallinfo
                0x00000000204059e4       0x28 /home/admin1/arm_toolchain/gcc-arm-none-eabi-6-2017-q2-update/bin/../lib/gcc/arm-none-eabi/6.3.1/../../../../arm-none-eabi/lib/thumb/v7-m/libc.a(lib_a-mallocr.o)
                0x00000000204059e4                __malloc_current_mallinfo
 .bss.__malloc_max_sbrked_mem
                0x0000000020405a0c        0x4 /home/admin1/arm_toolchain/gcc-arm-none-eabi-6-2017-q2-update/bin/../lib/gcc/arm-none-eabi/6.3.1/../../../../arm-none-eabi/lib/thumb/v7-m/libc.a(lib_a-mallocr.o)
                0x0000000020405a0c                __malloc_max_sbrked_mem
 .bss.__malloc_max_total_mem
                0x0000000020405a10        0x4 /home/admin1/arm_toolchain/gcc-arm-none-eabi-6-2017-q2-update/bin/../lib/gcc/arm-none-eabi/6.3.1/../../../../arm-none-eabi/lib/thumb/v7-m/libc.a(lib_a-mallocr.o)
                0x0000000020405a10                __malloc_max_total_mem
 .bss.__malloc_top_pad
                0x0000000020405a14        0x4 /home/admin1/arm_toolchain/gcc-arm-none-eabi-6-2017-q2-update/bin/../lib/gcc/arm-none-eabi/6.3.1/../../../../arm-none-eabi/lib/thumb/v7-m/libc.a(lib_a-mallocr.o)
                0x0000000020405a14                __malloc_top_pad
 *(COMMON)
 COMMON         0x0000000020405a18       0x10 obj/sram_timetick.o
                0x0000000020405a18                DelayTimer
 COMMON         0x0000000020405a28       0x21 /home/admin1/arm_toolchain/gcc-arm-none-eabi-6-2017-q2-update/bin/../lib/gcc/arm-none-eabi/6.3.1/../../../../arm-none-eabi/lib/thumb/v7-m/libc.a(lib_a-lock.o)
                0x0000000020405a28                __lock___atexit_recursive_mutex
                0x0000000020405a2c                __lock___arc4random_mutex
                0x0000000020405a30                __lock___env_recursive_mutex
                0x0000000020405a34                __lock___sinit_recursive_mutex
                0x0000000020405a38                __lock___malloc_recursive_mutex
                0x0000000020405a3c                __lock___at_quick_exit_mutex
                0x0000000020405a40                __lock___dd_hash_mutex
                0x0000000020405a44                __lock___tz_mutex
                0x0000000020405a48                __lock___sfp_recursive_mutex
 *fill*         0x0000000020405a49        0x3 
 COMMON         0x0000000020405a4c        0x4 /home/admin1/arm_toolchain/gcc-arm-none-eabi-6-2017-q2-update/bin/../lib/gcc/arm-none-eabi/6.3.1/../../../../arm-none-eabi/lib/thumb/v7-m/libc.a(lib_a-reent.o)
                0x0000000020405a4c                errno
                0x0000000020405a50                . = ALIGN (0x4)
                0x0000000020405a50                _ebss = .
                0x0000000020405a50                _ezero = .

.stack          0x0000000020405a50     0x2000
                0x0000000020405a50                . = ALIGN (0x8)
                0x0000000020405a50                _sstack = .
                0x0000000020407a50                . = (. + STACK_SIZE)
 *fill*         0x0000000020405a50     0x2000 
                0x0000000020407a50                . = ALIGN (0x8)
                0x0000000020407a50                _estack = .

.heap           0x0000000020407a50     0x1000
                0x0000000020407a50                . = ALIGN (0x8)
                0x0000000020407a50                _sheap = .
                0x0000000020408a50                . = (. + HEAP_SIZE)
 *fill*         0x0000000020407a50     0x1000 
                0x0000000020408a50                . = ALIGN (0x8)
                0x0000000020408a50                _eheap = .
                [!provide]                        PROVIDE (__exidx_start, .)

.ARM.exidx      0x0000000020408a50        0x8
 *(.ARM.exidx* .gnu.linkonce.armexidx.*)
 .ARM.exidx     0x0000000020408a50        0x8 /home/admin1/arm_toolchain/gcc-arm-none-eabi-6-2017-q2-update/bin/../lib/gcc/arm-none-eabi/6.3.1/thumb/v7-m/libgcc.a(_udivmoddi4.o)
                [!provide]                        PROVIDE (__exidx_end, .)

.eh_frame       0x0000000020408a58        0x0
 .eh_frame      0x0000000020408a58        0x0 /home/admin1/arm_toolchain/gcc-arm-none-eabi-6-2017-q2-update/bin/../lib/gcc/arm-none-eabi/6.3.1/thumb/v7-m/crtbegin.o

.jcr            0x0000000020408a58        0x0
 .jcr           0x0000000020408a58        0x0 /home/admin1/arm_toolchain/gcc-arm-none-eabi-6-2017-q2-update/bin/../lib/gcc/arm-none-eabi/6.3.1/thumb/v7-m/crtbegin.o

.igot.plt       0x0000000020408a58        0x0
 .igot.plt      0x0000000020408a58        0x0 /home/admin1/arm_toolchain/gcc-arm-none-eabi-6-2017-q2-update/bin/../lib/gcc/arm-none-eabi/6.3.1/thumb/v7-m/crtbegin.o
                0x0000000020408a58                . = ALIGN (0x4)
                0x0000000020408a58                _end = .
                0x000000002045ffff                _ram_end_ = ((ORIGIN (ram) + LENGTH (ram)) - 0x1)
                0x0000000020408a58                _sdram_lma = .

sdram_region
 *(sdram_region)
OUTPUT(bin/getting-started-sram.elf elf32-littlearm)

.ARM.attributes
                0x0000000000000000       0x29
 .ARM.attributes
                0x0000000000000000       0x1d /home/admin1/arm_toolchain/gcc-arm-none-eabi-6-2017-q2-update/bin/../lib/gcc/arm-none-eabi/6.3.1/thumb/v7-m/crti.o
 .ARM.attributes
                0x000000000000001d       0x2d /home/admin1/arm_toolchain/gcc-arm-none-eabi-6-2017-q2-update/bin/../lib/gcc/arm-none-eabi/6.3.1/thumb/v7-m/crtbegin.o
 .ARM.attributes
                0x000000000000004a       0x2d obj/sram_board_lowlevel.o
 .ARM.attributes
                0x0000000000000077       0x2d obj/sram_dbg_console.o
 .ARM.attributes
                0x00000000000000a4       0x2d obj/sram_syscalls.o
 .ARM.attributes
                0x00000000000000d1       0x2d obj/sram_led.o
 .ARM.attributes
                0x00000000000000fe       0x2d obj/sram_system_samv71.o
 .ARM.attributes
                0x000000000000012b       0x2d obj/sram_exceptions.o
 .ARM.attributes
                0x0000000000000158       0x2d obj/sram_mpu.o
 .ARM.attributes
                0x0000000000000185       0x2d obj/sram_pio.o
 .ARM.attributes
                0x00000000000001b2       0x2d obj/sram_pio_it.o
 .ARM.attributes
                0x00000000000001df       0x2d obj/sram_pmc.o
 .ARM.attributes
                0x000000000000020c       0x2d obj/sram_startup_samv71.o
 .ARM.attributes
                0x0000000000000239       0x2d obj/sram_tc.o
 .ARM.attributes
                0x0000000000000266       0x2d obj/sram_timetick.o
 .ARM.attributes
                0x0000000000000293       0x2d obj/sram_wdt.o
 .ARM.attributes
                0x00000000000002c0       0x2d obj/sram_main.o
 .ARM.attributes
                0x00000000000002ed       0x2d /home/admin1/arm_toolchain/gcc-arm-none-eabi-6-2017-q2-update/bin/../lib/gcc/arm-none-eabi/6.3.1/../../../../arm-none-eabi/lib/thumb/v7-m/libc.a(lib_a-assert.o)
 .ARM.attributes
                0x000000000000031a       0x2d /home/admin1/arm_toolchain/gcc-arm-none-eabi-6-2017-q2-update/bin/../lib/gcc/arm-none-eabi/6.3.1/../../../../arm-none-eabi/lib/thumb/v7-m/libc.a(lib_a-fiprintf.o)
 .ARM.attributes
                0x0000000000000347       0x2d /home/admin1/arm_toolchain/gcc-arm-none-eabi-6-2017-q2-update/bin/../lib/gcc/arm-none-eabi/6.3.1/../../../../arm-none-eabi/lib/thumb/v7-m/libc.a(lib_a-impure.o)
 .ARM.attributes
                0x0000000000000374       0x2d /home/admin1/arm_toolchain/gcc-arm-none-eabi-6-2017-q2-update/bin/../lib/gcc/arm-none-eabi/6.3.1/../../../../arm-none-eabi/lib/thumb/v7-m/libc.a(lib_a-init.o)
 .ARM.attributes
                0x00000000000003a1       0x2d /home/admin1/arm_toolchain/gcc-arm-none-eabi-6-2017-q2-update/bin/../lib/gcc/arm-none-eabi/6.3.1/../../../../arm-none-eabi/lib/thumb/v7-m/libc.a(lib_a-iprintf.o)
 .ARM.attributes
                0x00000000000003ce       0x1b /home/admin1/arm_toolchain/gcc-arm-none-eabi-6-2017-q2-update/bin/../lib/gcc/arm-none-eabi/6.3.1/../../../../arm-none-eabi/lib/thumb/v7-m/libc.a(lib_a-memcpy.o)
 .ARM.attributes
                0x00000000000003e9       0x2d /home/admin1/arm_toolchain/gcc-arm-none-eabi-6-2017-q2-update/bin/../lib/gcc/arm-none-eabi/6.3.1/../../../../arm-none-eabi/lib/thumb/v7-m/libc.a(lib_a-memset.o)
 .ARM.attributes
                0x0000000000000416       0x2d /home/admin1/arm_toolchain/gcc-arm-none-eabi-6-2017-q2-update/bin/../lib/gcc/arm-none-eabi/6.3.1/../../../../arm-none-eabi/lib/thumb/v7-m/libc.a(lib_a-setvbuf.o)
 .ARM.attributes
                0x0000000000000443       0x2d /home/admin1/arm_toolchain/gcc-arm-none-eabi-6-2017-q2-update/bin/../lib/gcc/arm-none-eabi/6.3.1/../../../../arm-none-eabi/lib/thumb/v7-m/libc.a(lib_a-vfiprintf.o)
 .ARM.attributes
                0x0000000000000470       0x2d /home/admin1/arm_toolchain/gcc-arm-none-eabi-6-2017-q2-update/bin/../lib/gcc/arm-none-eabi/6.3.1/../../../../arm-none-eabi/lib/thumb/v7-m/libc.a(lib_a-wsetup.o)
 .ARM.attributes
                0x000000000000049d       0x2d /home/admin1/arm_toolchain/gcc-arm-none-eabi-6-2017-q2-update/bin/../lib/gcc/arm-none-eabi/6.3.1/../../../../arm-none-eabi/lib/thumb/v7-m/libc.a(lib_a-__call_atexit.o)
 .ARM.attributes
                0x00000000000004ca       0x2d /home/admin1/arm_toolchain/gcc-arm-none-eabi-6-2017-q2-update/bin/../lib/gcc/arm-none-eabi/6.3.1/../../../../arm-none-eabi/lib/thumb/v7-m/libc.a(lib_a-abort.o)
 .ARM.attributes
                0x00000000000004f7       0x2d /home/admin1/arm_toolchain/gcc-arm-none-eabi-6-2017-q2-update/bin/../lib/gcc/arm-none-eabi/6.3.1/../../../../arm-none-eabi/lib/thumb/v7-m/libc.a(lib_a-atexit.o)
 .ARM.attributes
                0x0000000000000524       0x2d /home/admin1/arm_toolchain/gcc-arm-none-eabi-6-2017-q2-update/bin/../lib/gcc/arm-none-eabi/6.3.1/../../../../arm-none-eabi/lib/thumb/v7-m/libc.a(lib_a-fflush.o)
 .ARM.attributes
                0x0000000000000551       0x2d /home/admin1/arm_toolchain/gcc-arm-none-eabi-6-2017-q2-update/bin/../lib/gcc/arm-none-eabi/6.3.1/../../../../arm-none-eabi/lib/thumb/v7-m/libc.a(lib_a-findfp.o)
 .ARM.attributes
                0x000000000000057e       0x2d /home/admin1/arm_toolchain/gcc-arm-none-eabi-6-2017-q2-update/bin/../lib/gcc/arm-none-eabi/6.3.1/../../../../arm-none-eabi/lib/thumb/v7-m/libc.a(lib_a-fini.o)
 .ARM.attributes
                0x00000000000005ab       0x2d /home/admin1/arm_toolchain/gcc-arm-none-eabi-6-2017-q2-update/bin/../lib/gcc/arm-none-eabi/6.3.1/../../../../arm-none-eabi/lib/thumb/v7-m/libc.a(lib_a-fputwc.o)
 .ARM.attributes
                0x00000000000005d8       0x2d /home/admin1/arm_toolchain/gcc-arm-none-eabi-6-2017-q2-update/bin/../lib/gcc/arm-none-eabi/6.3.1/../../../../arm-none-eabi/lib/thumb/v7-m/libc.a(lib_a-freer.o)
 .ARM.attributes
                0x0000000000000605       0x2d /home/admin1/arm_toolchain/gcc-arm-none-eabi-6-2017-q2-update/bin/../lib/gcc/arm-none-eabi/6.3.1/../../../../arm-none-eabi/lib/thumb/v7-m/libc.a(lib_a-fvwrite.o)
 .ARM.attributes
                0x0000000000000632       0x2d /home/admin1/arm_toolchain/gcc-arm-none-eabi-6-2017-q2-update/bin/../lib/gcc/arm-none-eabi/6.3.1/../../../../arm-none-eabi/lib/thumb/v7-m/libc.a(lib_a-fwalk.o)
 .ARM.attributes
                0x000000000000065f       0x2d /home/admin1/arm_toolchain/gcc-arm-none-eabi-6-2017-q2-update/bin/../lib/gcc/arm-none-eabi/6.3.1/../../../../arm-none-eabi/lib/thumb/v7-m/libc.a(lib_a-locale.o)
 .ARM.attributes
                0x000000000000068c       0x2d /home/admin1/arm_toolchain/gcc-arm-none-eabi-6-2017-q2-update/bin/../lib/gcc/arm-none-eabi/6.3.1/../../../../arm-none-eabi/lib/thumb/v7-m/libc.a(lib_a-lock.o)
 .ARM.attributes
                0x00000000000006b9       0x2d /home/admin1/arm_toolchain/gcc-arm-none-eabi-6-2017-q2-update/bin/../lib/gcc/arm-none-eabi/6.3.1/../../../../arm-none-eabi/lib/thumb/v7-m/libc.a(lib_a-makebuf.o)
 .ARM.attributes
                0x00000000000006e6       0x2d /home/admin1/arm_toolchain/gcc-arm-none-eabi-6-2017-q2-update/bin/../lib/gcc/arm-none-eabi/6.3.1/../../../../arm-none-eabi/lib/thumb/v7-m/libc.a(lib_a-malloc.o)
 .ARM.attributes
                0x0000000000000713       0x2d /home/admin1/arm_toolchain/gcc-arm-none-eabi-6-2017-q2-update/bin/../lib/gcc/arm-none-eabi/6.3.1/../../../../arm-none-eabi/lib/thumb/v7-m/libc.a(lib_a-mallocr.o)
 .ARM.attributes
                0x0000000000000740       0x2d /home/admin1/arm_toolchain/gcc-arm-none-eabi-6-2017-q2-update/bin/../lib/gcc/arm-none-eabi/6.3.1/../../../../arm-none-eabi/lib/thumb/v7-m/libc.a(lib_a-mbtowc_r.o)
 .ARM.attributes
                0x000000000000076d       0x2d /home/admin1/arm_toolchain/gcc-arm-none-eabi-6-2017-q2-update/bin/../lib/gcc/arm-none-eabi/6.3.1/../../../../arm-none-eabi/lib/thumb/v7-m/libc.a(lib_a-memchr-stub.o)
 .ARM.attributes
                0x000000000000079a       0x2d /home/admin1/arm_toolchain/gcc-arm-none-eabi-6-2017-q2-update/bin/../lib/gcc/arm-none-eabi/6.3.1/../../../../arm-none-eabi/lib/thumb/v7-m/libc.a(lib_a-memmove.o)
 .ARM.attributes
                0x00000000000007c7       0x2d /home/admin1/arm_toolchain/gcc-arm-none-eabi-6-2017-q2-update/bin/../lib/gcc/arm-none-eabi/6.3.1/../../../../arm-none-eabi/lib/thumb/v7-m/libc.a(lib_a-mlock.o)
 .ARM.attributes
                0x00000000000007f4       0x2d /home/admin1/arm_toolchain/gcc-arm-none-eabi-6-2017-q2-update/bin/../lib/gcc/arm-none-eabi/6.3.1/../../../../arm-none-eabi/lib/thumb/v7-m/libc.a(lib_a-reallocr.o)
 .ARM.attributes
                0x0000000000000821       0x2d /home/admin1/arm_toolchain/gcc-arm-none-eabi-6-2017-q2-update/bin/../lib/gcc/arm-none-eabi/6.3.1/../../../../arm-none-eabi/lib/thumb/v7-m/libc.a(lib_a-sbrkr.o)
 .ARM.attributes
                0x000000000000084e       0x2d /home/admin1/arm_toolchain/gcc-arm-none-eabi-6-2017-q2-update/bin/../lib/gcc/arm-none-eabi/6.3.1/../../../../arm-none-eabi/lib/thumb/v7-m/libc.a(lib_a-signal.o)
 .ARM.attributes
                0x000000000000087b       0x2d /home/admin1/arm_toolchain/gcc-arm-none-eabi-6-2017-q2-update/bin/../lib/gcc/arm-none-eabi/6.3.1/../../../../arm-none-eabi/lib/thumb/v7-m/libc.a(lib_a-signalr.o)
 .ARM.attributes
                0x00000000000008a8       0x2d /home/admin1/arm_toolchain/gcc-arm-none-eabi-6-2017-q2-update/bin/../lib/gcc/arm-none-eabi/6.3.1/../../../../arm-none-eabi/lib/thumb/v7-m/libc.a(lib_a-stdio.o)
 .ARM.attributes
                0x00000000000008d5       0x2d /home/admin1/arm_toolchain/gcc-arm-none-eabi-6-2017-q2-update/bin/../lib/gcc/arm-none-eabi/6.3.1/../../../../arm-none-eabi/lib/thumb/v7-m/libc.a(lib_a-strlen-stub.o)
 .ARM.attributes
                0x0000000000000902       0x2d /home/admin1/arm_toolchain/gcc-arm-none-eabi-6-2017-q2-update/bin/../lib/gcc/arm-none-eabi/6.3.1/../../../../arm-none-eabi/lib/thumb/v7-m/libc.a(lib_a-wbuf.o)
 .ARM.attributes
                0x000000000000092f       0x2d /home/admin1/arm_toolchain/gcc-arm-none-eabi-6-2017-q2-update/bin/../lib/gcc/arm-none-eabi/6.3.1/../../../../arm-none-eabi/lib/thumb/v7-m/libc.a(lib_a-wcrtomb.o)
 .ARM.attributes
                0x000000000000095c       0x2d /home/admin1/arm_toolchain/gcc-arm-none-eabi-6-2017-q2-update/bin/../lib/gcc/arm-none-eabi/6.3.1/../../../../arm-none-eabi/lib/thumb/v7-m/libc.a(lib_a-wctomb_r.o)
 .ARM.attributes
                0x0000000000000989       0x2d /home/admin1/arm_toolchain/gcc-arm-none-eabi-6-2017-q2-update/bin/../lib/gcc/arm-none-eabi/6.3.1/../../../../arm-none-eabi/lib/thumb/v7-m/libc.a(lib_a-writer.o)
 .ARM.attributes
                0x00000000000009b6       0x2d /home/admin1/arm_toolchain/gcc-arm-none-eabi-6-2017-q2-update/bin/../lib/gcc/arm-none-eabi/6.3.1/../../../../arm-none-eabi/lib/thumb/v7-m/libc.a(lib_a-__atexit.o)
 .ARM.attributes
                0x00000000000009e3       0x2d /home/admin1/arm_toolchain/gcc-arm-none-eabi-6-2017-q2-update/bin/../lib/gcc/arm-none-eabi/6.3.1/../../../../arm-none-eabi/lib/thumb/v7-m/libc.a(lib_a-closer.o)
 .ARM.attributes
                0x0000000000000a10       0x2d /home/admin1/arm_toolchain/gcc-arm-none-eabi-6-2017-q2-update/bin/../lib/gcc/arm-none-eabi/6.3.1/../../../../arm-none-eabi/lib/thumb/v7-m/libc.a(lib_a-ctype_.o)
 .ARM.attributes
                0x0000000000000a3d       0x2d /home/admin1/arm_toolchain/gcc-arm-none-eabi-6-2017-q2-update/bin/../lib/gcc/arm-none-eabi/6.3.1/../../../../arm-none-eabi/lib/thumb/v7-m/libc.a(lib_a-fclose.o)
 .ARM.attributes
                0x0000000000000a6a       0x2d /home/admin1/arm_toolchain/gcc-arm-none-eabi-6-2017-q2-update/bin/../lib/gcc/arm-none-eabi/6.3.1/../../../../arm-none-eabi/lib/thumb/v7-m/libc.a(lib_a-fstatr.o)
 .ARM.attributes
                0x0000000000000a97       0x2d /home/admin1/arm_toolchain/gcc-arm-none-eabi-6-2017-q2-update/bin/../lib/gcc/arm-none-eabi/6.3.1/../../../../arm-none-eabi/lib/thumb/v7-m/libc.a(lib_a-isattyr.o)
 .ARM.attributes
                0x0000000000000ac4       0x2d /home/admin1/arm_toolchain/gcc-arm-none-eabi-6-2017-q2-update/bin/../lib/gcc/arm-none-eabi/6.3.1/../../../../arm-none-eabi/lib/thumb/v7-m/libc.a(lib_a-lseekr.o)
 .ARM.attributes
                0x0000000000000af1       0x2d /home/admin1/arm_toolchain/gcc-arm-none-eabi-6-2017-q2-update/bin/../lib/gcc/arm-none-eabi/6.3.1/../../../../arm-none-eabi/lib/thumb/v7-m/libc.a(lib_a-readr.o)
 .ARM.attributes
                0x0000000000000b1e       0x2d /home/admin1/arm_toolchain/gcc-arm-none-eabi-6-2017-q2-update/bin/../lib/gcc/arm-none-eabi/6.3.1/../../../../arm-none-eabi/lib/thumb/v7-m/libc.a(lib_a-reent.o)
 .ARM.attributes
                0x0000000000000b4b       0x1d /home/admin1/arm_toolchain/gcc-arm-none-eabi-6-2017-q2-update/bin/../lib/gcc/arm-none-eabi/6.3.1/thumb/v7-m/libgcc.a(_aeabi_uldivmod.o)
 .ARM.attributes
                0x0000000000000b68       0x2d /home/admin1/arm_toolchain/gcc-arm-none-eabi-6-2017-q2-update/bin/../lib/gcc/arm-none-eabi/6.3.1/thumb/v7-m/libgcc.a(_udivmoddi4.o)
 .ARM.attributes
                0x0000000000000b95       0x1d /home/admin1/arm_toolchain/gcc-arm-none-eabi-6-2017-q2-update/bin/../lib/gcc/arm-none-eabi/6.3.1/thumb/v7-m/libgcc.a(_dvmd_tls.o)
 .ARM.attributes
                0x0000000000000bb2       0x1d /home/admin1/arm_toolchain/gcc-arm-none-eabi-6-2017-q2-update/bin/../lib/gcc/arm-none-eabi/6.3.1/thumb/v7-m/crtn.o

.comment        0x0000000000000000       0x7f
 .comment       0x0000000000000000       0x7f obj/sram_board_lowlevel.o
                                         0x80 (size before relaxing)
 .comment       0x000000000000007f       0x80 obj/sram_dbg_console.o
 .comment       0x000000000000007f       0x80 obj/sram_syscalls.o
 .comment       0x000000000000007f       0x80 obj/sram_led.o
 .comment       0x000000000000007f       0x80 obj/sram_system_samv71.o
 .comment       0x000000000000007f       0x80 obj/sram_exceptions.o
 .comment       0x000000000000007f       0x80 obj/sram_mpu.o
 .comment       0x000000000000007f       0x80 obj/sram_pio.o
 .comment       0x000000000000007f       0x80 obj/sram_pio_it.o
 .comment       0x000000000000007f       0x80 obj/sram_pmc.o
 .comment       0x000000000000007f       0x80 obj/sram_startup_samv71.o
 .comment       0x000000000000007f       0x80 obj/sram_tc.o
 .comment       0x000000000000007f       0x80 obj/sram_timetick.o
 .comment       0x000000000000007f       0x80 obj/sram_wdt.o
 .comment       0x000000000000007f       0x80 obj/sram_main.o

.debug_info     0x0000000000000000    0x122db
 .debug_info    0x0000000000000000     0x11fd obj/sram_board_lowlevel.o
 .debug_info    0x00000000000011fd     0x1966 obj/sram_dbg_console.o
 .debug_info    0x0000000000002b63     0x1287 obj/sram_syscalls.o
 .debug_info    0x0000000000003dea     0x134e obj/sram_led.o
 .debug_info    0x0000000000005138      0x54a obj/sram_system_samv71.o
 .debug_info    0x0000000000005682     0x123b obj/sram_exceptions.o
 .debug_info    0x00000000000068bd      0xfc1 obj/sram_mpu.o
 .debug_info    0x000000000000787e     0x15c5 obj/sram_pio.o
 .debug_info    0x0000000000008e43     0x1b16 obj/sram_pio_it.o
 .debug_info    0x000000000000a959     0x1403 obj/sram_pmc.o
 .debug_info    0x000000000000bd5c     0x1225 obj/sram_startup_samv71.o
 .debug_info    0x000000000000cf81     0x11bd obj/sram_tc.o
 .debug_info    0x000000000000e13e     0x1a94 obj/sram_timetick.o
 .debug_info    0x000000000000fbd2      0xe95 obj/sram_wdt.o
 .debug_info    0x0000000000010a67     0x1874 obj/sram_main.o

.debug_abbrev   0x0000000000000000     0x2435
 .debug_abbrev  0x0000000000000000      0x234 obj/sram_board_lowlevel.o
 .debug_abbrev  0x0000000000000234      0x28a obj/sram_dbg_console.o
 .debug_abbrev  0x00000000000004be      0x27a obj/sram_syscalls.o
 .debug_abbrev  0x0000000000000738      0x218 obj/sram_led.o
 .debug_abbrev  0x0000000000000950      0x14b obj/sram_system_samv71.o
 .debug_abbrev  0x0000000000000a9b      0x252 obj/sram_exceptions.o
 .debug_abbrev  0x0000000000000ced      0x267 obj/sram_mpu.o
 .debug_abbrev  0x0000000000000f54      0x299 obj/sram_pio.o
 .debug_abbrev  0x00000000000011ed      0x2f7 obj/sram_pio_it.o
 .debug_abbrev  0x00000000000014e4      0x2c1 obj/sram_pmc.o
 .debug_abbrev  0x00000000000017a5      0x247 obj/sram_startup_samv71.o
 .debug_abbrev  0x00000000000019ec      0x234 obj/sram_tc.o
 .debug_abbrev  0x0000000000001c20      0x2f5 obj/sram_timetick.o
 .debug_abbrev  0x0000000000001f15      0x20f obj/sram_wdt.o
 .debug_abbrev  0x0000000000002124      0x311 obj/sram_main.o

.debug_aranges  0x0000000000000000      0x578
 .debug_aranges
                0x0000000000000000       0x28 obj/sram_board_lowlevel.o
 .debug_aranges
                0x0000000000000028       0x70 obj/sram_dbg_console.o
 .debug_aranges
                0x0000000000000098       0x70 obj/sram_syscalls.o
 .debug_aranges
                0x0000000000000108       0x38 obj/sram_led.o
 .debug_aranges
                0x0000000000000140       0x40 obj/sram_system_samv71.o
 .debug_aranges
                0x0000000000000180       0x50 obj/sram_exceptions.o
 .debug_aranges
                0x00000000000001d0       0x48 obj/sram_mpu.o
 .debug_aranges
                0x0000000000000218       0x98 obj/sram_pio.o
 .debug_aranges
                0x00000000000002b0       0x88 obj/sram_pio_it.o
 .debug_aranges
                0x0000000000000338       0xd0 obj/sram_pmc.o
 .debug_aranges
                0x0000000000000408       0x30 obj/sram_startup_samv71.o
 .debug_aranges
                0x0000000000000438       0x38 obj/sram_tc.o
 .debug_aranges
                0x0000000000000470       0x60 obj/sram_timetick.o
 .debug_aranges
                0x00000000000004d0       0x40 obj/sram_wdt.o
 .debug_aranges
                0x0000000000000510       0x68 obj/sram_main.o

.debug_ranges   0x0000000000000000      0x488
 .debug_ranges  0x0000000000000000       0x18 obj/sram_board_lowlevel.o
 .debug_ranges  0x0000000000000018       0x60 obj/sram_dbg_console.o
 .debug_ranges  0x0000000000000078       0x60 obj/sram_syscalls.o
 .debug_ranges  0x00000000000000d8       0x28 obj/sram_led.o
 .debug_ranges  0x0000000000000100       0x30 obj/sram_system_samv71.o
 .debug_ranges  0x0000000000000130       0x40 obj/sram_exceptions.o
 .debug_ranges  0x0000000000000170       0x38 obj/sram_mpu.o
 .debug_ranges  0x00000000000001a8       0x88 obj/sram_pio.o
 .debug_ranges  0x0000000000000230       0x78 obj/sram_pio_it.o
 .debug_ranges  0x00000000000002a8       0xc0 obj/sram_pmc.o
 .debug_ranges  0x0000000000000368       0x20 obj/sram_startup_samv71.o
 .debug_ranges  0x0000000000000388       0x28 obj/sram_tc.o
 .debug_ranges  0x00000000000003b0       0x50 obj/sram_timetick.o
 .debug_ranges  0x0000000000000400       0x30 obj/sram_wdt.o
 .debug_ranges  0x0000000000000430       0x58 obj/sram_main.o

.debug_line     0x0000000000000000     0x4388
 .debug_line    0x0000000000000000      0x420 obj/sram_board_lowlevel.o
 .debug_line    0x0000000000000420      0x623 obj/sram_dbg_console.o
 .debug_line    0x0000000000000a43      0x4a5 obj/sram_syscalls.o
 .debug_line    0x0000000000000ee8      0x405 obj/sram_led.o
 .debug_line    0x00000000000012ed      0x343 obj/sram_system_samv71.o
 .debug_line    0x0000000000001630      0x434 obj/sram_exceptions.o
 .debug_line    0x0000000000001a64      0x3ea obj/sram_mpu.o
 .debug_line    0x0000000000001e4e      0x4f0 obj/sram_pio.o
 .debug_line    0x000000000000233e      0x4fb obj/sram_pio_it.o
 .debug_line    0x0000000000002839      0x667 obj/sram_pmc.o
 .debug_line    0x0000000000002ea0      0x327 obj/sram_startup_samv71.o
 .debug_line    0x00000000000031c7      0x41d obj/sram_tc.o
 .debug_line    0x00000000000035e4      0x4d5 obj/sram_timetick.o
 .debug_line    0x0000000000003ab9      0x3b4 obj/sram_wdt.o
 .debug_line    0x0000000000003e6d      0x51b obj/sram_main.o

.debug_str      0x0000000000000000     0x299b
 .debug_str     0x0000000000000000      0xb4e obj/sram_board_lowlevel.o
                                        0xbda (size before relaxing)
 .debug_str     0x0000000000000b4e      0x573 obj/sram_dbg_console.o
                                        0xf99 (size before relaxing)
 .debug_str     0x00000000000010c1      0x18c obj/sram_syscalls.o
                                        0xbf1 (size before relaxing)
 .debug_str     0x000000000000124d       0x6e obj/sram_led.o
                                        0xcf0 (size before relaxing)
 .debug_str     0x00000000000012bb      0x2b2 obj/sram_system_samv71.o
                                        0x4c0 (size before relaxing)
 .debug_str     0x000000000000156d       0x63 obj/sram_exceptions.o
                                        0xbce (size before relaxing)
 .debug_str     0x00000000000015d0      0x13d obj/sram_mpu.o
                                        0xb11 (size before relaxing)
 .debug_str     0x000000000000170d      0x189 obj/sram_pio.o
                                        0xdcd (size before relaxing)
 .debug_str     0x0000000000001896      0x470 obj/sram_pio_it.o
                                       0x1268 (size before relaxing)
 .debug_str     0x0000000000001d06      0x258 obj/sram_pmc.o
                                        0xdbc (size before relaxing)
 .debug_str     0x0000000000001f5e      0x605 obj/sram_startup_samv71.o
                                        0xd88 (size before relaxing)
 .debug_str     0x0000000000002563      0x15c obj/sram_tc.o
                                        0xb69 (size before relaxing)
 .debug_str     0x00000000000026bf      0x192 obj/sram_timetick.o
                                       0x1220 (size before relaxing)
 .debug_str     0x0000000000002851       0x84 obj/sram_wdt.o
                                        0xa3a (size before relaxing)
 .debug_str     0x00000000000028d5       0xc6 obj/sram_main.o
                                       0x106b (size before relaxing)

.debug_frame    0x0000000000000000     0x231c
 .debug_frame   0x0000000000000000       0x50 obj/sram_board_lowlevel.o
 .debug_frame   0x0000000000000050      0x1a4 obj/sram_dbg_console.o
 .debug_frame   0x00000000000001f4      0x1b4 obj/sram_syscalls.o
 .debug_frame   0x00000000000003a8       0xa0 obj/sram_led.o
 .debug_frame   0x0000000000000448       0xc0 obj/sram_system_samv71.o
 .debug_frame   0x0000000000000508       0xec obj/sram_exceptions.o
 .debug_frame   0x00000000000005f4       0xf4 obj/sram_mpu.o
 .debug_frame   0x00000000000006e8      0x290 obj/sram_pio.o
 .debug_frame   0x0000000000000978      0x1f0 obj/sram_pio_it.o
 .debug_frame   0x0000000000000b68      0x35c obj/sram_pmc.o
 .debug_frame   0x0000000000000ec4       0x6c obj/sram_startup_samv71.o
 .debug_frame   0x0000000000000f30       0xa8 obj/sram_tc.o
 .debug_frame   0x0000000000000fd8      0x158 obj/sram_timetick.o
 .debug_frame   0x0000000000001130       0xd8 obj/sram_wdt.o
 .debug_frame   0x0000000000001208      0x178 obj/sram_main.o
 .debug_frame   0x0000000000001380       0x40 /home/admin1/arm_toolchain/gcc-arm-none-eabi-6-2017-q2-update/bin/../lib/gcc/arm-none-eabi/6.3.1/../../../../arm-none-eabi/lib/thumb/v7-m/libc.a(lib_a-assert.o)
 .debug_frame   0x00000000000013c0       0x74 /home/admin1/arm_toolchain/gcc-arm-none-eabi-6-2017-q2-update/bin/../lib/gcc/arm-none-eabi/6.3.1/../../../../arm-none-eabi/lib/thumb/v7-m/libc.a(lib_a-fiprintf.o)
 .debug_frame   0x0000000000001434       0x2c /home/admin1/arm_toolchain/gcc-arm-none-eabi-6-2017-q2-update/bin/../lib/gcc/arm-none-eabi/6.3.1/../../../../arm-none-eabi/lib/thumb/v7-m/libc.a(lib_a-init.o)
 .debug_frame   0x0000000000001460       0x78 /home/admin1/arm_toolchain/gcc-arm-none-eabi-6-2017-q2-update/bin/../lib/gcc/arm-none-eabi/6.3.1/../../../../arm-none-eabi/lib/thumb/v7-m/libc.a(lib_a-iprintf.o)
 .debug_frame   0x00000000000014d8       0x34 /home/admin1/arm_toolchain/gcc-arm-none-eabi-6-2017-q2-update/bin/../lib/gcc/arm-none-eabi/6.3.1/../../../../arm-none-eabi/lib/thumb/v7-m/libc.a(lib_a-memset.o)
 .debug_frame   0x000000000000150c       0x48 /home/admin1/arm_toolchain/gcc-arm-none-eabi-6-2017-q2-update/bin/../lib/gcc/arm-none-eabi/6.3.1/../../../../arm-none-eabi/lib/thumb/v7-m/libc.a(lib_a-setvbuf.o)
 .debug_frame   0x0000000000001554       0xd8 /home/admin1/arm_toolchain/gcc-arm-none-eabi-6-2017-q2-update/bin/../lib/gcc/arm-none-eabi/6.3.1/../../../../arm-none-eabi/lib/thumb/v7-m/libc.a(lib_a-vfiprintf.o)
 .debug_frame   0x000000000000162c       0x2c /home/admin1/arm_toolchain/gcc-arm-none-eabi-6-2017-q2-update/bin/../lib/gcc/arm-none-eabi/6.3.1/../../../../arm-none-eabi/lib/thumb/v7-m/libc.a(lib_a-wsetup.o)
 .debug_frame   0x0000000000001658       0x5c /home/admin1/arm_toolchain/gcc-arm-none-eabi-6-2017-q2-update/bin/../lib/gcc/arm-none-eabi/6.3.1/../../../../arm-none-eabi/lib/thumb/v7-m/libc.a(lib_a-__call_atexit.o)
 .debug_frame   0x00000000000016b4       0x28 /home/admin1/arm_toolchain/gcc-arm-none-eabi-6-2017-q2-update/bin/../lib/gcc/arm-none-eabi/6.3.1/../../../../arm-none-eabi/lib/thumb/v7-m/libc.a(lib_a-abort.o)
 .debug_frame   0x00000000000016dc       0x20 /home/admin1/arm_toolchain/gcc-arm-none-eabi-6-2017-q2-update/bin/../lib/gcc/arm-none-eabi/6.3.1/../../../../arm-none-eabi/lib/thumb/v7-m/libc.a(lib_a-atexit.o)
 .debug_frame   0x00000000000016fc       0x5c /home/admin1/arm_toolchain/gcc-arm-none-eabi-6-2017-q2-update/bin/../lib/gcc/arm-none-eabi/6.3.1/../../../../arm-none-eabi/lib/thumb/v7-m/libc.a(lib_a-fflush.o)
 .debug_frame   0x0000000000001758      0x150 /home/admin1/arm_toolchain/gcc-arm-none-eabi-6-2017-q2-update/bin/../lib/gcc/arm-none-eabi/6.3.1/../../../../arm-none-eabi/lib/thumb/v7-m/libc.a(lib_a-findfp.o)
 .debug_frame   0x00000000000018a8       0x34 /home/admin1/arm_toolchain/gcc-arm-none-eabi-6-2017-q2-update/bin/../lib/gcc/arm-none-eabi/6.3.1/../../../../arm-none-eabi/lib/thumb/v7-m/libc.a(lib_a-fini.o)
 .debug_frame   0x00000000000018dc       0x90 /home/admin1/arm_toolchain/gcc-arm-none-eabi-6-2017-q2-update/bin/../lib/gcc/arm-none-eabi/6.3.1/../../../../arm-none-eabi/lib/thumb/v7-m/libc.a(lib_a-fputwc.o)
 .debug_frame   0x000000000000196c       0x74 /home/admin1/arm_toolchain/gcc-arm-none-eabi-6-2017-q2-update/bin/../lib/gcc/arm-none-eabi/6.3.1/../../../../arm-none-eabi/lib/thumb/v7-m/libc.a(lib_a-freer.o)
 .debug_frame   0x00000000000019e0       0x68 /home/admin1/arm_toolchain/gcc-arm-none-eabi-6-2017-q2-update/bin/../lib/gcc/arm-none-eabi/6.3.1/../../../../arm-none-eabi/lib/thumb/v7-m/libc.a(lib_a-fvwrite.o)
 .debug_frame   0x0000000000001a48       0x54 /home/admin1/arm_toolchain/gcc-arm-none-eabi-6-2017-q2-update/bin/../lib/gcc/arm-none-eabi/6.3.1/../../../../arm-none-eabi/lib/thumb/v7-m/libc.a(lib_a-fwalk.o)
 .debug_frame   0x0000000000001a9c       0x6c /home/admin1/arm_toolchain/gcc-arm-none-eabi-6-2017-q2-update/bin/../lib/gcc/arm-none-eabi/6.3.1/../../../../arm-none-eabi/lib/thumb/v7-m/libc.a(lib_a-locale.o)
 .debug_frame   0x0000000000001b08       0xb0 /home/admin1/arm_toolchain/gcc-arm-none-eabi-6-2017-q2-update/bin/../lib/gcc/arm-none-eabi/6.3.1/../../../../arm-none-eabi/lib/thumb/v7-m/libc.a(lib_a-lock.o)
 .debug_frame   0x0000000000001bb8       0x68 /home/admin1/arm_toolchain/gcc-arm-none-eabi-6-2017-q2-update/bin/../lib/gcc/arm-none-eabi/6.3.1/../../../../arm-none-eabi/lib/thumb/v7-m/libc.a(lib_a-makebuf.o)
 .debug_frame   0x0000000000001c20       0x30 /home/admin1/arm_toolchain/gcc-arm-none-eabi-6-2017-q2-update/bin/../lib/gcc/arm-none-eabi/6.3.1/../../../../arm-none-eabi/lib/thumb/v7-m/libc.a(lib_a-malloc.o)
 .debug_frame   0x0000000000001c50       0x54 /home/admin1/arm_toolchain/gcc-arm-none-eabi-6-2017-q2-update/bin/../lib/gcc/arm-none-eabi/6.3.1/../../../../arm-none-eabi/lib/thumb/v7-m/libc.a(lib_a-mallocr.o)
 .debug_frame   0x0000000000001ca4       0x4c /home/admin1/arm_toolchain/gcc-arm-none-eabi-6-2017-q2-update/bin/../lib/gcc/arm-none-eabi/6.3.1/../../../../arm-none-eabi/lib/thumb/v7-m/libc.a(lib_a-mbtowc_r.o)
 .debug_frame   0x0000000000001cf0       0x34 /home/admin1/arm_toolchain/gcc-arm-none-eabi-6-2017-q2-update/bin/../lib/gcc/arm-none-eabi/6.3.1/../../../../arm-none-eabi/lib/thumb/v7-m/libc.a(lib_a-memchr-stub.o)
 .debug_frame   0x0000000000001d24       0x30 /home/admin1/arm_toolchain/gcc-arm-none-eabi-6-2017-q2-update/bin/../lib/gcc/arm-none-eabi/6.3.1/../../../../arm-none-eabi/lib/thumb/v7-m/libc.a(lib_a-memmove.o)
 .debug_frame   0x0000000000001d54       0x30 /home/admin1/arm_toolchain/gcc-arm-none-eabi-6-2017-q2-update/bin/../lib/gcc/arm-none-eabi/6.3.1/../../../../arm-none-eabi/lib/thumb/v7-m/libc.a(lib_a-mlock.o)
 .debug_frame   0x0000000000001d84       0x68 /home/admin1/arm_toolchain/gcc-arm-none-eabi-6-2017-q2-update/bin/../lib/gcc/arm-none-eabi/6.3.1/../../../../arm-none-eabi/lib/thumb/v7-m/libc.a(lib_a-reallocr.o)
 .debug_frame   0x0000000000001dec       0x2c /home/admin1/arm_toolchain/gcc-arm-none-eabi-6-2017-q2-update/bin/../lib/gcc/arm-none-eabi/6.3.1/../../../../arm-none-eabi/lib/thumb/v7-m/libc.a(lib_a-sbrkr.o)
 .debug_frame   0x0000000000001e18      0x10c /home/admin1/arm_toolchain/gcc-arm-none-eabi-6-2017-q2-update/bin/../lib/gcc/arm-none-eabi/6.3.1/../../../../arm-none-eabi/lib/thumb/v7-m/libc.a(lib_a-signal.o)
 .debug_frame   0x0000000000001f24       0x3c /home/admin1/arm_toolchain/gcc-arm-none-eabi-6-2017-q2-update/bin/../lib/gcc/arm-none-eabi/6.3.1/../../../../arm-none-eabi/lib/thumb/v7-m/libc.a(lib_a-signalr.o)
 .debug_frame   0x0000000000001f60       0x88 /home/admin1/arm_toolchain/gcc-arm-none-eabi-6-2017-q2-update/bin/../lib/gcc/arm-none-eabi/6.3.1/../../../../arm-none-eabi/lib/thumb/v7-m/libc.a(lib_a-stdio.o)
 .debug_frame   0x0000000000001fe8       0x20 /home/admin1/arm_toolchain/gcc-arm-none-eabi-6-2017-q2-update/bin/../lib/gcc/arm-none-eabi/6.3.1/../../../../arm-none-eabi/lib/thumb/v7-m/libc.a(lib_a-strlen-stub.o)
 .debug_frame   0x0000000000002008       0x40 /home/admin1/arm_toolchain/gcc-arm-none-eabi-6-2017-q2-update/bin/../lib/gcc/arm-none-eabi/6.3.1/../../../../arm-none-eabi/lib/thumb/v7-m/libc.a(lib_a-wbuf.o)
 .debug_frame   0x0000000000002048       0x5c /home/admin1/arm_toolchain/gcc-arm-none-eabi-6-2017-q2-update/bin/../lib/gcc/arm-none-eabi/6.3.1/../../../../arm-none-eabi/lib/thumb/v7-m/libc.a(lib_a-wcrtomb.o)
 .debug_frame   0x00000000000020a4       0x3c /home/admin1/arm_toolchain/gcc-arm-none-eabi-6-2017-q2-update/bin/../lib/gcc/arm-none-eabi/6.3.1/../../../../arm-none-eabi/lib/thumb/v7-m/libc.a(lib_a-wctomb_r.o)
 .debug_frame   0x00000000000020e0       0x30 /home/admin1/arm_toolchain/gcc-arm-none-eabi-6-2017-q2-update/bin/../lib/gcc/arm-none-eabi/6.3.1/../../../../arm-none-eabi/lib/thumb/v7-m/libc.a(lib_a-writer.o)
 .debug_frame   0x0000000000002110       0x34 /home/admin1/arm_toolchain/gcc-arm-none-eabi-6-2017-q2-update/bin/../lib/gcc/arm-none-eabi/6.3.1/../../../../arm-none-eabi/lib/thumb/v7-m/libc.a(lib_a-__atexit.o)
 .debug_frame   0x0000000000002144       0x2c /home/admin1/arm_toolchain/gcc-arm-none-eabi-6-2017-q2-update/bin/../lib/gcc/arm-none-eabi/6.3.1/../../../../arm-none-eabi/lib/thumb/v7-m/libc.a(lib_a-closer.o)
 .debug_frame   0x0000000000002170       0x3c /home/admin1/arm_toolchain/gcc-arm-none-eabi-6-2017-q2-update/bin/../lib/gcc/arm-none-eabi/6.3.1/../../../../arm-none-eabi/lib/thumb/v7-m/libc.a(lib_a-fclose.o)
 .debug_frame   0x00000000000021ac       0x2c /home/admin1/arm_toolchain/gcc-arm-none-eabi-6-2017-q2-update/bin/../lib/gcc/arm-none-eabi/6.3.1/../../../../arm-none-eabi/lib/thumb/v7-m/libc.a(lib_a-fstatr.o)
 .debug_frame   0x00000000000021d8       0x2c /home/admin1/arm_toolchain/gcc-arm-none-eabi-6-2017-q2-update/bin/../lib/gcc/arm-none-eabi/6.3.1/../../../../arm-none-eabi/lib/thumb/v7-m/libc.a(lib_a-isattyr.o)
 .debug_frame   0x0000000000002204       0x30 /home/admin1/arm_toolchain/gcc-arm-none-eabi-6-2017-q2-update/bin/../lib/gcc/arm-none-eabi/6.3.1/../../../../arm-none-eabi/lib/thumb/v7-m/libc.a(lib_a-lseekr.o)
 .debug_frame   0x0000000000002234       0x30 /home/admin1/arm_toolchain/gcc-arm-none-eabi-6-2017-q2-update/bin/../lib/gcc/arm-none-eabi/6.3.1/../../../../arm-none-eabi/lib/thumb/v7-m/libc.a(lib_a-readr.o)
 .debug_frame   0x0000000000002264       0x58 /home/admin1/arm_toolchain/gcc-arm-none-eabi-6-2017-q2-update/bin/../lib/gcc/arm-none-eabi/6.3.1/../../../../arm-none-eabi/lib/thumb/v7-m/libc.a(lib_a-reent.o)
 .debug_frame   0x00000000000022bc       0x2c /home/admin1/arm_toolchain/gcc-arm-none-eabi-6-2017-q2-update/bin/../lib/gcc/arm-none-eabi/6.3.1/thumb/v7-m/libgcc.a(_aeabi_uldivmod.o)
 .debug_frame   0x00000000000022e8       0x34 /home/admin1/arm_toolchain/gcc-arm-none-eabi-6-2017-q2-update/bin/../lib/gcc/arm-none-eabi/6.3.1/thumb/v7-m/libgcc.a(_udivmoddi4.o)

Cross Reference Table

Symbol                                            File
ACC_Handler                                       obj/sram_startup_samv71.o
AES_Handler                                       obj/sram_startup_samv71.o
AFEC0_Handler                                     obj/sram_startup_samv71.o
AFEC1_Handler                                     obj/sram_startup_samv71.o
BOARD_ConfigureSdram                              obj/sram_board_memories.o
BOARD_SdramValidation                             obj/sram_board_memories.o
BusFault_Handler                                  obj/sram_exceptions.o
CCF_Handler                                       obj/sram_startup_samv71.o
CCW_Handler                                       obj/sram_startup_samv71.o
DACC_Handler                                      obj/sram_startup_samv71.o
DBG_Configure                                     obj/sram_dbg_console.o
                                                  obj/sram_trace.o
DBG_DumpFrame                                     obj/sram_dbg_console.o
DBG_DumpMemory                                    obj/sram_dbg_console.o
DBG_GetChar                                       obj/sram_dbg_console.o
                                                  obj/sram_main.o
DBG_GetHexa32                                     obj/sram_dbg_console.o
DBG_GetInteger                                    obj/sram_dbg_console.o
DBG_GetIntegerMinMax                              obj/sram_dbg_console.o
DBG_IsRxReady                                     obj/sram_dbg_console.o
                                                  obj/sram_main.o
DBG_PutChar                                       obj/sram_dbg_console.o
                                                  obj/sram_syscalls.o
DebugMon_Handler                                  obj/sram_startup_samv71.o
DelayTimer                                        obj/sram_timetick.o
Dummy_Handler                                     obj/sram_startup_samv71.o
EFC_Handler                                       obj/sram_startup_samv71.o
FPU_Handler                                       obj/sram_startup_samv71.o
GMACQ1_Handler                                    obj/sram_startup_samv71.o
GMACQ2_Handler                                    obj/sram_startup_samv71.o
GMAC_Handler                                      obj/sram_startup_samv71.o
GetDelayInTicks                                   obj/sram_timetick.o
GetTicks                                          obj/sram_timetick.o
HSMCI_Handler                                     obj/sram_startup_samv71.o
HardFault_Handler                                 obj/sram_exceptions.o
ICM_Handler                                       obj/sram_startup_samv71.o
ISI_Handler                                       obj/sram_startup_samv71.o
LED_Clear                                         obj/sram_led.o
                                                  obj/sram_main.o
LED_Configure                                     obj/sram_led.o
                                                  obj/sram_main.o
LED_Set                                           obj/sram_led.o
                                                  obj/sram_main.o
LED_Toggle                                        obj/sram_led.o
                                                  obj/sram_main.o
LowLevelInit                                      obj/sram_board_lowlevel.o
                                                  obj/sram_startup_samv71.o
MCAN0_Handler                                     obj/sram_startup_samv71.o
MCAN0_Line1_Handler                               obj/sram_startup_samv71.o
MCAN1_Handler                                     obj/sram_startup_samv71.o
MCAN1_Line1_Handler                               obj/sram_startup_samv71.o
MLB_Handler                                       obj/sram_startup_samv71.o
MPU_CalMPURegionSize                              obj/sram_mpu.o
                                                  obj/sram_board_lowlevel.o
MPU_DisableRegion                                 obj/sram_mpu.o
MPU_Enable                                        obj/sram_mpu.o
                                                  obj/sram_board_lowlevel.o
MPU_SetRegion                                     obj/sram_mpu.o
                                                  obj/sram_board_lowlevel.o
MPU_SetRegionNum                                  obj/sram_mpu.o
MPU_UpdateRegions                                 obj/sram_mpu.o
MemManage_Handler                                 obj/sram_exceptions.o
NMI_Handler                                       obj/sram_exceptions.o
PIOA_Handler                                      obj/sram_pio_it.o
PIOB_Handler                                      obj/sram_pio_it.o
PIOC_Handler                                      obj/sram_pio_it.o
PIOD_Handler                                      obj/sram_pio_it.o
PIOE_Handler                                      obj/sram_pio_it.o
PIO_Clear                                         obj/sram_pio.o
                                                  obj/sram_led.o
PIO_Configure                                     obj/sram_pio.o
                                                  obj/sram_trace.o
                                                  obj/sram_led.o
                                                  obj/sram_dbg_console.o
                                                  obj/sram_board_memories.o
PIO_ConfigureIt                                   obj/sram_pio_it.o
PIO_DisableIt                                     obj/sram_pio_it.o
PIO_DisableWriteProtect                           obj/sram_pio.o
PIO_EnableIt                                      obj/sram_pio_it.o
PIO_EnableWriteProtect                            obj/sram_pio.o
PIO_Get                                           obj/sram_pio.o
PIO_GetOutputDataStatus                           obj/sram_pio.o
                                                  obj/sram_led.o
PIO_GetWriteProtectViolationInfo                  obj/sram_pio.o
PIO_InitializeInterrupts                          obj/sram_pio_it.o
PIO_Set                                           obj/sram_pio.o
                                                  obj/sram_led.o
PIO_SetDebounceFilter                             obj/sram_pio.o
PIO_SetPinType                                    obj/sram_pio.o
PMC_ConfigureMckWithPlla                          obj/sram_pmc.o
PMC_ConfigurePCK0                                 obj/sram_pmc.o
PMC_ConfigurePCK1                                 obj/sram_pmc.o
PMC_ConfigurePCK2                                 obj/sram_pmc.o
PMC_DisableAllClocks                              obj/sram_pmc.o
PMC_DisableAllPeripherals                         obj/sram_pmc.o
PMC_DisableExtOsc                                 obj/sram_pmc.o
PMC_DisableIntRC4_8_12MHz                         obj/sram_pmc.o
PMC_DisablePeripheral                             obj/sram_pmc.o
PMC_EnableAllPeripherals                          obj/sram_pmc.o
PMC_EnableExtOsc                                  obj/sram_pmc.o
PMC_EnableIntRC4_8_12MHz                          obj/sram_pmc.o
PMC_EnablePeripheral                              obj/sram_pmc.o
                                                  obj/sram_main.o
                                                  obj/sram_xdmad.o
                                                  obj/sram_pio_it.o
                                                  obj/sram_pio.o
                                                  obj/sram_dbg_console.o
                                                  obj/sram_board_memories.o
PMC_EnableXT32KFME                                obj/sram_pmc.o
                                                  obj/sram_supc.o
PMC_Handler                                       obj/sram_startup_samv71.o
PMC_IsPeriphEnabled                               obj/sram_pmc.o
                                                  obj/sram_xdmad.o
PMC_SelectExtBypassOsc                            obj/sram_pmc.o
PMC_SelectExtOsc                                  obj/sram_pmc.o
PMC_SetMckSelection                               obj/sram_pmc.o
PMC_SetPllaClock                                  obj/sram_pmc.o
PWM0_Handler                                      obj/sram_startup_samv71.o
PWM1_Handler                                      obj/sram_startup_samv71.o
PendSV_Handler                                    obj/sram_startup_samv71.o
PioInterruptHandler                               obj/sram_pio_it.o
QSPI_Handler                                      obj/sram_startup_samv71.o
RSTC_Handler                                      obj/sram_startup_samv71.o
RSWDT_Handler                                     obj/sram_startup_samv71.o
RTC_Handler                                       obj/sram_startup_samv71.o
RTT_Handler                                       obj/sram_startup_samv71.o
Reset_Handler                                     obj/sram_startup_samv71.o
SDRAMC_Handler                                    obj/sram_startup_samv71.o
SPI0_Handler                                      obj/sram_startup_samv71.o
SPI1_Handler                                      obj/sram_startup_samv71.o
SSC_Handler                                       obj/sram_startup_samv71.o
SUPC_BrownoutDetectEnable                         obj/sram_supc.o
SUPC_BrownoutResetEnable                          obj/sram_supc.o
SUPC_BypassXtal32KOsc                             obj/sram_supc.o
SUPC_ConfigSupplyMonitor                          obj/sram_supc.o
SUPC_DisableSupplyMonitor                         obj/sram_supc.o
SUPC_DisableVoltageReg                            obj/sram_supc.o
SUPC_EnablesWakeupInput                           obj/sram_supc.o
SUPC_EnablesWakeupMode                            obj/sram_supc.o
SUPC_Handler                                      obj/sram_startup_samv71.o
SUPC_IsSlowClkExtCrystal32K                       obj/sram_supc.o
SUPC_Read_Status                                  obj/sram_supc.o
SUPC_SelectExtCrystal32K                          obj/sram_supc.o
SUPC_SetLowPowerDebounce                          obj/sram_supc.o
SUPC_SetWakeupDebounce                            obj/sram_supc.o
SUPC_SramBackupMode                               obj/sram_supc.o
SVC_Handler                                       obj/sram_startup_samv71.o
SetTimeEvent                                      obj/sram_timetick.o
Sleep                                             obj/sram_timetick.o
SysTick_Handler                                   obj/sram_timetick.o
                                                  obj/sram_startup_samv71.o
SystemCoreClock                                   obj/sram_system_samv71.o
SystemCoreClockUpdate                             obj/sram_system_samv71.o
SystemInit                                        obj/sram_system_samv71.o
                                                  obj/sram_board_lowlevel.o
TC0_Handler                                       obj/sram_main.o
                                                  obj/sram_startup_samv71.o
TC10_Handler                                      obj/sram_startup_samv71.o
TC11_Handler                                      obj/sram_startup_samv71.o
TC1_Handler                                       obj/sram_startup_samv71.o
TC2_Handler                                       obj/sram_startup_samv71.o
TC3_Handler                                       obj/sram_startup_samv71.o
TC4_Handler                                       obj/sram_startup_samv71.o
TC5_Handler                                       obj/sram_startup_samv71.o
TC6_Handler                                       obj/sram_startup_samv71.o
TC7_Handler                                       obj/sram_startup_samv71.o
TC8_Handler                                       obj/sram_startup_samv71.o
TC9_Handler                                       obj/sram_startup_samv71.o
TC_Configure                                      obj/sram_tc.o
                                                  obj/sram_main.o
TC_FindMckDivisor                                 obj/sram_tc.o
                                                  obj/sram_main.o