Archive member included to satisfy reference by file (symbol)

/home/admin1/arm_toolchain/gcc-arm-none-eabi-6-2017-q2-update/bin/../lib/gcc/arm-none-eabi/6.3.1/../../../../arm-none-eabi/lib/thumb/v7-m/libc.a(lib_a-assert.o)
                              obj/qspi_pio_it.o (__assert_func)
/home/admin1/arm_toolchain/gcc-arm-none-eabi-6-2017-q2-update/bin/../lib/gcc/arm-none-eabi/6.3.1/../../../../arm-none-eabi/lib/thumb/v7-m/libc.a(lib_a-exit.o)
                              /home/admin1/arm_toolchain/gcc-arm-none-eabi-6-2017-q2-update/bin/../lib/gcc/arm-none-eabi/6.3.1/../../../../arm-none-eabi/lib/thumb/v7-m/crt0.o (exit)
/home/admin1/arm_toolchain/gcc-arm-none-eabi-6-2017-q2-update/bin/../lib/gcc/arm-none-eabi/6.3.1/../../../../arm-none-eabi/lib/thumb/v7-m/libc.a(lib_a-fiprintf.o)
                              /home/admin1/arm_toolchain/gcc-arm-none-eabi-6-2017-q2-update/bin/../lib/gcc/arm-none-eabi/6.3.1/../../../../arm-none-eabi/lib/thumb/v7-m/libc.a(lib_a-assert.o) (fiprintf)
/home/admin1/arm_toolchain/gcc-arm-none-eabi-6-2017-q2-update/bin/../lib/gcc/arm-none-eabi/6.3.1/../../../../arm-none-eabi/lib/thumb/v7-m/libc.a(lib_a-impure.o)
                              /home/admin1/arm_toolchain/gcc-arm-none-eabi-6-2017-q2-update/bin/../lib/gcc/arm-none-eabi/6.3.1/../../../../arm-none-eabi/lib/thumb/v7-m/libc.a(lib_a-exit.o) (_global_impure_ptr)
/home/admin1/arm_toolchain/gcc-arm-none-eabi-6-2017-q2-update/bin/../lib/gcc/arm-none-eabi/6.3.1/../../../../arm-none-eabi/lib/thumb/v7-m/libc.a(lib_a-init.o)
                              /home/admin1/arm_toolchain/gcc-arm-none-eabi-6-2017-q2-update/bin/../lib/gcc/arm-none-eabi/6.3.1/../../../../arm-none-eabi/lib/thumb/v7-m/crt0.o (__libc_init_array)
/home/admin1/arm_toolchain/gcc-arm-none-eabi-6-2017-q2-update/bin/../lib/gcc/arm-none-eabi/6.3.1/../../../../arm-none-eabi/lib/thumb/v7-m/libc.a(lib_a-iprintf.o)
                              obj/qspi_board_memories.o (iprintf)
/home/admin1/arm_toolchain/gcc-arm-none-eabi-6-2017-q2-update/bin/../lib/gcc/arm-none-eabi/6.3.1/../../../../arm-none-eabi/lib/thumb/v7-m/libc.a(lib_a-memcpy.o)
                              obj/qspi_board_memories.o (memcpy)
/home/admin1/arm_toolchain/gcc-arm-none-eabi-6-2017-q2-update/bin/../lib/gcc/arm-none-eabi/6.3.1/../../../../arm-none-eabi/lib/thumb/v7-m/libc.a(lib_a-memset.o)
                              /home/admin1/arm_toolchain/gcc-arm-none-eabi-6-2017-q2-update/bin/../lib/gcc/arm-none-eabi/6.3.1/../../../../arm-none-eabi/lib/thumb/v7-m/crt0.o (memset)
/home/admin1/arm_toolchain/gcc-arm-none-eabi-6-2017-q2-update/bin/../lib/gcc/arm-none-eabi/6.3.1/../../../../arm-none-eabi/lib/thumb/v7-m/libc.a(lib_a-setvbuf.o)
                              obj/qspi_dbg_console.o (setvbuf)
/home/admin1/arm_toolchain/gcc-arm-none-eabi-6-2017-q2-update/bin/../lib/gcc/arm-none-eabi/6.3.1/../../../../arm-none-eabi/lib/thumb/v7-m/libc.a(lib_a-vfiprintf.o)
                              /home/admin1/arm_toolchain/gcc-arm-none-eabi-6-2017-q2-update/bin/../lib/gcc/arm-none-eabi/6.3.1/../../../../arm-none-eabi/lib/thumb/v7-m/libc.a(lib_a-fiprintf.o) (_vfiprintf_r)
/home/admin1/arm_toolchain/gcc-arm-none-eabi-6-2017-q2-update/bin/../lib/gcc/arm-none-eabi/6.3.1/../../../../arm-none-eabi/lib/thumb/v7-m/libc.a(lib_a-wsetup.o)
                              /home/admin1/arm_toolchain/gcc-arm-none-eabi-6-2017-q2-update/bin/../lib/gcc/arm-none-eabi/6.3.1/../../../../arm-none-eabi/lib/thumb/v7-m/libc.a(lib_a-vfiprintf.o) (__swsetup_r)
/home/admin1/arm_toolchain/gcc-arm-none-eabi-6-2017-q2-update/bin/../lib/gcc/arm-none-eabi/6.3.1/../../../../arm-none-eabi/lib/thumb/v7-m/libc.a(lib_a-__call_atexit.o)
                              /home/admin1/arm_toolchain/gcc-arm-none-eabi-6-2017-q2-update/bin/../lib/gcc/arm-none-eabi/6.3.1/../../../../arm-none-eabi/lib/thumb/v7-m/libc.a(lib_a-exit.o) (__call_exitprocs)
/home/admin1/arm_toolchain/gcc-arm-none-eabi-6-2017-q2-update/bin/../lib/gcc/arm-none-eabi/6.3.1/../../../../arm-none-eabi/lib/thumb/v7-m/libc.a(lib_a-abort.o)
                              /home/admin1/arm_toolchain/gcc-arm-none-eabi-6-2017-q2-update/bin/../lib/gcc/arm-none-eabi/6.3.1/../../../../arm-none-eabi/lib/thumb/v7-m/libc.a(lib_a-assert.o) (abort)
/home/admin1/arm_toolchain/gcc-arm-none-eabi-6-2017-q2-update/bin/../lib/gcc/arm-none-eabi/6.3.1/../../../../arm-none-eabi/lib/thumb/v7-m/libc.a(lib_a-atexit.o)
                              /home/admin1/arm_toolchain/gcc-arm-none-eabi-6-2017-q2-update/bin/../lib/gcc/arm-none-eabi/6.3.1/../../../../arm-none-eabi/lib/thumb/v7-m/libc.a(lib_a-__call_atexit.o) (atexit)
/home/admin1/arm_toolchain/gcc-arm-none-eabi-6-2017-q2-update/bin/../lib/gcc/arm-none-eabi/6.3.1/../../../../arm-none-eabi/lib/thumb/v7-m/libc.a(lib_a-fflush.o)
                              /home/admin1/arm_toolchain/gcc-arm-none-eabi-6-2017-q2-update/bin/../lib/gcc/arm-none-eabi/6.3.1/../../../../arm-none-eabi/lib/thumb/v7-m/libc.a(lib_a-setvbuf.o) (_fflush_r)
[...]
Memory Configuration

Name             Origin             Length             Attributes
rom              0x0000000000400000 0x0000000000200000 xr
ram              0x0000000020400000 0x0000000000060000 xrw
sdram            0x0000000070000000 0x0000000000200000 xrw
qspi             0x0000000080000000 0x0000000000200000 xr
*default*        0x0000000000000000 0xffffffffffffffff

Linker script and memory map

LOAD /home/admin1/arm_toolchain/gcc-arm-none-eabi-6-2017-q2-update/bin/../lib/gcc/arm-none-eabi/6.3.1/thumb/v7-m/crti.o
LOAD /home/admin1/arm_toolchain/gcc-arm-none-eabi-6-2017-q2-update/bin/../lib/gcc/arm-none-eabi/6.3.1/thumb/v7-m/crtbegin.o
LOAD /home/admin1/arm_toolchain/gcc-arm-none-eabi-6-2017-q2-update/bin/../lib/gcc/arm-none-eabi/6.3.1/../../../../arm-none-eabi/lib/thumb/v7-m/crt0.o
LOAD obj/qspi_board_lowlevel.o
LOAD obj/qspi_board_memories.o
LOAD obj/qspi_dbg_console.o
LOAD obj/qspi_syscalls.o
LOAD obj/qspi_led.o
LOAD obj/qspi_system_samv71.o
LOAD obj/qspi_trace.o
LOAD obj/qspi_exceptions.o
LOAD obj/qspi_mpu.o
LOAD obj/qspi_pio.o
LOAD obj/qspi_pio_it.o
LOAD obj/qspi_pmc.o
LOAD obj/qspi_startup_samv71.o
LOAD obj/qspi_supc.o
LOAD obj/qspi_tc.o
LOAD obj/qspi_timetick.o
LOAD obj/qspi_uart.o
LOAD obj/qspi_xdma_hardware_interface.o
LOAD obj/qspi_xdmac.o
LOAD obj/qspi_xdmad.o
LOAD obj/qspi_wdt.o
LOAD obj/qspi_main.o
START GROUP
LOAD /home/admin1/arm_toolchain/gcc-arm-none-eabi-6-2017-q2-update/bin/../lib/gcc/arm-none-eabi/6.3.1/thumb/v7-m/libgcc.a
LOAD /home/admin1/arm_toolchain/gcc-arm-none-eabi-6-2017-q2-update/bin/../lib/gcc/arm-none-eabi/6.3.1/../../../../arm-none-eabi/lib/thumb/v7-m/libc.a
END GROUP
START GROUP
LOAD /home/admin1/arm_toolchain/gcc-arm-none-eabi-6-2017-q2-update/bin/../lib/gcc/arm-none-eabi/6.3.1/thumb/v7-m/libgcc.a
LOAD /home/admin1/arm_toolchain/gcc-arm-none-eabi-6-2017-q2-update/bin/../lib/gcc/arm-none-eabi/6.3.1/../../../../arm-none-eabi/lib/thumb/v7-m/libc.a
END GROUP
LOAD /home/admin1/arm_toolchain/gcc-arm-none-eabi-6-2017-q2-update/bin/../lib/gcc/arm-none-eabi/6.3.1/thumb/v7-m/crtend.o
LOAD /home/admin1/arm_toolchain/gcc-arm-none-eabi-6-2017-q2-update/bin/../lib/gcc/arm-none-eabi/6.3.1/thumb/v7-m/crtn.o
                0x0000000000002000                STACK_SIZE = DEFINED (STACK_SIZE)?STACK_SIZE:0x2000
                0x0000000000001000                HEAP_SIZE = DEFINED (HEAP_SIZE)?HEAP_SIZE:0x1000

.text           0x0000000080000000     0x4fa0
                0x0000000080000000                . = ALIGN (0x4)
                0x0000000080000000                _sfixed = .
 *(.vectors .vectors.*)
 .vectors       0x0000000080000000      0x140 obj/qspi_startup_samv71.o
                0x0000000080000000                exception_table
 *(.text .text.* .gnu.linkonce.t.*)
 .text          0x0000000080000140       0x6c /home/admin1/arm_toolchain/gcc-arm-none-eabi-6-2017-q2-update/bin/../lib/gcc/arm-none-eabi/6.3.1/thumb/v7-m/crtbegin.o
 .text._SetupMemoryRegion
                0x00000000800001ac      0x18c obj/qspi_board_lowlevel.o
                0x00000000800001ac                _SetupMemoryRegion
 .text.LowLevelInit
                0x0000000080000338       0x10 obj/qspi_board_lowlevel.o
                0x0000000080000338                LowLevelInit
 .text.DBG_Configure
                0x0000000080000348       0xb0 obj/qspi_dbg_console.o
                0x0000000080000348                DBG_Configure
 .text.DBG_PutChar
                0x00000000800003f8       0x58 obj/qspi_dbg_console.o
                0x00000000800003f8                DBG_PutChar
 .text.DBG_GetChar
                0x0000000080000450       0x44 obj/qspi_dbg_console.o
                0x0000000080000450                DBG_GetChar
 .text.DBG_IsRxReady
                0x0000000080000494       0x38 obj/qspi_dbg_console.o
                0x0000000080000494                DBG_IsRxReady
 .text._sbrk    0x00000000800004cc       0x3c obj/qspi_syscalls.o
                0x00000000800004cc                _sbrk
 .text._close   0x0000000080000508       0x16 obj/qspi_syscalls.o
                0x0000000080000508                _close
 .text._fstat   0x000000008000051e       0x1e obj/qspi_syscalls.o
                0x000000008000051e                _fstat
 .text._isatty  0x000000008000053c       0x14 obj/qspi_syscalls.o
                0x000000008000053c                _isatty
 .text._lseek   0x0000000080000550       0x18 obj/qspi_syscalls.o
                0x0000000080000550                _lseek
 .text._read    0x0000000080000568       0x18 obj/qspi_syscalls.o
                0x0000000080000568                _read
 .text._write   0x0000000080000580       0x3a obj/qspi_syscalls.o
                0x0000000080000580                _write
 *fill*         0x00000000800005ba        0x2 
 .text._exit    0x00000000800005bc       0x18 obj/qspi_syscalls.o
                0x00000000800005bc                _exit
 .text._kill    0x00000000800005d4       0x14 obj/qspi_syscalls.o
                0x00000000800005d4                _kill
 .text._getpid  0x00000000800005e8       0x10 obj/qspi_syscalls.o
                0x00000000800005e8                _getpid
 .text.LED_Configure
                0x00000000800005f8       0x38 obj/qspi_led.o
                0x00000000800005f8                LED_Configure
 .text.LED_Set  0x0000000080000630       0x64 obj/qspi_led.o
                0x0000000080000630                LED_Set
 .text.LED_Clear
                0x0000000080000694       0x64 obj/qspi_led.o
                0x0000000080000694                LED_Clear
 .text.LED_Toggle
                0x00000000800006f8       0x68 obj/qspi_led.o
                0x00000000800006f8                LED_Toggle
 .text.SystemInit
                0x0000000080000760      0x11c obj/qspi_system_samv71.o
                0x0000000080000760                SystemInit
 .text.NMI_Handler
                0x000000008000087c       0x10 obj/qspi_exceptions.o
                0x000000008000087c                NMI_Handler
 .text.StackUnwind
                0x000000008000088c       0x1a obj/qspi_exceptions.o
 *fill*         0x00000000800008a6        0x2 
 .text.HardFault_reason
                0x00000000800008a8       0x80 obj/qspi_exceptions.o
 .text.HardFault_Handler
                0x0000000080000928       0x28 obj/qspi_exceptions.o
                0x0000000080000928                HardFault_Handler
 .text.MemManage_Handler
                0x0000000080000950       0x24 obj/qspi_exceptions.o
                0x0000000080000950                MemManage_Handler
 .text.BusFault_Handler
                0x0000000080000974       0x28 obj/qspi_exceptions.o
                0x0000000080000974                BusFault_Handler
 .text.UsageFault_Handler
                0x000000008000099c       0x24 obj/qspi_exceptions.o
                0x000000008000099c                UsageFault_Handler
 .text.MPU_Enable
                0x00000000800009c0       0x1c obj/qspi_mpu.o
                0x00000000800009c0                MPU_Enable
 .text.MPU_SetRegion
                0x00000000800009dc       0x24 obj/qspi_mpu.o
                0x00000000800009dc                MPU_SetRegion
 .text.MPU_CalMPURegionSize
                0x0000000080000a00       0x3e obj/qspi_mpu.o
                0x0000000080000a00                MPU_CalMPURegionSize
 .text.PIO_SetPeripheralA
                0x0000000080000a3e       0x68 obj/qspi_pio.o
 .text.PIO_SetPeripheralB
                0x0000000080000aa6       0x60 obj/qspi_pio.o
 .text.PIO_SetPeripheralC
                0x0000000080000b06       0x60 obj/qspi_pio.o
 .text.PIO_SetPeripheralD
                0x0000000080000b66       0x58 obj/qspi_pio.o
 .text.PIO_SetInput
                0x0000000080000bbe       0x80 obj/qspi_pio.o
 .text.PIO_SetOutput
                0x0000000080000c3e       0x6e obj/qspi_pio.o
 .text.PIO_Configure
                0x0000000080000cac      0x148 obj/qspi_pio.o
                0x0000000080000cac                PIO_Configure
 .text.PIO_Set  0x0000000080000df4       0x1c obj/qspi_pio.o
                0x0000000080000df4                PIO_Set
 .text.PIO_Clear
                0x0000000080000e10       0x1c obj/qspi_pio.o
                0x0000000080000e10                PIO_Clear
 .text.PIO_GetOutputDataStatus
                0x0000000080000e2c       0x28 obj/qspi_pio.o
                0x0000000080000e2c                PIO_GetOutputDataStatus
 .text.PioInterruptHandler
                0x0000000080000e54       0xb0 obj/qspi_pio_it.o
                0x0000000080000e54                PioInterruptHandler
 .text.PIOA_Handler
                0x0000000080000f04       0x14 obj/qspi_pio_it.o
                0x0000000080000f04                PIOA_Handler
 .text.PIOB_Handler
                0x0000000080000f18       0x14 obj/qspi_pio_it.o
                0x0000000080000f18                PIOB_Handler
 .text.PIOC_Handler
                0x0000000080000f2c       0x14 obj/qspi_pio_it.o
                0x0000000080000f2c                PIOC_Handler
 .text.PIOD_Handler
                0x0000000080000f40       0x14 obj/qspi_pio_it.o
                0x0000000080000f40                PIOD_Handler
 .text.PIOE_Handler
                0x0000000080000f54       0x14 obj/qspi_pio_it.o
                0x0000000080000f54                PIOE_Handler
 .text.PMC_EnablePeripheral
                0x0000000080000f68       0x90 obj/qspi_pmc.o
                0x0000000080000f68                PMC_EnablePeripheral
 .text.TCM_Disable
                0x0000000080000ff8       0x40 obj/qspi_startup_samv71.o
 .text.Reset_Handler
                0x0000000080001038       0x9c obj/qspi_startup_samv71.o
                0x0000000080001038                Reset_Handler
 .text.Dummy_Handler
                0x00000000800010d4       0x10 obj/qspi_startup_samv71.o
                0x00000000800010d4                DACC_Handler
                0x00000000800010d4                DebugMon_Handler
                0x00000000800010d4                UART3_Handler
                0x00000000800010d4                UART2_Handler
                0x00000000800010d4                TRNG_Handler
                0x00000000800010d4                TC2_Handler
                0x00000000800010d4                AFEC1_Handler
                0x00000000800010d4                PendSV_Handler
                0x00000000800010d4                TC7_Handler
                0x00000000800010d4                QSPI_Handler
                0x00000000800010d4                ISI_Handler
                0x00000000800010d4                TC9_Handler
                0x00000000800010d4                RSWDT_Handler
                0x00000000800010d4                MCAN1_Handler
                0x00000000800010d4                USART0_Handler
                0x00000000800010d4                RTT_Handler
                0x00000000800010d4                USBHS_Handler
                0x00000000800010d4                CCF_Handler
                0x00000000800010d4                RTC_Handler
                0x00000000800010d4                TC6_Handler
                0x00000000800010d4                WDT_Handler
                0x00000000800010d4                TC4_Handler
                0x00000000800010d4                TC1_Handler
                0x00000000800010d4                HSMCI_Handler
                0x00000000800010d4                UART1_Handler
                0x00000000800010d4                TC3_Handler
                0x00000000800010d4                Dummy_Handler
                0x00000000800010d4                TWIHS1_Handler
                0x00000000800010d4                XDMAC_Handler
                0x00000000800010d4                UART4_Handler
                0x00000000800010d4                PWM1_Handler
                0x00000000800010d4                USART1_Handler
                0x00000000800010d4                PWM0_Handler
                0x00000000800010d4                AFEC0_Handler
                0x00000000800010d4                CCW_Handler
                0x00000000800010d4                TC11_Handler
                0x00000000800010d4                SSC_Handler
                0x00000000800010d4                ACC_Handler
                0x00000000800010d4                PMC_Handler
                0x00000000800010d4                GMAC_Handler
                0x00000000800010d4                SUPC_Handler
                0x00000000800010d4                SVC_Handler
                0x00000000800010d4                TC8_Handler
                0x00000000800010d4                GMACQ2_Handler
                0x00000000800010d4                EFC_Handler
                0x00000000800010d4                USART2_Handler
                0x00000000800010d4                SDRAMC_Handler
                0x00000000800010d4                SPI1_Handler
                0x00000000800010d4                MCAN0_Handler
                0x00000000800010d4                TC10_Handler
                0x00000000800010d4                TWIHS2_Handler
                0x00000000800010d4                MLB_Handler
                0x00000000800010d4                UART0_Handler
                0x00000000800010d4                GMACQ1_Handler
                0x00000000800010d4                MCAN1_Line1_Handler
                0x00000000800010d4                FPU_Handler
                0x00000000800010d4                RSTC_Handler
                0x00000000800010d4                MCAN0_Line1_Handler
                0x00000000800010d4                TC5_Handler
                0x00000000800010d4                AES_Handler
                0x00000000800010d4                ICM_Handler
                0x00000000800010d4                TWIHS0_Handler
                0x00000000800010d4                SPI0_Handler
 .text.TC_Configure
                0x00000000800010e4       0x54 obj/qspi_tc.o
                0x00000000800010e4                TC_Configure
 .text.TC_Start
                0x0000000080001138       0x40 obj/qspi_tc.o
                0x0000000080001138                TC_Start
 .text.TC_FindMckDivisor
                0x0000000080001178       0xb4 obj/qspi_tc.o
                0x0000000080001178                TC_FindMckDivisor
 .text.NVIC_SetPriority
                0x000000008000122c       0x54 obj/qspi_timetick.o
 .text.SysTick_Config
                0x0000000080001280       0x44 obj/qspi_timetick.o
 .text.SysTick_Handler
                0x00000000800012c4       0x7c obj/qspi_timetick.o
                0x00000000800012c4                SysTick_Handler
 .text.TimeTick_Configure
                0x0000000080001340       0xb0 obj/qspi_timetick.o
                0x0000000080001340                TimeTick_Configure
 .text.GetDelayInTicks
                0x00000000800013f0       0x4c obj/qspi_timetick.o
                0x00000000800013f0                GetDelayInTicks
 .text.Wait     0x000000008000143c       0x5c obj/qspi_timetick.o
                0x000000008000143c                Wait
 .text.WDT_Disable
                0x0000000080001498       0x1a obj/qspi_wdt.o
                0x0000000080001498                WDT_Disable
 *fill*         0x00000000800014b2        0x2 
 .text.NVIC_EnableIRQ
                0x00000000800014b4       0x30 obj/qspi_main.o
 .text.NVIC_ClearPendingIRQ
                0x00000000800014e4       0x34 obj/qspi_main.o
 .text.SCB_EnableICache
                0x0000000080001518       0x34 obj/qspi_main.o
 .text.SCB_EnableDCache
                0x000000008000154c       0x80 obj/qspi_main.o
 .text.ProcessButtonEvt
                0x00000000800015cc       0x90 obj/qspi_main.o
 .text._DBGU_Handler
                0x000000008000165c       0x38 obj/qspi_main.o
 .text._ConfigureLeds
                0x0000000080001694       0x26 obj/qspi_main.o
 *fill*         0x00000000800016ba        0x2 
 .text.TC0_Handler
                0x00000000800016bc       0x3c obj/qspi_main.o
                0x00000000800016bc                TC0_Handler
 .text._ConfigureTc
                0x00000000800016f8       0x78 obj/qspi_main.o
 .text.main     0x0000000080001770       0xcc obj/qspi_main.o
                0x0000000080001770                main
 .text.__assert_func
                0x000000008000183c       0x3c /home/admin1/arm_toolchain/gcc-arm-none-eabi-6-2017-q2-update/bin/../lib/gcc/arm-none-eabi/6.3.1/../../../../arm-none-eabi/lib/thumb/v7-m/libc.a(lib_a-assert.o)
                0x000000008000183c                __assert_func
 .text.fiprintf
                0x0000000080001878       0x28 /home/admin1/arm_toolchain/gcc-arm-none-eabi-6-2017-q2-update/bin/../lib/gcc/arm-none-eabi/6.3.1/../../../../arm-none-eabi/lib/thumb/v7-m/libc.a(lib_a-fiprintf.o)
                0x0000000080001878                fiprintf
 .text.__libc_init_array
                0x00000000800018a0       0x50 /home/admin1/arm_toolchain/gcc-arm-none-eabi-6-2017-q2-update/bin/../lib/gcc/arm-none-eabi/6.3.1/../../../../arm-none-eabi/lib/thumb/v7-m/libc.a(lib_a-init.o)
                0x00000000800018a0                __libc_init_array
 .text.iprintf  0x00000000800018f0       0x28 /home/admin1/arm_toolchain/gcc-arm-none-eabi-6-2017-q2-update/bin/../lib/gcc/arm-none-eabi/6.3.1/../../../../arm-none-eabi/lib/thumb/v7-m/libc.a(lib_a-iprintf.o)
                0x00000000800018f0                iprintf
 .text          0x0000000080001918       0xec /home/admin1/arm_toolchain/gcc-arm-none-eabi-6-2017-q2-update/bin/../lib/gcc/arm-none-eabi/6.3.1/../../../../arm-none-eabi/lib/thumb/v7-m/libc.a(lib_a-memcpy.o)
                0x0000000080001918                memcpy
 .text.memset   0x0000000080001a04       0x9c /home/admin1/arm_toolchain/gcc-arm-none-eabi-6-2017-q2-update/bin/../lib/gcc/arm-none-eabi/6.3.1/../../../../arm-none-eabi/lib/thumb/v7-m/libc.a(lib_a-memset.o)
                0x0000000080001a04                memset
 .text.setvbuf  0x0000000080001aa0      0x190 /home/admin1/arm_toolchain/gcc-arm-none-eabi-6-2017-q2-update/bin/../lib/gcc/arm-none-eabi/6.3.1/../../../../arm-none-eabi/lib/thumb/v7-m/libc.a(lib_a-setvbuf.o)
                0x0000000080001aa0                setvbuf
 .text.__sprint_r.part.0
                0x0000000080001c30       0x80 /home/admin1/arm_toolchain/gcc-arm-none-eabi-6-2017-q2-update/bin/../lib/gcc/arm-none-eabi/6.3.1/../../../../arm-none-eabi/lib/thumb/v7-m/libc.a(lib_a-vfiprintf.o)
 .text._vfiprintf_r
                0x0000000080001cb0      0xc88 /home/admin1/arm_toolchain/gcc-arm-none-eabi-6-2017-q2-update/bin/../lib/gcc/arm-none-eabi/6.3.1/../../../../arm-none-eabi/lib/thumb/v7-m/libc.a(lib_a-vfiprintf.o)
                0x0000000080001cb0                _vfiprintf_r
 .text.__sbprintf
                0x0000000080002938       0x88 /home/admin1/arm_toolchain/gcc-arm-none-eabi-6-2017-q2-update/bin/../lib/gcc/arm-none-eabi/6.3.1/../../../../arm-none-eabi/lib/thumb/v7-m/libc.a(lib_a-vfiprintf.o)
 .text.__swsetup_r
                0x00000000800029c0       0xc8 /home/admin1/arm_toolchain/gcc-arm-none-eabi-6-2017-q2-update/bin/../lib/gcc/arm-none-eabi/6.3.1/../../../../arm-none-eabi/lib/thumb/v7-m/libc.a(lib_a-wsetup.o)
                0x00000000800029c0                __swsetup_r
 .text.startup.register_fini
                0x0000000080002a88       0x14 /home/admin1/arm_toolchain/gcc-arm-none-eabi-6-2017-q2-update/bin/../lib/gcc/arm-none-eabi/6.3.1/../../../../arm-none-eabi/lib/thumb/v7-m/libc.a(lib_a-__call_atexit.o)
 .text.abort    0x0000000080002a9c       0x10 /home/admin1/arm_toolchain/gcc-arm-none-eabi-6-2017-q2-update/bin/../lib/gcc/arm-none-eabi/6.3.1/../../../../arm-none-eabi/lib/thumb/v7-m/libc.a(lib_a-abort.o)
                0x0000000080002a9c                abort
 .text.atexit   0x0000000080002aac        0xc /home/admin1/arm_toolchain/gcc-arm-none-eabi-6-2017-q2-update/bin/../lib/gcc/arm-none-eabi/6.3.1/../../../../arm-none-eabi/lib/thumb/v7-m/libc.a(lib_a-atexit.o)
                0x0000000080002aac                atexit
 .text.__sflush_r
                0x0000000080002ab8      0x138 /home/admin1/arm_toolchain/gcc-arm-none-eabi-6-2017-q2-update/bin/../lib/gcc/arm-none-eabi/6.3.1/../../../../arm-none-eabi/lib/thumb/v7-m/libc.a(lib_a-fflush.o)
                0x0000000080002ab8                __sflush_r
 .text._fflush_r
                0x0000000080002bf0       0x54 /home/admin1/arm_toolchain/gcc-arm-none-eabi-6-2017-q2-update/bin/../lib/gcc/arm-none-eabi/6.3.1/../../../../arm-none-eabi/lib/thumb/v7-m/libc.a(lib_a-fflush.o)
                0x0000000080002bf0                _fflush_r
 .text._cleanup_r
                0x0000000080002c44        0xc /home/admin1/arm_toolchain/gcc-arm-none-eabi-6-2017-q2-update/bin/../lib/gcc/arm-none-eabi/6.3.1/../../../../arm-none-eabi/lib/thumb/v7-m/libc.a(lib_a-findfp.o)
                0x0000000080002c44                _cleanup_r
 .text.std.isra.0
                0x0000000080002c50       0x50 /home/admin1/arm_toolchain/gcc-arm-none-eabi-6-2017-q2-update/bin/../lib/gcc/arm-none-eabi/6.3.1/../../../../arm-none-eabi/lib/thumb/v7-m/libc.a(lib_a-findfp.o)
 .text.__sinit  0x0000000080002ca0       0x60 /home/admin1/arm_toolchain/gcc-arm-none-eabi-6-2017-q2-update/bin/../lib/gcc/arm-none-eabi/6.3.1/../../../../arm-none-eabi/lib/thumb/v7-m/libc.a(lib_a-findfp.o)
                0x0000000080002ca0                __sinit
 .text.__sfp_lock_acquire
                0x0000000080002d00        0xc /home/admin1/arm_toolchain/gcc-arm-none-eabi-6-2017-q2-update/bin/../lib/gcc/arm-none-eabi/6.3.1/../../../../arm-none-eabi/lib/thumb/v7-m/libc.a(lib_a-findfp.o)
                0x0000000080002d00                __sfp_lock_acquire
 .text.__sfp_lock_release
                0x0000000080002d0c        0xc /home/admin1/arm_toolchain/gcc-arm-none-eabi-6-2017-q2-update/bin/../lib/gcc/arm-none-eabi/6.3.1/../../../../arm-none-eabi/lib/thumb/v7-m/libc.a(lib_a-findfp.o)
                0x0000000080002d0c                __sfp_lock_release
 .text.__libc_fini_array
                0x0000000080002d18       0x34 /home/admin1/arm_toolchain/gcc-arm-none-eabi-6-2017-q2-update/bin/../lib/gcc/arm-none-eabi/6.3.1/../../../../arm-none-eabi/lib/thumb/v7-m/libc.a(lib_a-fini.o)
                0x0000000080002d18                __libc_fini_array
 .text.__fputwc
                0x0000000080002d4c       0x98 /home/admin1/arm_toolchain/gcc-arm-none-eabi-6-2017-q2-update/bin/../lib/gcc/arm-none-eabi/6.3.1/../../../../arm-none-eabi/lib/thumb/v7-m/libc.a(lib_a-fputwc.o)
                0x0000000080002d4c                __fputwc
 .text._fputwc_r
                0x0000000080002de4       0x68 /home/admin1/arm_toolchain/gcc-arm-none-eabi-6-2017-q2-update/bin/../lib/gcc/arm-none-eabi/6.3.1/../../../../arm-none-eabi/lib/thumb/v7-m/libc.a(lib_a-fputwc.o)
                0x0000000080002de4                _fputwc_r
 .text._malloc_trim_r
                0x0000000080002e4c       0xa0 /home/admin1/arm_toolchain/gcc-arm-none-eabi-6-2017-q2-update/bin/../lib/gcc/arm-none-eabi/6.3.1/../../../../arm-none-eabi/lib/thumb/v7-m/libc.a(lib_a-freer.o)
                0x0000000080002e4c                _malloc_trim_r
 .text._free_r  0x0000000080002eec      0x1cc /home/admin1/arm_toolchain/gcc-arm-none-eabi-6-2017-q2-update/bin/../lib/gcc/arm-none-eabi/6.3.1/../../../../arm-none-eabi/lib/thumb/v7-m/libc.a(lib_a-freer.o)
                0x0000000080002eec                _free_r
 .text.__sfvwrite_r
                0x00000000800030b8      0x2f4 /home/admin1/arm_toolchain/gcc-arm-none-eabi-6-2017-q2-update/bin/../lib/gcc/arm-none-eabi/6.3.1/../../../../arm-none-eabi/lib/thumb/v7-m/libc.a(lib_a-fvwrite.o)
                0x00000000800030b8                __sfvwrite_r
 .text._fwalk_reent
                0x00000000800033ac       0x50 /home/admin1/arm_toolchain/gcc-arm-none-eabi-6-2017-q2-update/bin/../lib/gcc/arm-none-eabi/6.3.1/../../../../arm-none-eabi/lib/thumb/v7-m/libc.a(lib_a-fwalk.o)
                0x00000000800033ac                _fwalk_reent
 .text.__locale_mb_cur_max
                0x00000000800033fc       0x1c /home/admin1/arm_toolchain/gcc-arm-none-eabi-6-2017-q2-update/bin/../lib/gcc/arm-none-eabi/6.3.1/../../../../arm-none-eabi/lib/thumb/v7-m/libc.a(lib_a-locale.o)
                0x00000000800033fc                __locale_mb_cur_max
 .text.__retarget_lock_init_recursive
                0x0000000080003418        0x4 /home/admin1/arm_toolchain/gcc-arm-none-eabi-6-2017-q2-update/bin/../lib/gcc/arm-none-eabi/6.3.1/../../../../arm-none-eabi/lib/thumb/v7-m/libc.a(lib_a-lock.o)
                0x0000000080003418                __retarget_lock_init_recursive
 .text.__retarget_lock_close_recursive
                0x000000008000341c        0x4 /home/admin1/arm_toolchain/gcc-arm-none-eabi-6-2017-q2-update/bin/../lib/gcc/arm-none-eabi/6.3.1/../../../../arm-none-eabi/lib/thumb/v7-m/libc.a(lib_a-lock.o)
                0x000000008000341c                __retarget_lock_close_recursive
 .text.__retarget_lock_acquire_recursive
                0x0000000080003420        0x4 /home/admin1/arm_toolchain/gcc-arm-none-eabi-6-2017-q2-update/bin/../lib/gcc/arm-none-eabi/6.3.1/../../../../arm-none-eabi/lib/thumb/v7-m/libc.a(lib_a-lock.o)
                0x0000000080003420                __retarget_lock_acquire_recursive
 .text.__retarget_lock_release_recursive
                0x0000000080003424        0x4 /home/admin1/arm_toolchain/gcc-arm-none-eabi-6-2017-q2-update/bin/../lib/gcc/arm-none-eabi/6.3.1/../../../../arm-none-eabi/lib/thumb/v7-m/libc.a(lib_a-lock.o)
                0x0000000080003424                __retarget_lock_release_recursive
 .text.__swhatbuf_r
                0x0000000080003428       0x5c /home/admin1/arm_toolchain/gcc-arm-none-eabi-6-2017-q2-update/bin/../lib/gcc/arm-none-eabi/6.3.1/../../../../arm-none-eabi/lib/thumb/v7-m/libc.a(lib_a-makebuf.o)
                0x0000000080003428                __swhatbuf_r
 .text.__smakebuf_r
                0x0000000080003484       0x94 /home/admin1/arm_toolchain/gcc-arm-none-eabi-6-2017-q2-update/bin/../lib/gcc/arm-none-eabi/6.3.1/../../../../arm-none-eabi/lib/thumb/v7-m/libc.a(lib_a-makebuf.o)
                0x0000000080003484                __smakebuf_r
 .text.malloc   0x0000000080003518       0x10 /home/admin1/arm_toolchain/gcc-arm-none-eabi-6-2017-q2-update/bin/../lib/gcc/arm-none-eabi/6.3.1/../../../../arm-none-eabi/lib/thumb/v7-m/libc.a(lib_a-malloc.o)
                0x0000000080003518                malloc
 .text._malloc_r
                0x0000000080003528      0x544 /home/admin1/arm_toolchain/gcc-arm-none-eabi-6-2017-q2-update/bin/../lib/gcc/arm-none-eabi/6.3.1/../../../../arm-none-eabi/lib/thumb/v7-m/libc.a(lib_a-mallocr.o)
                0x0000000080003528                _malloc_r
 .text.__ascii_mbtowc
                0x0000000080003a6c       0x2c /home/admin1/arm_toolchain/gcc-arm-none-eabi-6-2017-q2-update/bin/../lib/gcc/arm-none-eabi/6.3.1/../../../../arm-none-eabi/lib/thumb/v7-m/libc.a(lib_a-mbtowc_r.o)
                0x0000000080003a6c                __ascii_mbtowc
 .text.memchr   0x0000000080003a98       0x8c /home/admin1/arm_toolchain/gcc-arm-none-eabi-6-2017-q2-update/bin/../lib/gcc/arm-none-eabi/6.3.1/../../../../arm-none-eabi/lib/thumb/v7-m/libc.a(lib_a-memchr-stub.o)
                0x0000000080003a98                memchr
 .text.memmove  0x0000000080003b24       0xc8 /home/admin1/arm_toolchain/gcc-arm-none-eabi-6-2017-q2-update/bin/../lib/gcc/arm-none-eabi/6.3.1/../../../../arm-none-eabi/lib/thumb/v7-m/libc.a(lib_a-memmove.o)
                0x0000000080003b24                memmove
 .text.__malloc_lock
                0x0000000080003bec        0xc /home/admin1/arm_toolchain/gcc-arm-none-eabi-6-2017-q2-update/bin/../lib/gcc/arm-none-eabi/6.3.1/../../../../arm-none-eabi/lib/thumb/v7-m/libc.a(lib_a-mlock.o)
                0x0000000080003bec                __malloc_lock
 .text.__malloc_unlock
                0x0000000080003bf8        0xc /home/admin1/arm_toolchain/gcc-arm-none-eabi-6-2017-q2-update/bin/../lib/gcc/arm-none-eabi/6.3.1/../../../../arm-none-eabi/lib/thumb/v7-m/libc.a(lib_a-mlock.o)
                0x0000000080003bf8                __malloc_unlock
 .text._realloc_r
                0x0000000080003c04      0x36c /home/admin1/arm_toolchain/gcc-arm-none-eabi-6-2017-q2-update/bin/../lib/gcc/arm-none-eabi/6.3.1/../../../../arm-none-eabi/lib/thumb/v7-m/libc.a(lib_a-reallocr.o)
                0x0000000080003c04                _realloc_r
 .text._sbrk_r  0x0000000080003f70       0x24 /home/admin1/arm_toolchain/gcc-arm-none-eabi-6-2017-q2-update/bin/../lib/gcc/arm-none-eabi/6.3.1/../../../../arm-none-eabi/lib/thumb/v7-m/libc.a(lib_a-sbrkr.o)
                0x0000000080003f70                _sbrk_r
 .text._raise_r
                0x0000000080003f94       0x60 /home/admin1/arm_toolchain/gcc-arm-none-eabi-6-2017-q2-update/bin/../lib/gcc/arm-none-eabi/6.3.1/../../../../arm-none-eabi/lib/thumb/v7-m/libc.a(lib_a-signal.o)
                0x0000000080003f94                _raise_r
 .text.raise    0x0000000080003ff4       0x10 /home/admin1/arm_toolchain/gcc-arm-none-eabi-6-2017-q2-update/bin/../lib/gcc/arm-none-eabi/6.3.1/../../../../arm-none-eabi/lib/thumb/v7-m/libc.a(lib_a-signal.o)
                0x0000000080003ff4                raise
 .text._kill_r  0x0000000080004004       0x28 /home/admin1/arm_toolchain/gcc-arm-none-eabi-6-2017-q2-update/bin/../lib/gcc/arm-none-eabi/6.3.1/../../../../arm-none-eabi/lib/thumb/v7-m/libc.a(lib_a-signalr.o)
                0x0000000080004004                _kill_r
 .text._getpid_r
                0x000000008000402c        0x4 /home/admin1/arm_toolchain/gcc-arm-none-eabi-6-2017-q2-update/bin/../lib/gcc/arm-none-eabi/6.3.1/../../../../arm-none-eabi/lib/thumb/v7-m/libc.a(lib_a-signalr.o)
                0x000000008000402c                _getpid_r
 .text.__sread  0x0000000080004030       0x24 /home/admin1/arm_toolchain/gcc-arm-none-eabi-6-2017-q2-update/bin/../lib/gcc/arm-none-eabi/6.3.1/../../../../arm-none-eabi/lib/thumb/v7-m/libc.a(lib_a-stdio.o)
                0x0000000080004030                __sread
 .text.__swrite
                0x0000000080004054       0x3c /home/admin1/arm_toolchain/gcc-arm-none-eabi-6-2017-q2-update/bin/../lib/gcc/arm-none-eabi/6.3.1/../../../../arm-none-eabi/lib/thumb/v7-m/libc.a(lib_a-stdio.o)
                0x0000000080004054                __swrite
 .text.__sseek  0x0000000080004090       0x20 /home/admin1/arm_toolchain/gcc-arm-none-eabi-6-2017-q2-update/bin/../lib/gcc/arm-none-eabi/6.3.1/../../../../arm-none-eabi/lib/thumb/v7-m/libc.a(lib_a-stdio.o)
                0x0000000080004090                __sseek
 .text.__sclose
                0x00000000800040b0        0x8 /home/admin1/arm_toolchain/gcc-arm-none-eabi-6-2017-q2-update/bin/../lib/gcc/arm-none-eabi/6.3.1/../../../../arm-none-eabi/lib/thumb/v7-m/libc.a(lib_a-stdio.o)
                0x00000000800040b0                __sclose
 .text.strlen   0x00000000800040b8       0x5c /home/admin1/arm_toolchain/gcc-arm-none-eabi-6-2017-q2-update/bin/../lib/gcc/arm-none-eabi/6.3.1/../../../../arm-none-eabi/lib/thumb/v7-m/libc.a(lib_a-strlen-stub.o)
                0x00000000800040b8                strlen
 .text.__swbuf_r
                0x0000000080004114       0xb0 /home/admin1/arm_toolchain/gcc-arm-none-eabi-6-2017-q2-update/bin/../lib/gcc/arm-none-eabi/6.3.1/../../../../arm-none-eabi/lib/thumb/v7-m/libc.a(lib_a-wbuf.o)
                0x0000000080004114                __swbuf_r
 .text._wcrtomb_r
                0x00000000800041c4       0x54 /home/admin1/arm_toolchain/gcc-arm-none-eabi-6-2017-q2-update/bin/../lib/gcc/arm-none-eabi/6.3.1/../../../../arm-none-eabi/lib/thumb/v7-m/libc.a(lib_a-wcrtomb.o)
                0x00000000800041c4                _wcrtomb_r
 .text.__ascii_wctomb
                0x0000000080004218       0x18 /home/admin1/arm_toolchain/gcc-arm-none-eabi-6-2017-q2-update/bin/../lib/gcc/arm-none-eabi/6.3.1/../../../../arm-none-eabi/lib/thumb/v7-m/libc.a(lib_a-wctomb_r.o)
                0x0000000080004218                __ascii_wctomb
 .text._write_r
                0x0000000080004230       0x2c /home/admin1/arm_toolchain/gcc-arm-none-eabi-6-2017-q2-update/bin/../lib/gcc/arm-none-eabi/6.3.1/../../../../arm-none-eabi/lib/thumb/v7-m/libc.a(lib_a-writer.o)
                0x0000000080004230                _write_r
 .text.__register_exitproc
                0x000000008000425c       0xc4 /home/admin1/arm_toolchain/gcc-arm-none-eabi-6-2017-q2-update/bin/../lib/gcc/arm-none-eabi/6.3.1/../../../../arm-none-eabi/lib/thumb/v7-m/libc.a(lib_a-__atexit.o)
                0x000000008000425c                __register_exitproc
 .text._close_r
                0x0000000080004320       0x24 /home/admin1/arm_toolchain/gcc-arm-none-eabi-6-2017-q2-update/bin/../lib/gcc/arm-none-eabi/6.3.1/../../../../arm-none-eabi/lib/thumb/v7-m/libc.a(lib_a-closer.o)
                0x0000000080004320                _close_r
 .text._fclose_r
                0x0000000080004344       0xc4 /home/admin1/arm_toolchain/gcc-arm-none-eabi-6-2017-q2-update/bin/../lib/gcc/arm-none-eabi/6.3.1/../../../../arm-none-eabi/lib/thumb/v7-m/libc.a(lib_a-fclose.o)
                0x0000000080004344                _fclose_r
 .text._fstat_r
                0x0000000080004408       0x28 /home/admin1/arm_toolchain/gcc-arm-none-eabi-6-2017-q2-update/bin/../lib/gcc/arm-none-eabi/6.3.1/../../../../arm-none-eabi/lib/thumb/v7-m/libc.a(lib_a-fstatr.o)
                0x0000000080004408                _fstat_r
 .text._isatty_r
                0x0000000080004430       0x24 /home/admin1/arm_toolchain/gcc-arm-none-eabi-6-2017-q2-update/bin/../lib/gcc/arm-none-eabi/6.3.1/../../../../arm-none-eabi/lib/thumb/v7-m/libc.a(lib_a-isattyr.o)
                0x0000000080004430                _isatty_r
 .text._lseek_r
                0x0000000080004454       0x2c /home/admin1/arm_toolchain/gcc-arm-none-eabi-6-2017-q2-update/bin/../lib/gcc/arm-none-eabi/6.3.1/../../../../arm-none-eabi/lib/thumb/v7-m/libc.a(lib_a-lseekr.o)
                0x0000000080004454                _lseek_r
 .text._read_r  0x0000000080004480       0x2c /home/admin1/arm_toolchain/gcc-arm-none-eabi-6-2017-q2-update/bin/../lib/gcc/arm-none-eabi/6.3.1/../../../../arm-none-eabi/lib/thumb/v7-m/libc.a(lib_a-readr.o)
                0x0000000080004480                _read_r
 .text          0x00000000800044ac       0x30 /home/admin1/arm_toolchain/gcc-arm-none-eabi-6-2017-q2-update/bin/../lib/gcc/arm-none-eabi/6.3.1/thumb/v7-m/libgcc.a(_aeabi_uldivmod.o)
                0x00000000800044ac                __aeabi_uldivmod
 .text          0x00000000800044dc      0x2dc /home/admin1/arm_toolchain/gcc-arm-none-eabi-6-2017-q2-update/bin/../lib/gcc/arm-none-eabi/6.3.1/thumb/v7-m/libgcc.a(_udivmoddi4.o)
                0x00000000800044dc                __udivmoddi4
 .text          0x00000000800047b8        0x4 /home/admin1/arm_toolchain/gcc-arm-none-eabi-6-2017-q2-update/bin/../lib/gcc/arm-none-eabi/6.3.1/thumb/v7-m/libgcc.a(_dvmd_tls.o)
                0x00000000800047b8                __aeabi_ldiv0
                0x00000000800047b8                __aeabi_idiv0
 *(.glue_7t)
 .glue_7t       0x00000000800047bc        0x0 linker stubs
 *(.glue_7)
 .glue_7        0x00000000800047bc        0x0 linker stubs
 *(.rodata .rodata* .gnu.linkonce.r.*)
 .rodata        0x00000000800047bc       0xfb obj/qspi_dbg_console.o
 *fill*         0x00000000800048b7        0x1 
 .rodata        0x00000000800048b8       0x19 obj/qspi_syscalls.o
 *fill*         0x00000000800048d1        0x3 
 .rodata        0x00000000800048d4       0x1c obj/qspi_led.o
 .rodata        0x00000000800048f0       0xaa obj/qspi_exceptions.o
 *fill*         0x000000008000499a        0x2 
 .rodata        0x000000008000499c       0xd6 obj/qspi_pio_it.o
 *fill*         0x0000000080004a72        0x2 
 .rodata        0x0000000080004a74       0x94 obj/qspi_pmc.o
 .rodata        0x0000000080004b08       0x1b obj/qspi_startup_samv71.o
 *fill*         0x0000000080004b23        0x1 
 .rodata        0x0000000080004b24       0xa8 obj/qspi_tc.o
 .rodata        0x0000000080004bcc       0xc6 obj/qspi_timetick.o
 *fill*         0x0000000080004c92        0x2 
 .rodata        0x0000000080004c94      0x13f obj/qspi_main.o
 *fill*         0x0000000080004dd3        0x1 
 .rodata.__assert_func.str1.4
                0x0000000080004dd4       0x3f /home/admin1/arm_toolchain/gcc-arm-none-eabi-6-2017-q2-update/bin/../lib/gcc/arm-none-eabi/6.3.1/../../../../arm-none-eabi/lib/thumb/v7-m/libc.a(lib_a-assert.o)
                                         0x43 (size before relaxing)
 *fill*         0x0000000080004e13        0x1 
 .rodata._global_impure_ptr
                0x0000000080004e14        0x4 /home/admin1/arm_toolchain/gcc-arm-none-eabi-6-2017-q2-update/bin/../lib/gcc/arm-none-eabi/6.3.1/../../../../arm-none-eabi/lib/thumb/v7-m/libc.a(lib_a-impure.o)
                0x0000000080004e14                _global_impure_ptr
 .rodata._vfiprintf_r.str1.4
                0x0000000080004e18       0x2f /home/admin1/arm_toolchain/gcc-arm-none-eabi-6-2017-q2-update/bin/../lib/gcc/arm-none-eabi/6.3.1/../../../../arm-none-eabi/lib/thumb/v7-m/libc.a(lib_a-vfiprintf.o)
 *fill*         0x0000000080004e47        0x1 
 .rodata.blanks.7217
                0x0000000080004e48       0x10 /home/admin1/arm_toolchain/gcc-arm-none-eabi-6-2017-q2-update/bin/../lib/gcc/arm-none-eabi/6.3.1/../../../../arm-none-eabi/lib/thumb/v7-m/libc.a(lib_a-vfiprintf.o)
 .rodata.zeroes.7218
                0x0000000080004e58       0x10 /home/admin1/arm_toolchain/gcc-arm-none-eabi-6-2017-q2-update/bin/../lib/gcc/arm-none-eabi/6.3.1/../../../../arm-none-eabi/lib/thumb/v7-m/libc.a(lib_a-vfiprintf.o)
 .rodata._setlocale_r.str1.4
                0x0000000080004e68        0xa /home/admin1/arm_toolchain/gcc-arm-none-eabi-6-2017-q2-update/bin/../lib/gcc/arm-none-eabi/6.3.1/../../../../arm-none-eabi/lib/thumb/v7-m/libc.a(lib_a-locale.o)
                                          0xd (size before relaxing)
 *fill*         0x0000000080004e72        0x2 
 .rodata.str1.4
                0x0000000080004e74        0x4 /home/admin1/arm_toolchain/gcc-arm-none-eabi-6-2017-q2-update/bin/../lib/gcc/arm-none-eabi/6.3.1/../../../../arm-none-eabi/lib/thumb/v7-m/libc.a(lib_a-locale.o)
                                          0x2 (size before relaxing)
 .rodata._ctype_
                0x0000000080004e78      0x101 /home/admin1/arm_toolchain/gcc-arm-none-eabi-6-2017-q2-update/bin/../lib/gcc/arm-none-eabi/6.3.1/../../../../arm-none-eabi/lib/thumb/v7-m/libc.a(lib_a-ctype_.o)
                0x0000000080004e78                _ctype_
 *(.ARM.extab* .gnu.linkonce.armextab.*)
                0x0000000080004f7c                . = ALIGN (0x4)
 *fill*         0x0000000080004f79        0x3 
 *(.init)
 .init          0x0000000080004f7c        0x4 /home/admin1/arm_toolchain/gcc-arm-none-eabi-6-2017-q2-update/bin/../lib/gcc/arm-none-eabi/6.3.1/thumb/v7-m/crti.o
                0x0000000080004f7c                _init
 .init          0x0000000080004f80        0x8 /home/admin1/arm_toolchain/gcc-arm-none-eabi-6-2017-q2-update/bin/../lib/gcc/arm-none-eabi/6.3.1/thumb/v7-m/crtn.o
                0x0000000080004f88                . = ALIGN (0x4)
                0x0000000080004f88                __preinit_array_start = .
 *(.preinit_array)
                0x0000000080004f88                __preinit_array_end = .
                0x0000000080004f88                . = ALIGN (0x4)
                0x0000000080004f88                __init_array_start = .
 *(SORT(.init_array.*))
 .init_array.00000
                0x0000000080004f88        0x4 /home/admin1/arm_toolchain/gcc-arm-none-eabi-6-2017-q2-update/bin/../lib/gcc/arm-none-eabi/6.3.1/../../../../arm-none-eabi/lib/thumb/v7-m/libc.a(lib_a-__call_atexit.o)
 *(.init_array)
 .init_array    0x0000000080004f8c        0x4 /home/admin1/arm_toolchain/gcc-arm-none-eabi-6-2017-q2-update/bin/../lib/gcc/arm-none-eabi/6.3.1/thumb/v7-m/crtbegin.o
                0x0000000080004f90                __init_array_end = .
                0x0000000080004f90                . = ALIGN (0x4)
 *crtbegin.o(.ctors)
 *(EXCLUDE_FILE(*crtend.o) .ctors)
 *(SORT(.ctors.*))
 *crtend.o(.ctors)
                0x0000000080004f90                . = ALIGN (0x4)
 *(.fini)
 .fini          0x0000000080004f90        0x4 /home/admin1/arm_toolchain/gcc-arm-none-eabi-6-2017-q2-update/bin/../lib/gcc/arm-none-eabi/6.3.1/thumb/v7-m/crti.o
                0x0000000080004f90                _fini
 .fini          0x0000000080004f94        0x8 /home/admin1/arm_toolchain/gcc-arm-none-eabi-6-2017-q2-update/bin/../lib/gcc/arm-none-eabi/6.3.1/thumb/v7-m/crtn.o
                0x0000000080004f9c                . = ALIGN (0x4)
                0x0000000080004f9c                __fini_array_start = .
 *(.fini_array)
 .fini_array    0x0000000080004f9c        0x4 /home/admin1/arm_toolchain/gcc-arm-none-eabi-6-2017-q2-update/bin/../lib/gcc/arm-none-eabi/6.3.1/thumb/v7-m/crtbegin.o
 *(SORT(.fini_array.*))
                0x0000000080004fa0                __fini_array_end = .
 *crtbegin.o(.dtors)
 *(EXCLUDE_FILE(*crtend.o) .dtors)
 *(SORT(.dtors.*))
 *crtend.o(.dtors)
                0x0000000080004fa0                . = ALIGN (0x4)
                0x0000000080004fa0                _efixed = .
                [!provide]                        PROVIDE (__exidx_start, .)

.vfp11_veneer   0x0000000080004fa0        0x0
 .vfp11_veneer  0x0000000080004fa0        0x0 linker stubs

.v4_bx          0x0000000080004fa0        0x0
 .v4_bx         0x0000000080004fa0        0x0 linker stubs

.iplt           0x0000000080004fa0        0x0
 .iplt          0x0000000080004fa0        0x0 /home/admin1/arm_toolchain/gcc-arm-none-eabi-6-2017-q2-update/bin/../lib/gcc/arm-none-eabi/6.3.1/thumb/v7-m/crtbegin.o

.ARM.exidx      0x0000000080004fa0        0x8
 *(.ARM.exidx* .gnu.linkonce.armexidx.*)
 .ARM.exidx     0x0000000080004fa0        0x8 /home/admin1/arm_toolchain/gcc-arm-none-eabi-6-2017-q2-update/bin/../lib/gcc/arm-none-eabi/6.3.1/thumb/v7-m/libgcc.a(_udivmoddi4.o)
                [!provide]                        PROVIDE (__exidx_end, .)

.eh_frame       0x0000000080004fa8        0x0
 .eh_frame      0x0000000080004fa8        0x0 /home/admin1/arm_toolchain/gcc-arm-none-eabi-6-2017-q2-update/bin/../lib/gcc/arm-none-eabi/6.3.1/thumb/v7-m/crtbegin.o

.rel.dyn        0x0000000080004fa8        0x0
 .rel.iplt      0x0000000080004fa8        0x0 /home/admin1/arm_toolchain/gcc-arm-none-eabi-6-2017-q2-update/bin/../lib/gcc/arm-none-eabi/6.3.1/thumb/v7-m/crtbegin.o

.jcr            0x0000000080004fa8        0x0
 .jcr           0x0000000080004fa8        0x0 /home/admin1/arm_toolchain/gcc-arm-none-eabi-6-2017-q2-update/bin/../lib/gcc/arm-none-eabi/6.3.1/thumb/v7-m/crtbegin.o

.igot.plt       0x0000000080004fa8        0x0
 .igot.plt      0x0000000080004fa8        0x0 /home/admin1/arm_toolchain/gcc-arm-none-eabi-6-2017-q2-update/bin/../lib/gcc/arm-none-eabi/6.3.1/thumb/v7-m/crtbegin.o
                0x0000000080004fa8                . = ALIGN (0x4)
                0x0000000080004fa8                _etext = .

.relocate       0x0000000020400000      0x9b8 load address 0x0000000080004fa8
                0x0000000020400000                . = ALIGN (0x4)
                0x0000000020400000                _srelocate = .
 *(.ramfunc .ramfunc.*)
 *(.data .data.*)
 .data          0x0000000020400000        0x4 obj/qspi_system_samv71.o
                0x0000000020400000                SystemCoreClock
 .data          0x0000000020400004        0x2 obj/qspi_main.o
                0x0000000020400004                bLed0Active
                0x0000000020400005                bLed1Active
 *fill*         0x0000000020400006        0x2 
 .data._impure_ptr
                0x0000000020400008        0x4 /home/admin1/arm_toolchain/gcc-arm-none-eabi-6-2017-q2-update/bin/../lib/gcc/arm-none-eabi/6.3.1/../../../../arm-none-eabi/lib/thumb/v7-m/libc.a(lib_a-impure.o)
                0x0000000020400008                _impure_ptr
 *fill*         0x000000002040000c        0x4 
 .data.impure_data
                0x0000000020400010      0x428 /home/admin1/arm_toolchain/gcc-arm-none-eabi-6-2017-q2-update/bin/../lib/gcc/arm-none-eabi/6.3.1/../../../../arm-none-eabi/lib/thumb/v7-m/libc.a(lib_a-impure.o)
 .data.__atexit_recursive_mutex
                0x0000000020400438        0x4 /home/admin1/arm_toolchain/gcc-arm-none-eabi-6-2017-q2-update/bin/../lib/gcc/arm-none-eabi/6.3.1/../../../../arm-none-eabi/lib/thumb/v7-m/libc.a(lib_a-__call_atexit.o)
                0x0000000020400438                __atexit_recursive_mutex
 .data.__global_locale
                0x000000002040043c      0x16c /home/admin1/arm_toolchain/gcc-arm-none-eabi-6-2017-q2-update/bin/../lib/gcc/arm-none-eabi/6.3.1/../../../../arm-none-eabi/lib/thumb/v7-m/libc.a(lib_a-locale.o)
                0x000000002040043c                __global_locale
 .data.__malloc_av_
                0x00000000204005a8      0x408 /home/admin1/arm_toolchain/gcc-arm-none-eabi-6-2017-q2-update/bin/../lib/gcc/arm-none-eabi/6.3.1/../../../../arm-none-eabi/lib/thumb/v7-m/libc.a(lib_a-mallocr.o)
                0x00000000204005a8                __malloc_av_
 .data.__malloc_sbrk_base
                0x00000000204009b0        0x4 /home/admin1/arm_toolchain/gcc-arm-none-eabi-6-2017-q2-update/bin/../lib/gcc/arm-none-eabi/6.3.1/../../../../arm-none-eabi/lib/thumb/v7-m/libc.a(lib_a-mallocr.o)
                0x00000000204009b0                __malloc_sbrk_base
 .data.__malloc_trim_threshold
                0x00000000204009b4        0x4 /home/admin1/arm_toolchain/gcc-arm-none-eabi-6-2017-q2-update/bin/../lib/gcc/arm-none-eabi/6.3.1/../../../../arm-none-eabi/lib/thumb/v7-m/libc.a(lib_a-mallocr.o)
                0x00000000204009b4                __malloc_trim_threshold
                0x00000000204009b8                . = ALIGN (0x4)
                0x00000000204009b8                _erelocate = .

.bss            0x00000000204009b8       0xf8 load address 0x0000000080005960
                0x00000000204009b8                . = ALIGN (0x4)
                0x00000000204009b8                _sbss = .
                0x00000000204009b8                _szero = .
 *(.bss .bss.*)
 .bss           0x00000000204009b8       0x1c /home/admin1/arm_toolchain/gcc-arm-none-eabi-6-2017-q2-update/bin/../lib/gcc/arm-none-eabi/6.3.1/thumb/v7-m/crtbegin.o
 .bss           0x00000000204009d4        0x6 obj/qspi_dbg_console.o
 *fill*         0x00000000204009da        0x2 
 .bss           0x00000000204009dc        0xc obj/qspi_syscalls.o
 .bss           0x00000000204009e8       0x44 obj/qspi_pio_it.o
 .bss           0x0000000020400a2c       0x18 obj/qspi_timetick.o
 .bss.__malloc_current_mallinfo
                0x0000000020400a44       0x28 /home/admin1/arm_toolchain/gcc-arm-none-eabi-6-2017-q2-update/bin/../lib/gcc/arm-none-eabi/6.3.1/../../../../arm-none-eabi/lib/thumb/v7-m/libc.a(lib_a-mallocr.o)
                0x0000000020400a44                __malloc_current_mallinfo
 .bss.__malloc_max_sbrked_mem
                0x0000000020400a6c        0x4 /home/admin1/arm_toolchain/gcc-arm-none-eabi-6-2017-q2-update/bin/../lib/gcc/arm-none-eabi/6.3.1/../../../../arm-none-eabi/lib/thumb/v7-m/libc.a(lib_a-mallocr.o)
                0x0000000020400a6c                __malloc_max_sbrked_mem
 .bss.__malloc_max_total_mem
                0x0000000020400a70        0x4 /home/admin1/arm_toolchain/gcc-arm-none-eabi-6-2017-q2-update/bin/../lib/gcc/arm-none-eabi/6.3.1/../../../../arm-none-eabi/lib/thumb/v7-m/libc.a(lib_a-mallocr.o)
                0x0000000020400a70                __malloc_max_total_mem
 .bss.__malloc_top_pad
                0x0000000020400a74        0x4 /home/admin1/arm_toolchain/gcc-arm-none-eabi-6-2017-q2-update/bin/../lib/gcc/arm-none-eabi/6.3.1/../../../../arm-none-eabi/lib/thumb/v7-m/libc.a(lib_a-mallocr.o)
                0x0000000020400a74                __malloc_top_pad
 *(COMMON)
 COMMON         0x0000000020400a78       0x10 obj/qspi_timetick.o
                0x0000000020400a78                DelayTimer
 COMMON         0x0000000020400a88       0x21 /home/admin1/arm_toolchain/gcc-arm-none-eabi-6-2017-q2-update/bin/../lib/gcc/arm-none-eabi/6.3.1/../../../../arm-none-eabi/lib/thumb/v7-m/libc.a(lib_a-lock.o)
                0x0000000020400a88                __lock___atexit_recursive_mutex
                0x0000000020400a8c                __lock___arc4random_mutex
                0x0000000020400a90                __lock___env_recursive_mutex
                0x0000000020400a94                __lock___sinit_recursive_mutex
                0x0000000020400a98                __lock___malloc_recursive_mutex
                0x0000000020400a9c                __lock___at_quick_exit_mutex
                0x0000000020400aa0                __lock___dd_hash_mutex
                0x0000000020400aa4                __lock___tz_mutex
                0x0000000020400aa8                __lock___sfp_recursive_mutex
 *fill*         0x0000000020400aa9        0x3 
 COMMON         0x0000000020400aac        0x4 /home/admin1/arm_toolchain/gcc-arm-none-eabi-6-2017-q2-update/bin/../lib/gcc/arm-none-eabi/6.3.1/../../../../arm-none-eabi/lib/thumb/v7-m/libc.a(lib_a-reent.o)
                0x0000000020400aac                errno
                0x0000000020400ab0                . = ALIGN (0x4)
                0x0000000020400ab0                _ebss = .
                0x0000000020400ab0                _ezero = .

.stack          0x0000000020400ab0     0x2000 load address 0x0000000080005a58
                0x0000000020400ab0                . = ALIGN (0x8)
                0x0000000020400ab0                _sstack = .
                0x0000000020402ab0                . = (. + STACK_SIZE)
 *fill*         0x0000000020400ab0     0x2000 
                0x0000000020402ab0                . = ALIGN (0x8)
                0x0000000020402ab0                _estack = .

.heap           0x0000000020402ab0     0x1000 load address 0x0000000080007a58
                0x0000000020402ab0                . = ALIGN (0x8)
                0x0000000020402ab0                _sheap = .
                0x0000000020403ab0                . = (. + HEAP_SIZE)
 *fill*         0x0000000020402ab0     0x1000 
                0x0000000020403ab0                . = ALIGN (0x8)
                0x0000000020403ab0                _eheap = .
                0x0000000020403ab0                . = ALIGN (0x4)
                0x0000000020403ab0                _end = .
                0x000000002045ffff                _ram_end_ = ((ORIGIN (ram) + LENGTH (ram)) - 0x1)
                0x0000000020403ab0                _sdram_lma = .

sdram_region
 *(sdram_region)
OUTPUT(bin/getting-started-qspi.elf elf32-littlearm)

.ARM.attributes
                0x0000000000000000       0x29
 .ARM.attributes
                0x0000000000000000       0x1d /home/admin1/arm_toolchain/gcc-arm-none-eabi-6-2017-q2-update/bin/../lib/gcc/arm-none-eabi/6.3.1/thumb/v7-m/crti.o
 .ARM.attributes
                0x000000000000001d       0x2d /home/admin1/arm_toolchain/gcc-arm-none-eabi-6-2017-q2-update/bin/../lib/gcc/arm-none-eabi/6.3.1/thumb/v7-m/crtbegin.o
 .ARM.attributes
                0x000000000000004a       0x2d obj/qspi_board_lowlevel.o
 .ARM.attributes
                0x0000000000000077       0x2d obj/qspi_dbg_console.o
 .ARM.attributes
                0x00000000000000a4       0x2d obj/qspi_syscalls.o
 .ARM.attributes
                0x00000000000000d1       0x2d obj/qspi_led.o
 .ARM.attributes
                0x00000000000000fe       0x2d obj/qspi_system_samv71.o
 .ARM.attributes
                0x000000000000012b       0x2d obj/qspi_exceptions.o
 .ARM.attributes
                0x0000000000000158       0x2d obj/qspi_mpu.o
 .ARM.attributes
                0x0000000000000185       0x2d obj/qspi_pio.o
 .ARM.attributes
                0x00000000000001b2       0x2d obj/qspi_pio_it.o
 .ARM.attributes
                0x00000000000001df       0x2d obj/qspi_pmc.o
 .ARM.attributes
                0x000000000000020c       0x2d obj/qspi_startup_samv71.o
 .ARM.attributes
                0x0000000000000239       0x2d obj/qspi_tc.o
 .ARM.attributes
                0x0000000000000266       0x2d obj/qspi_timetick.o
 .ARM.attributes
                0x0000000000000293       0x2d obj/qspi_wdt.o
 .ARM.attributes
                0x00000000000002c0       0x2d obj/qspi_main.o
 .ARM.attributes
                0x00000000000002ed       0x2d /home/admin1/arm_toolchain/gcc-arm-none-eabi-6-2017-q2-update/bin/../lib/gcc/arm-none-eabi/6.3.1/../../../../arm-none-eabi/lib/thumb/v7-m/libc.a(lib_a-assert.o)
 .ARM.attributes
                0x000000000000031a       0x2d /home/admin1/arm_toolchain/gcc-arm-none-eabi-6-2017-q2-update/bin/../lib/gcc/arm-none-eabi/6.3.1/../../../../arm-none-eabi/lib/thumb/v7-m/libc.a(lib_a-fiprintf.o)
 .ARM.attributes
                0x0000000000000347       0x2d /home/admin1/arm_toolchain/gcc-arm-none-eabi-6-2017-q2-update/bin/../lib/gcc/arm-none-eabi/6.3.1/../../../../arm-none-eabi/lib/thumb/v7-m/libc.a(lib_a-impure.o)
 .ARM.attributes
                0x0000000000000374       0x2d /home/admin1/arm_toolchain/gcc-arm-none-eabi-6-2017-q2-update/bin/../lib/gcc/arm-none-eabi/6.3.1/../../../../arm-none-eabi/lib/thumb/v7-m/libc.a(lib_a-init.o)
 .ARM.attributes
                0x00000000000003a1       0x2d /home/admin1/arm_toolchain/gcc-arm-none-eabi-6-2017-q2-update/bin/../lib/gcc/arm-none-eabi/6.3.1/../../../../arm-none-eabi/lib/thumb/v7-m/libc.a(lib_a-iprintf.o)
 .ARM.attributes
                0x00000000000003ce       0x1b /home/admin1/arm_toolchain/gcc-arm-none-eabi-6-2017-q2-update/bin/../lib/gcc/arm-none-eabi/6.3.1/../../../../arm-none-eabi/lib/thumb/v7-m/libc.a(lib_a-memcpy.o)
 .ARM.attributes
                0x00000000000003e9       0x2d /home/admin1/arm_toolchain/gcc-arm-none-eabi-6-2017-q2-update/bin/../lib/gcc/arm-none-eabi/6.3.1/../../../../arm-none-eabi/lib/thumb/v7-m/libc.a(lib_a-memset.o)
 .ARM.attributes
                0x0000000000000416       0x2d /home/admin1/arm_toolchain/gcc-arm-none-eabi-6-2017-q2-update/bin/../lib/gcc/arm-none-eabi/6.3.1/../../../../arm-none-eabi/lib/thumb/v7-m/libc.a(lib_a-setvbuf.o)
 .ARM.attributes
                0x0000000000000443       0x2d /home/admin1/arm_toolchain/gcc-arm-none-eabi-6-2017-q2-update/bin/../lib/gcc/arm-none-eabi/6.3.1/../../../../arm-none-eabi/lib/thumb/v7-m/libc.a(lib_a-vfiprintf.o)
 .ARM.attributes
                0x0000000000000470       0x2d /home/admin1/arm_toolchain/gcc-arm-none-eabi-6-2017-q2-update/bin/../lib/gcc/arm-none-eabi/6.3.1/../../../../arm-none-eabi/lib/thumb/v7-m/libc.a(lib_a-wsetup.o)
 .ARM.attributes
                0x000000000000049d       0x2d /home/admin1/arm_toolchain/gcc-arm-none-eabi-6-2017-q2-update/bin/../lib/gcc/arm-none-eabi/6.3.1/../../../../arm-none-eabi/lib/thumb/v7-m/libc.a(lib_a-__call_atexit.o)
 .ARM.attributes
                0x00000000000004ca       0x2d /home/admin1/arm_toolchain/gcc-arm-none-eabi-6-2017-q2-update/bin/../lib/gcc/arm-none-eabi/6.3.1/../../../../arm-none-eabi/lib/thumb/v7-m/libc.a(lib_a-abort.o)
 .ARM.attributes
                0x00000000000004f7       0x2d /home/admin1/arm_toolchain/gcc-arm-none-eabi-6-2017-q2-update/bin/../lib/gcc/arm-none-eabi/6.3.1/../../../../arm-none-eabi/lib/thumb/v7-m/libc.a(lib_a-atexit.o)
 .ARM.attributes
                0x0000000000000524       0x2d /home/admin1/arm_toolchain/gcc-arm-none-eabi-6-2017-q2-update/bin/../lib/gcc/arm-none-eabi/6.3.1/../../../../arm-none-eabi/lib/thumb/v7-m/libc.a(lib_a-fflush.o)
 .ARM.attributes
                0x0000000000000551       0x2d /home/admin1/arm_toolchain/gcc-arm-none-eabi-6-2017-q2-update/bin/../lib/gcc/arm-none-eabi/6.3.1/../../../../arm-none-eabi/lib/thumb/v7-m/libc.a(lib_a-findfp.o)
 .ARM.attributes
                0x000000000000057e       0x2d /home/admin1/arm_toolchain/gcc-arm-none-eabi-6-2017-q2-update/bin/../lib/gcc/arm-none-eabi/6.3.1/../../../../arm-none-eabi/lib/thumb/v7-m/libc.a(lib_a-fini.o)
 .ARM.attributes
                0x00000000000005ab       0x2d /home/admin1/arm_toolchain/gcc-arm-none-eabi-6-2017-q2-update/bin/../lib/gcc/arm-none-eabi/6.3.1/../../../../arm-none-eabi/lib/thumb/v7-m/libc.a(lib_a-fputwc.o)
 .ARM.attributes
                0x00000000000005d8       0x2d /home/admin1/arm_toolchain/gcc-arm-none-eabi-6-2017-q2-update/bin/../lib/gcc/arm-none-eabi/6.3.1/../../../../arm-none-eabi/lib/thumb/v7-m/libc.a(lib_a-freer.o)
 .ARM.attributes
                0x0000000000000605       0x2d /home/admin1/arm_toolchain/gcc-arm-none-eabi-6-2017-q2-update/bin/../lib/gcc/arm-none-eabi/6.3.1/../../../../arm-none-eabi/lib/thumb/v7-m/libc.a(lib_a-fvwrite.o)
 .ARM.attributes
                0x0000000000000632       0x2d /home/admin1/arm_toolchain/gcc-arm-none-eabi-6-2017-q2-update/bin/../lib/gcc/arm-none-eabi/6.3.1/../../../../arm-none-eabi/lib/thumb/v7-m/libc.a(lib_a-fwalk.o)
 .ARM.attributes
                0x000000000000065f       0x2d /home/admin1/arm_toolchain/gcc-arm-none-eabi-6-2017-q2-update/bin/../lib/gcc/arm-none-eabi/6.3.1/../../../../arm-none-eabi/lib/thumb/v7-m/libc.a(lib_a-locale.o)
 .ARM.attributes
                0x000000000000068c       0x2d /home/admin1/arm_toolchain/gcc-arm-none-eabi-6-2017-q2-update/bin/../lib/gcc/arm-none-eabi/6.3.1/../../../../arm-none-eabi/lib/thumb/v7-m/libc.a(lib_a-lock.o)
 .ARM.attributes
                0x00000000000006b9       0x2d /home/admin1/arm_toolchain/gcc-arm-none-eabi-6-2017-q2-update/bin/../lib/gcc/arm-none-eabi/6.3.1/../../../../arm-none-eabi/lib/thumb/v7-m/libc.a(lib_a-makebuf.o)
 .ARM.attributes
                0x00000000000006e6       0x2d /home/admin1/arm_toolchain/gcc-arm-none-eabi-6-2017-q2-update/bin/../lib/gcc/arm-none-eabi/6.3.1/../../../../arm-none-eabi/lib/thumb/v7-m/libc.a(lib_a-malloc.o)
 .ARM.attributes
                0x0000000000000713       0x2d /home/admin1/arm_toolchain/gcc-arm-none-eabi-6-2017-q2-update/bin/../lib/gcc/arm-none-eabi/6.3.1/../../../../arm-none-eabi/lib/thumb/v7-m/libc.a(lib_a-mallocr.o)
 .ARM.attributes
                0x0000000000000740       0x2d /home/admin1/arm_toolchain/gcc-arm-none-eabi-6-2017-q2-update/bin/../lib/gcc/arm-none-eabi/6.3.1/../../../../arm-none-eabi/lib/thumb/v7-m/libc.a(lib_a-mbtowc_r.o)
 .ARM.attributes
                0x000000000000076d       0x2d /home/admin1/arm_toolchain/gcc-arm-none-eabi-6-2017-q2-update/bin/../lib/gcc/arm-none-eabi/6.3.1/../../../../arm-none-eabi/lib/thumb/v7-m/libc.a(lib_a-memchr-stub.o)
 .ARM.attributes
                0x000000000000079a       0x2d /home/admin1/arm_toolchain/gcc-arm-none-eabi-6-2017-q2-update/bin/../lib/gcc/arm-none-eabi/6.3.1/../../../../arm-none-eabi/lib/thumb/v7-m/libc.a(lib_a-memmove.o)
 .ARM.attributes
                0x00000000000007c7       0x2d /home/admin1/arm_toolchain/gcc-arm-none-eabi-6-2017-q2-update/bin/../lib/gcc/arm-none-eabi/6.3.1/../../../../arm-none-eabi/lib/thumb/v7-m/libc.a(lib_a-mlock.o)
 .ARM.attributes
                0x00000000000007f4       0x2d /home/admin1/arm_toolchain/gcc-arm-none-eabi-6-2017-q2-update/bin/../lib/gcc/arm-none-eabi/6.3.1/../../../../arm-none-eabi/lib/thumb/v7-m/libc.a(lib_a-reallocr.o)
 .ARM.attributes
                0x0000000000000821       0x2d /home/admin1/arm_toolchain/gcc-arm-none-eabi-6-2017-q2-update/bin/../lib/gcc/arm-none-eabi/6.3.1/../../../../arm-none-eabi/lib/thumb/v7-m/libc.a(lib_a-sbrkr.o)
 .ARM.attributes
                0x000000000000084e       0x2d /home/admin1/arm_toolchain/gcc-arm-none-eabi-6-2017-q2-update/bin/../lib/gcc/arm-none-eabi/6.3.1/../../../../arm-none-eabi/lib/thumb/v7-m/libc.a(lib_a-signal.o)
 .ARM.attributes
                0x000000000000087b       0x2d /home/admin1/arm_toolchain/gcc-arm-none-eabi-6-2017-q2-update/bin/../lib/gcc/arm-none-eabi/6.3.1/../../../../arm-none-eabi/lib/thumb/v7-m/libc.a(lib_a-signalr.o)
 .ARM.attributes
                0x00000000000008a8       0x2d /home/admin1/arm_toolchain/gcc-arm-none-eabi-6-2017-q2-update/bin/../lib/gcc/arm-none-eabi/6.3.1/../../../../arm-none-eabi/lib/thumb/v7-m/libc.a(lib_a-stdio.o)
 .ARM.attributes
                0x00000000000008d5       0x2d /home/admin1/arm_toolchain/gcc-arm-none-eabi-6-2017-q2-update/bin/../lib/gcc/arm-none-eabi/6.3.1/../../../../arm-none-eabi/lib/thumb/v7-m/libc.a(lib_a-strlen-stub.o)
 .ARM.attributes
                0x0000000000000902       0x2d /home/admin1/arm_toolchain/gcc-arm-none-eabi-6-2017-q2-update/bin/../lib/gcc/arm-none-eabi/6.3.1/../../../../arm-none-eabi/lib/thumb/v7-m/libc.a(lib_a-wbuf.o)
 .ARM.attributes
                0x000000000000092f       0x2d /home/admin1/arm_toolchain/gcc-arm-none-eabi-6-2017-q2-update/bin/../lib/gcc/arm-none-eabi/6.3.1/../../../../arm-none-eabi/lib/thumb/v7-m/libc.a(lib_a-wcrtomb.o)
 .ARM.attributes
                0x000000000000095c       0x2d /home/admin1/arm_toolchain/gcc-arm-none-eabi-6-2017-q2-update/bin/../lib/gcc/arm-none-eabi/6.3.1/../../../../arm-none-eabi/lib/thumb/v7-m/libc.a(lib_a-wctomb_r.o)
 .ARM.attributes
                0x0000000000000989       0x2d /home/admin1/arm_toolchain/gcc-arm-none-eabi-6-2017-q2-update/bin/../lib/gcc/arm-none-eabi/6.3.1/../../../../arm-none-eabi/lib/thumb/v7-m/libc.a(lib_a-writer.o)
 .ARM.attributes
                0x00000000000009b6       0x2d /home/admin1/arm_toolchain/gcc-arm-none-eabi-6-2017-q2-update/bin/../lib/gcc/arm-none-eabi/6.3.1/../../../../arm-none-eabi/lib/thumb/v7-m/libc.a(lib_a-__atexit.o)
 .ARM.attributes
                0x00000000000009e3       0x2d /home/admin1/arm_toolchain/gcc-arm-none-eabi-6-2017-q2-update/bin/../lib/gcc/arm-none-eabi/6.3.1/../../../../arm-none-eabi/lib/thumb/v7-m/libc.a(lib_a-closer.o)
 .ARM.attributes
                0x0000000000000a10       0x2d /home/admin1/arm_toolchain/gcc-arm-none-eabi-6-2017-q2-update/bin/../lib/gcc/arm-none-eabi/6.3.1/../../../../arm-none-eabi/lib/thumb/v7-m/libc.a(lib_a-ctype_.o)
 .ARM.attributes
                0x0000000000000a3d       0x2d /home/admin1/arm_toolchain/gcc-arm-none-eabi-6-2017-q2-update/bin/../lib/gcc/arm-none-eabi/6.3.1/../../../../arm-none-eabi/lib/thumb/v7-m/libc.a(lib_a-fclose.o)
 .ARM.attributes
                0x0000000000000a6a       0x2d /home/admin1/arm_toolchain/gcc-arm-none-eabi-6-2017-q2-update/bin/../lib/gcc/arm-none-eabi/6.3.1/../../../../arm-none-eabi/lib/thumb/v7-m/libc.a(lib_a-fstatr.o)
 .ARM.attributes
                0x0000000000000a97       0x2d /home/admin1/arm_toolchain/gcc-arm-none-eabi-6-2017-q2-update/bin/../lib/gcc/arm-none-eabi/6.3.1/../../../../arm-none-eabi/lib/thumb/v7-m/libc.a(lib_a-isattyr.o)
 .ARM.attributes
                0x0000000000000ac4       0x2d /home/admin1/arm_toolchain/gcc-arm-none-eabi-6-2017-q2-update/bin/../lib/gcc/arm-none-eabi/6.3.1/../../../../arm-none-eabi/lib/thumb/v7-m/libc.a(lib_a-lseekr.o)
 .ARM.attributes
                0x0000000000000af1       0x2d /home/admin1/arm_toolchain/gcc-arm-none-eabi-6-2017-q2-update/bin/../lib/gcc/arm-none-eabi/6.3.1/../../../../arm-none-eabi/lib/thumb/v7-m/libc.a(lib_a-readr.o)
 .ARM.attributes
                0x0000000000000b1e       0x2d /home/admin1/arm_toolchain/gcc-arm-none-eabi-6-2017-q2-update/bin/../lib/gcc/arm-none-eabi/6.3.1/../../../../arm-none-eabi/lib/thumb/v7-m/libc.a(lib_a-reent.o)
 .ARM.attributes
                0x0000000000000b4b       0x1d /home/admin1/arm_toolchain/gcc-arm-none-eabi-6-2017-q2-update/bin/../lib/gcc/arm-none-eabi/6.3.1/thumb/v7-m/libgcc.a(_aeabi_uldivmod.o)
 .ARM.attributes
                0x0000000000000b68       0x2d /home/admin1/arm_toolchain/gcc-arm-none-eabi-6-2017-q2-update/bin/../lib/gcc/arm-none-eabi/6.3.1/thumb/v7-m/libgcc.a(_udivmoddi4.o)
 .ARM.attributes
                0x0000000000000b95       0x1d /home/admin1/arm_toolchain/gcc-arm-none-eabi-6-2017-q2-update/bin/../lib/gcc/arm-none-eabi/6.3.1/thumb/v7-m/libgcc.a(_dvmd_tls.o)
 .ARM.attributes
                0x0000000000000bb2       0x1d /home/admin1/arm_toolchain/gcc-arm-none-eabi-6-2017-q2-update/bin/../lib/gcc/arm-none-eabi/6.3.1/thumb/v7-m/crtn.o

.comment        0x0000000000000000       0x7f
 .comment       0x0000000000000000       0x7f obj/qspi_board_lowlevel.o
                                         0x80 (size before relaxing)
 .comment       0x000000000000007f       0x80 obj/qspi_dbg_console.o
 .comment       0x000000000000007f       0x80 obj/qspi_syscalls.o
 .comment       0x000000000000007f       0x80 obj/qspi_led.o
 .comment       0x000000000000007f       0x80 obj/qspi_system_samv71.o
 .comment       0x000000000000007f       0x80 obj/qspi_exceptions.o
 .comment       0x000000000000007f       0x80 obj/qspi_mpu.o
 .comment       0x000000000000007f       0x80 obj/qspi_pio.o
 .comment       0x000000000000007f       0x80 obj/qspi_pio_it.o
 .comment       0x000000000000007f       0x80 obj/qspi_pmc.o
 .comment       0x000000000000007f       0x80 obj/qspi_startup_samv71.o
 .comment       0x000000000000007f       0x80 obj/qspi_tc.o
 .comment       0x000000000000007f       0x80 obj/qspi_timetick.o
 .comment       0x000000000000007f       0x80 obj/qspi_wdt.o
 .comment       0x000000000000007f       0x80 obj/qspi_main.o

.debug_info     0x0000000000000000    0x122db
 .debug_info    0x0000000000000000     0x11fd obj/qspi_board_lowlevel.o
 .debug_info    0x00000000000011fd     0x1966 obj/qspi_dbg_console.o
 .debug_info    0x0000000000002b63     0x1287 obj/qspi_syscalls.o
 .debug_info    0x0000000000003dea     0x134e obj/qspi_led.o
 .debug_info    0x0000000000005138      0x54a obj/qspi_system_samv71.o
 .debug_info    0x0000000000005682     0x123b obj/qspi_exceptions.o
 .debug_info    0x00000000000068bd      0xfc1 obj/qspi_mpu.o
 .debug_info    0x000000000000787e     0x15c5 obj/qspi_pio.o
 .debug_info    0x0000000000008e43     0x1b16 obj/qspi_pio_it.o
 .debug_info    0x000000000000a959     0x1403 obj/qspi_pmc.o
 .debug_info    0x000000000000bd5c     0x1225 obj/qspi_startup_samv71.o
 .debug_info    0x000000000000cf81     0x11bd obj/qspi_tc.o
 .debug_info    0x000000000000e13e     0x1a94 obj/qspi_timetick.o
 .debug_info    0x000000000000fbd2      0xe95 obj/qspi_wdt.o
 .debug_info    0x0000000000010a67     0x1874 obj/qspi_main.o

.debug_abbrev   0x0000000000000000     0x2435
 .debug_abbrev  0x0000000000000000      0x234 obj/qspi_board_lowlevel.o
 .debug_abbrev  0x0000000000000234      0x28a obj/qspi_dbg_console.o
 .debug_abbrev  0x00000000000004be      0x27a obj/qspi_syscalls.o
 .debug_abbrev  0x0000000000000738      0x218 obj/qspi_led.o
 .debug_abbrev  0x0000000000000950      0x14b obj/qspi_system_samv71.o
 .debug_abbrev  0x0000000000000a9b      0x252 obj/qspi_exceptions.o
 .debug_abbrev  0x0000000000000ced      0x267 obj/qspi_mpu.o
 .debug_abbrev  0x0000000000000f54      0x299 obj/qspi_pio.o
 .debug_abbrev  0x00000000000011ed      0x2f7 obj/qspi_pio_it.o
 .debug_abbrev  0x00000000000014e4      0x2c1 obj/qspi_pmc.o
 .debug_abbrev  0x00000000000017a5      0x247 obj/qspi_startup_samv71.o
 .debug_abbrev  0x00000000000019ec      0x234 obj/qspi_tc.o
 .debug_abbrev  0x0000000000001c20      0x2f5 obj/qspi_timetick.o
 .debug_abbrev  0x0000000000001f15      0x20f obj/qspi_wdt.o
 .debug_abbrev  0x0000000000002124      0x311 obj/qspi_main.o

.debug_aranges  0x0000000000000000      0x578
 .debug_aranges
                0x0000000000000000       0x28 obj/qspi_board_lowlevel.o
 .debug_aranges
                0x0000000000000028       0x70 obj/qspi_dbg_console.o
 .debug_aranges
                0x0000000000000098       0x70 obj/qspi_syscalls.o
 .debug_aranges
                0x0000000000000108       0x38 obj/qspi_led.o
 .debug_aranges
                0x0000000000000140       0x40 obj/qspi_system_samv71.o
 .debug_aranges
                0x0000000000000180       0x50 obj/qspi_exceptions.o
 .debug_aranges
                0x00000000000001d0       0x48 obj/qspi_mpu.o
 .debug_aranges
                0x0000000000000218       0x98 obj/qspi_pio.o
 .debug_aranges
                0x00000000000002b0       0x88 obj/qspi_pio_it.o
 .debug_aranges
                0x0000000000000338       0xd0 obj/qspi_pmc.o
 .debug_aranges
                0x0000000000000408       0x30 obj/qspi_startup_samv71.o
 .debug_aranges
                0x0000000000000438       0x38 obj/qspi_tc.o
 .debug_aranges
                0x0000000000000470       0x60 obj/qspi_timetick.o
 .debug_aranges
                0x00000000000004d0       0x40 obj/qspi_wdt.o
 .debug_aranges
                0x0000000000000510       0x68 obj/qspi_main.o

.debug_ranges   0x0000000000000000      0x488
 .debug_ranges  0x0000000000000000       0x18 obj/qspi_board_lowlevel.o
 .debug_ranges  0x0000000000000018       0x60 obj/qspi_dbg_console.o
 .debug_ranges  0x0000000000000078       0x60 obj/qspi_syscalls.o
 .debug_ranges  0x00000000000000d8       0x28 obj/qspi_led.o
 .debug_ranges  0x0000000000000100       0x30 obj/qspi_system_samv71.o
 .debug_ranges  0x0000000000000130       0x40 obj/qspi_exceptions.o
 .debug_ranges  0x0000000000000170       0x38 obj/qspi_mpu.o
 .debug_ranges  0x00000000000001a8       0x88 obj/qspi_pio.o
 .debug_ranges  0x0000000000000230       0x78 obj/qspi_pio_it.o
 .debug_ranges  0x00000000000002a8       0xc0 obj/qspi_pmc.o
 .debug_ranges  0x0000000000000368       0x20 obj/qspi_startup_samv71.o
 .debug_ranges  0x0000000000000388       0x28 obj/qspi_tc.o
 .debug_ranges  0x00000000000003b0       0x50 obj/qspi_timetick.o
 .debug_ranges  0x0000000000000400       0x30 obj/qspi_wdt.o
 .debug_ranges  0x0000000000000430       0x58 obj/qspi_main.o

.debug_line     0x0000000000000000     0x4388
 .debug_line    0x0000000000000000      0x420 obj/qspi_board_lowlevel.o
 .debug_line    0x0000000000000420      0x623 obj/qspi_dbg_console.o
 .debug_line    0x0000000000000a43      0x4a5 obj/qspi_syscalls.o
 .debug_line    0x0000000000000ee8      0x405 obj/qspi_led.o
 .debug_line    0x00000000000012ed      0x343 obj/qspi_system_samv71.o
 .debug_line    0x0000000000001630      0x434 obj/qspi_exceptions.o
 .debug_line    0x0000000000001a64      0x3ea obj/qspi_mpu.o
 .debug_line    0x0000000000001e4e      0x4f0 obj/qspi_pio.o
 .debug_line    0x000000000000233e      0x4fb obj/qspi_pio_it.o
 .debug_line    0x0000000000002839      0x667 obj/qspi_pmc.o
 .debug_line    0x0000000000002ea0      0x327 obj/qspi_startup_samv71.o
 .debug_line    0x00000000000031c7      0x41d obj/qspi_tc.o
 .debug_line    0x00000000000035e4      0x4d5 obj/qspi_timetick.o
 .debug_line    0x0000000000003ab9      0x3b4 obj/qspi_wdt.o
 .debug_line    0x0000000000003e6d      0x51b obj/qspi_main.o

.debug_str      0x0000000000000000     0x299b
 .debug_str     0x0000000000000000      0xb4e obj/qspi_board_lowlevel.o
                                        0xbda (size before relaxing)
 .debug_str     0x0000000000000b4e      0x573 obj/qspi_dbg_console.o
                                        0xf99 (size before relaxing)
 .debug_str     0x00000000000010c1      0x18c obj/qspi_syscalls.o
                                        0xbf1 (size before relaxing)
 .debug_str     0x000000000000124d       0x6e obj/qspi_led.o
                                        0xcf0 (size before relaxing)
 .debug_str     0x00000000000012bb      0x2b2 obj/qspi_system_samv71.o
                                        0x4c0 (size before relaxing)
 .debug_str     0x000000000000156d       0x63 obj/qspi_exceptions.o
                                        0xbce (size before relaxing)
 .debug_str     0x00000000000015d0      0x13d obj/qspi_mpu.o
                                        0xb11 (size before relaxing)
 .debug_str     0x000000000000170d      0x189 obj/qspi_pio.o
                                        0xdcd (size before relaxing)
 .debug_str     0x0000000000001896      0x470 obj/qspi_pio_it.o
                                       0x1268 (size before relaxing)
 .debug_str     0x0000000000001d06      0x258 obj/qspi_pmc.o
                                        0xdbc (size before relaxing)
 .debug_str     0x0000000000001f5e      0x605 obj/qspi_startup_samv71.o
                                        0xd88 (size before relaxing)
 .debug_str     0x0000000000002563      0x15c obj/qspi_tc.o
                                        0xb69 (size before relaxing)
 .debug_str     0x00000000000026bf      0x192 obj/qspi_timetick.o
                                       0x1220 (size before relaxing)
 .debug_str     0x0000000000002851       0x84 obj/qspi_wdt.o
                                        0xa3a (size before relaxing)
 .debug_str     0x00000000000028d5       0xc6 obj/qspi_main.o
                                       0x106b (size before relaxing)

.debug_frame    0x0000000000000000     0x231c
 .debug_frame   0x0000000000000000       0x50 obj/qspi_board_lowlevel.o
 .debug_frame   0x0000000000000050      0x1a4 obj/qspi_dbg_console.o
 .debug_frame   0x00000000000001f4      0x1b4 obj/qspi_syscalls.o
 .debug_frame   0x00000000000003a8       0xa0 obj/qspi_led.o
 .debug_frame   0x0000000000000448       0xc0 obj/qspi_system_samv71.o
 .debug_frame   0x0000000000000508       0xec obj/qspi_exceptions.o
 .debug_frame   0x00000000000005f4       0xf4 obj/qspi_mpu.o
 .debug_frame   0x00000000000006e8      0x290 obj/qspi_pio.o
 .debug_frame   0x0000000000000978      0x1f0 obj/qspi_pio_it.o
 .debug_frame   0x0000000000000b68      0x35c obj/qspi_pmc.o
 .debug_frame   0x0000000000000ec4       0x6c obj/qspi_startup_samv71.o
 .debug_frame   0x0000000000000f30       0xa8 obj/qspi_tc.o
 .debug_frame   0x0000000000000fd8      0x158 obj/qspi_timetick.o
 .debug_frame   0x0000000000001130       0xd8 obj/qspi_wdt.o
 .debug_frame   0x0000000000001208      0x178 obj/qspi_main.o
 .debug_frame   0x0000000000001380       0x40 /home/admin1/arm_toolchain/gcc-arm-none-eabi-6-2017-q2-update/bin/../lib/gcc/arm-none-eabi/6.3.1/../../../../arm-none-eabi/lib/thumb/v7-m/libc.a(lib_a-assert.o)
 .debug_frame   0x00000000000013c0       0x74 /home/admin1/arm_toolchain/gcc-arm-none-eabi-6-2017-q2-update/bin/../lib/gcc/arm-none-eabi/6.3.1/../../../../arm-none-eabi/lib/thumb/v7-m/libc.a(lib_a-fiprintf.o)
 .debug_frame   0x0000000000001434       0x2c /home/admin1/arm_toolchain/gcc-arm-none-eabi-6-2017-q2-update/bin/../lib/gcc/arm-none-eabi/6.3.1/../../../../arm-none-eabi/lib/thumb/v7-m/libc.a(lib_a-init.o)
 .debug_frame   0x0000000000001460       0x78 /home/admin1/arm_toolchain/gcc-arm-none-eabi-6-2017-q2-update/bin/../lib/gcc/arm-none-eabi/6.3.1/../../../../arm-none-eabi/lib/thumb/v7-m/libc.a(lib_a-iprintf.o)
 .debug_frame   0x00000000000014d8       0x34 /home/admin1/arm_toolchain/gcc-arm-none-eabi-6-2017-q2-update/bin/../lib/gcc/arm-none-eabi/6.3.1/../../../../arm-none-eabi/lib/thumb/v7-m/libc.a(lib_a-memset.o)
 .debug_frame   0x000000000000150c       0x48 /home/admin1/arm_toolchain/gcc-arm-none-eabi-6-2017-q2-update/bin/../lib/gcc/arm-none-eabi/6.3.1/../../../../arm-none-eabi/lib/thumb/v7-m/libc.a(lib_a-setvbuf.o)
 .debug_frame   0x0000000000001554       0xd8 /home/admin1/arm_toolchain/gcc-arm-none-eabi-6-2017-q2-update/bin/../lib/gcc/arm-none-eabi/6.3.1/../../../../arm-none-eabi/lib/thumb/v7-m/libc.a(lib_a-vfiprintf.o)
 .debug_frame   0x000000000000162c       0x2c /home/admin1/arm_toolchain/gcc-arm-none-eabi-6-2017-q2-update/bin/../lib/gcc/arm-none-eabi/6.3.1/../../../../arm-none-eabi/lib/thumb/v7-m/libc.a(lib_a-wsetup.o)
 .debug_frame   0x0000000000001658       0x5c /home/admin1/arm_toolchain/gcc-arm-none-eabi-6-2017-q2-update/bin/../lib/gcc/arm-none-eabi/6.3.1/../../../../arm-none-eabi/lib/thumb/v7-m/libc.a(lib_a-__call_atexit.o)
 .debug_frame   0x00000000000016b4       0x28 /home/admin1/arm_toolchain/gcc-arm-none-eabi-6-2017-q2-update/bin/../lib/gcc/arm-none-eabi/6.3.1/../../../../arm-none-eabi/lib/thumb/v7-m/libc.a(lib_a-abort.o)
 .debug_frame   0x00000000000016dc       0x20 /home/admin1/arm_toolchain/gcc-arm-none-eabi-6-2017-q2-update/bin/../lib/gcc/arm-none-eabi/6.3.1/../../../../arm-none-eabi/lib/thumb/v7-m/libc.a(lib_a-atexit.o)
 .debug_frame   0x00000000000016fc       0x5c /home/admin1/arm_toolchain/gcc-arm-none-eabi-6-2017-q2-update/bin/../lib/gcc/arm-none-eabi/6.3.1/../../../../arm-none-eabi/lib/thumb/v7-m/libc.a(lib_a-fflush.o)
 .debug_frame   0x0000000000001758      0x150 /home/admin1/arm_toolchain/gcc-arm-none-eabi-6-2017-q2-update/bin/../lib/gcc/arm-none-eabi/6.3.1/../../../../arm-none-eabi/lib/thumb/v7-m/libc.a(lib_a-findfp.o)
 .debug_frame   0x00000000000018a8       0x34 /home/admin1/arm_toolchain/gcc-arm-none-eabi-6-2017-q2-update/bin/../lib/gcc/arm-none-eabi/6.3.1/../../../../arm-none-eabi/lib/thumb/v7-m/libc.a(lib_a-fini.o)
 .debug_frame   0x00000000000018dc       0x90 /home/admin1/arm_toolchain/gcc-arm-none-eabi-6-2017-q2-update/bin/../lib/gcc/arm-none-eabi/6.3.1/../../../../arm-none-eabi/lib/thumb/v7-m/libc.a(lib_a-fputwc.o)
 .debug_frame   0x000000000000196c       0x74 /home/admin1/arm_toolchain/gcc-arm-none-eabi-6-2017-q2-update/bin/../lib/gcc/arm-none-eabi/6.3.1/../../../../arm-none-eabi/lib/thumb/v7-m/libc.a(lib_a-freer.o)
 .debug_frame   0x00000000000019e0       0x68 /home/admin1/arm_toolchain/gcc-arm-none-eabi-6-2017-q2-update/bin/../lib/gcc/arm-none-eabi/6.3.1/../../../../arm-none-eabi/lib/thumb/v7-m/libc.a(lib_a-fvwrite.o)
 .debug_frame   0x0000000000001a48       0x54 /home/admin1/arm_toolchain/gcc-arm-none-eabi-6-2017-q2-update/bin/../lib/gcc/arm-none-eabi/6.3.1/../../../../arm-none-eabi/lib/thumb/v7-m/libc.a(lib_a-fwalk.o)
 .debug_frame   0x0000000000001a9c       0x6c /home/admin1/arm_toolchain/gcc-arm-none-eabi-6-2017-q2-update/bin/../lib/gcc/arm-none-eabi/6.3.1/../../../../arm-none-eabi/lib/thumb/v7-m/libc.a(lib_a-locale.o)
 .debug_frame   0x0000000000001b08       0xb0 /home/admin1/arm_toolchain/gcc-arm-none-eabi-6-2017-q2-update/bin/../lib/gcc/arm-none-eabi/6.3.1/../../../../arm-none-eabi/lib/thumb/v7-m/libc.a(lib_a-lock.o)
 .debug_frame   0x0000000000001bb8       0x68 /home/admin1/arm_toolchain/gcc-arm-none-eabi-6-2017-q2-update/bin/../lib/gcc/arm-none-eabi/6.3.1/../../../../arm-none-eabi/lib/thumb/v7-m/libc.a(lib_a-makebuf.o)
 .debug_frame   0x0000000000001c20       0x30 /home/admin1/arm_toolchain/gcc-arm-none-eabi-6-2017-q2-update/bin/../lib/gcc/arm-none-eabi/6.3.1/../../../../arm-none-eabi/lib/thumb/v7-m/libc.a(lib_a-malloc.o)
 .debug_frame   0x0000000000001c50       0x54 /home/admin1/arm_toolchain/gcc-arm-none-eabi-6-2017-q2-update/bin/../lib/gcc/arm-none-eabi/6.3.1/../../../../arm-none-eabi/lib/thumb/v7-m/libc.a(lib_a-mallocr.o)
 .debug_frame   0x0000000000001ca4       0x4c /home/admin1/arm_toolchain/gcc-arm-none-eabi-6-2017-q2-update/bin/../lib/gcc/arm-none-eabi/6.3.1/../../../../arm-none-eabi/lib/thumb/v7-m/libc.a(lib_a-mbtowc_r.o)
 .debug_frame   0x0000000000001cf0       0x34 /home/admin1/arm_toolchain/gcc-arm-none-eabi-6-2017-q2-update/bin/../lib/gcc/arm-none-eabi/6.3.1/../../../../arm-none-eabi/lib/thumb/v7-m/libc.a(lib_a-memchr-stub.o)
 .debug_frame   0x0000000000001d24       0x30 /home/admin1/arm_toolchain/gcc-arm-none-eabi-6-2017-q2-update/bin/../lib/gcc/arm-none-eabi/6.3.1/../../../../arm-none-eabi/lib/thumb/v7-m/libc.a(lib_a-memmove.o)
 .debug_frame   0x0000000000001d54       0x30 /home/admin1/arm_toolchain/gcc-arm-none-eabi-6-2017-q2-update/bin/../lib/gcc/arm-none-eabi/6.3.1/../../../../arm-none-eabi/lib/thumb/v7-m/libc.a(lib_a-mlock.o)
 .debug_frame   0x0000000000001d84       0x68 /home/admin1/arm_toolchain/gcc-arm-none-eabi-6-2017-q2-update/bin/../lib/gcc/arm-none-eabi/6.3.1/../../../../arm-none-eabi/lib/thumb/v7-m/libc.a(lib_a-reallocr.o)
 .debug_frame   0x0000000000001dec       0x2c /home/admin1/arm_toolchain/gcc-arm-none-eabi-6-2017-q2-update/bin/../lib/gcc/arm-none-eabi/6.3.1/../../../../arm-none-eabi/lib/thumb/v7-m/libc.a(lib_a-sbrkr.o)
 .debug_frame   0x0000000000001e18      0x10c /home/admin1/arm_toolchain/gcc-arm-none-eabi-6-2017-q2-update/bin/../lib/gcc/arm-none-eabi/6.3.1/../../../../arm-none-eabi/lib/thumb/v7-m/libc.a(lib_a-signal.o)
 .debug_frame   0x0000000000001f24       0x3c /home/admin1/arm_toolchain/gcc-arm-none-eabi-6-2017-q2-update/bin/../lib/gcc/arm-none-eabi/6.3.1/../../../../arm-none-eabi/lib/thumb/v7-m/libc.a(lib_a-signalr.o)
 .debug_frame   0x0000000000001f60       0x88 /home/admin1/arm_toolchain/gcc-arm-none-eabi-6-2017-q2-update/bin/../lib/gcc/arm-none-eabi/6.3.1/../../../../arm-none-eabi/lib/thumb/v7-m/libc.a(lib_a-stdio.o)
 .debug_frame   0x0000000000001fe8       0x20 /home/admin1/arm_toolchain/gcc-arm-none-eabi-6-2017-q2-update/bin/../lib/gcc/arm-none-eabi/6.3.1/../../../../arm-none-eabi/lib/thumb/v7-m/libc.a(lib_a-strlen-stub.o)
 .debug_frame   0x0000000000002008       0x40 /home/admin1/arm_toolchain/gcc-arm-none-eabi-6-2017-q2-update/bin/../lib/gcc/arm-none-eabi/6.3.1/../../../../arm-none-eabi/lib/thumb/v7-m/libc.a(lib_a-wbuf.o)
 .debug_frame   0x0000000000002048       0x5c /home/admin1/arm_toolchain/gcc-arm-none-eabi-6-2017-q2-update/bin/../lib/gcc/arm-none-eabi/6.3.1/../../../../arm-none-eabi/lib/thumb/v7-m/libc.a(lib_a-wcrtomb.o)
 .debug_frame   0x00000000000020a4       0x3c /home/admin1/arm_toolchain/gcc-arm-none-eabi-6-2017-q2-update/bin/../lib/gcc/arm-none-eabi/6.3.1/../../../../arm-none-eabi/lib/thumb/v7-m/libc.a(lib_a-wctomb_r.o)
 .debug_frame   0x00000000000020e0       0x30 /home/admin1/arm_toolchain/gcc-arm-none-eabi-6-2017-q2-update/bin/../lib/gcc/arm-none-eabi/6.3.1/../../../../arm-none-eabi/lib/thumb/v7-m/libc.a(lib_a-writer.o)
 .debug_frame   0x0000000000002110       0x34 /home/admin1/arm_toolchain/gcc-arm-none-eabi-6-2017-q2-update/bin/../lib/gcc/arm-none-eabi/6.3.1/../../../../arm-none-eabi/lib/thumb/v7-m/libc.a(lib_a-__atexit.o)
 .debug_frame   0x0000000000002144       0x2c /home/admin1/arm_toolchain/gcc-arm-none-eabi-6-2017-q2-update/bin/../lib/gcc/arm-none-eabi/6.3.1/../../../../arm-none-eabi/lib/thumb/v7-m/libc.a(lib_a-closer.o)
 .debug_frame   0x0000000000002170       0x3c /home/admin1/arm_toolchain/gcc-arm-none-eabi-6-2017-q2-update/bin/../lib/gcc/arm-none-eabi/6.3.1/../../../../arm-none-eabi/lib/thumb/v7-m/libc.a(lib_a-fclose.o)
 .debug_frame   0x00000000000021ac       0x2c /home/admin1/arm_toolchain/gcc-arm-none-eabi-6-2017-q2-update/bin/../lib/gcc/arm-none-eabi/6.3.1/../../../../arm-none-eabi/lib/thumb/v7-m/libc.a(lib_a-fstatr.o)
 .debug_frame   0x00000000000021d8       0x2c /home/admin1/arm_toolchain/gcc-arm-none-eabi-6-2017-q2-update/bin/../lib/gcc/arm-none-eabi/6.3.1/../../../../arm-none-eabi/lib/thumb/v7-m/libc.a(lib_a-isattyr.o)
 .debug_frame   0x0000000000002204       0x30 /home/admin1/arm_toolchain/gcc-arm-none-eabi-6-2017-q2-update/bin/../lib/gcc/arm-none-eabi/6.3.1/../../../../arm-none-eabi/lib/thumb/v7-m/libc.a(lib_a-lseekr.o)
 .debug_frame   0x0000000000002234       0x30 /home/admin1/arm_toolchain/gcc-arm-none-eabi-6-2017-q2-update/bin/../lib/gcc/arm-none-eabi/6.3.1/../../../../arm-none-eabi/lib/thumb/v7-m/libc.a(lib_a-readr.o)
 .debug_frame   0x0000000000002264       0x58 /home/admin1/arm_toolchain/gcc-arm-none-eabi-6-2017-q2-update/bin/../lib/gcc/arm-none-eabi/6.3.1/../../../../arm-none-eabi/lib/thumb/v7-m/libc.a(lib_a-reent.o)
 .debug_frame   0x00000000000022bc       0x2c /home/admin1/arm_toolchain/gcc-arm-none-eabi-6-2017-q2-update/bin/../lib/gcc/arm-none-eabi/6.3.1/thumb/v7-m/libgcc.a(_aeabi_uldivmod.o)
 .debug_frame   0x00000000000022e8       0x34 /home/admin1/arm_toolchain/gcc-arm-none-eabi-6-2017-q2-update/bin/../lib/gcc/arm-none-eabi/6.3.1/thumb/v7-m/libgcc.a(_udivmoddi4.o)

Cross Reference Table

Symbol                                            File
ACC_Handler                                       obj/qspi_startup_samv71.o
AES_Handler                                       obj/qspi_startup_samv71.o
AFEC0_Handler                                     obj/qspi_startup_samv71.o
AFEC1_Handler                                     obj/qspi_startup_samv71.o
BOARD_ConfigureSdram                              obj/qspi_board_memories.o
BOARD_SdramValidation                             obj/qspi_board_memories.o
BusFault_Handler                                  obj/qspi_exceptions.o
CCF_Handler                                       obj/qspi_startup_samv71.o
CCW_Handler                                       obj/qspi_startup_samv71.o
DACC_Handler                                      obj/qspi_startup_samv71.o
DBG_Configure                                     obj/qspi_dbg_console.o
                                                  obj/qspi_trace.o
DBG_DumpFrame                                     obj/qspi_dbg_console.o
DBG_DumpMemory                                    obj/qspi_dbg_console.o
DBG_GetChar                                       obj/qspi_dbg_console.o
                                                  obj/qspi_main.o
DBG_GetHexa32                                     obj/qspi_dbg_console.o
DBG_GetInteger                                    obj/qspi_dbg_console.o
DBG_GetIntegerMinMax                              obj/qspi_dbg_console.o
DBG_IsRxReady                                     obj/qspi_dbg_console.o
                                                  obj/qspi_main.o
DBG_PutChar                                       obj/qspi_dbg_console.o
                                                  obj/qspi_syscalls.o
DebugMon_Handler                                  obj/qspi_startup_samv71.o
DelayTimer                                        obj/qspi_timetick.o
Dummy_Handler                                     obj/qspi_startup_samv71.o
EFC_Handler                                       obj/qspi_startup_samv71.o
FPU_Handler                                       obj/qspi_startup_samv71.o
GMACQ1_Handler                                    obj/qspi_startup_samv71.o
GMACQ2_Handler                                    obj/qspi_startup_samv71.o
GMAC_Handler                                      obj/qspi_startup_samv71.o
GetDelayInTicks                                   obj/qspi_timetick.o
GetTicks                                          obj/qspi_timetick.o
HSMCI_Handler                                     obj/qspi_startup_samv71.o
HardFault_Handler                                 obj/qspi_exceptions.o
ICM_Handler                                       obj/qspi_startup_samv71.o
ISI_Handler                                       obj/qspi_startup_samv71.o
LED_Clear                                         obj/qspi_led.o
                                                  obj/qspi_main.o
LED_Configure                                     obj/qspi_led.o
                                                  obj/qspi_main.o
LED_Set                                           obj/qspi_led.o
                                                  obj/qspi_main.o
LED_Toggle                                        obj/qspi_led.o
                                                  obj/qspi_main.o
LowLevelInit                                      obj/qspi_board_lowlevel.o
                                                  obj/qspi_startup_samv71.o
MCAN0_Handler                                     obj/qspi_startup_samv71.o
MCAN0_Line1_Handler                               obj/qspi_startup_samv71.o
MCAN1_Handler                                     obj/qspi_startup_samv71.o
MCAN1_Line1_Handler                               obj/qspi_startup_samv71.o
MLB_Handler                                       obj/qspi_startup_samv71.o
MPU_CalMPURegionSize                              obj/qspi_mpu.o
                                                  obj/qspi_board_lowlevel.o
MPU_DisableRegion                                 obj/qspi_mpu.o
MPU_Enable                                        obj/qspi_mpu.o
                                                  obj/qspi_board_lowlevel.o
MPU_SetRegion                                     obj/qspi_mpu.o
                                                  obj/qspi_board_lowlevel.o
MPU_SetRegionNum                                  obj/qspi_mpu.o
MPU_UpdateRegions                                 obj/qspi_mpu.o
MemManage_Handler                                 obj/qspi_exceptions.o
NMI_Handler                                       obj/qspi_exceptions.o
PIOA_Handler                                      obj/qspi_pio_it.o
PIOB_Handler                                      obj/qspi_pio_it.o
PIOC_Handler                                      obj/qspi_pio_it.o
PIOD_Handler                                      obj/qspi_pio_it.o
PIOE_Handler                                      obj/qspi_pio_it.o
PIO_Clear                                         obj/qspi_pio.o
                                                  obj/qspi_led.o
PIO_Configure                                     obj/qspi_pio.o
                                                  obj/qspi_trace.o
                                                  obj/qspi_led.o
                                                  obj/qspi_dbg_console.o
                                                  obj/qspi_board_memories.o
PIO_ConfigureIt                                   obj/qspi_pio_it.o
PIO_DisableIt                                     obj/qspi_pio_it.o
PIO_DisableWriteProtect                           obj/qspi_pio.o
PIO_EnableIt                                      obj/qspi_pio_it.o
PIO_EnableWriteProtect                            obj/qspi_pio.o
PIO_Get                                           obj/qspi_pio.o
PIO_GetOutputDataStatus                           obj/qspi_pio.o
                                                  obj/qspi_led.o
PIO_GetWriteProtectViolationInfo                  obj/qspi_pio.o
PIO_InitializeInterrupts                          obj/qspi_pio_it.o
PIO_Set                                           obj/qspi_pio.o
                                                  obj/qspi_led.o
PIO_SetDebounceFilter                             obj/qspi_pio.o
PIO_SetPinType                                    obj/qspi_pio.o
PMC_ConfigureMckWithPlla                          obj/qspi_pmc.o
PMC_ConfigurePCK0                                 obj/qspi_pmc.o
PMC_ConfigurePCK1                                 obj/qspi_pmc.o
PMC_ConfigurePCK2                                 obj/qspi_pmc.o
PMC_DisableAllClocks                              obj/qspi_pmc.o
PMC_DisableAllPeripherals                         obj/qspi_pmc.o
PMC_DisableExtOsc                                 obj/qspi_pmc.o
PMC_DisableIntRC4_8_12MHz                         obj/qspi_pmc.o
PMC_DisablePeripheral                             obj/qspi_pmc.o
PMC_EnableAllPeripherals                          obj/qspi_pmc.o
PMC_EnableExtOsc                                  obj/qspi_pmc.o
PMC_EnableIntRC4_8_12MHz                          obj/qspi_pmc.o
PMC_EnablePeripheral                              obj/qspi_pmc.o
                                                  obj/qspi_main.o
                                                  obj/qspi_xdmad.o
                                                  obj/qspi_pio_it.o
                                                  obj/qspi_pio.o
                                                  obj/qspi_dbg_console.o
                                                  obj/qspi_board_memories.o
PMC_EnableXT32KFME                                obj/qspi_pmc.o
                                                  obj/qspi_supc.o
PMC_Handler                                       obj/qspi_startup_samv71.o
PMC_IsPeriphEnabled                               obj/qspi_pmc.o
                                                  obj/qspi_xdmad.o
PMC_SelectExtBypassOsc                            obj/qspi_pmc.o
PMC_SelectExtOsc                                  obj/qspi_pmc.o
PMC_SetMckSelection                               obj/qspi_pmc.o
PMC_SetPllaClock                                  obj/qspi_pmc.o
PWM0_Handler                                      obj/qspi_startup_samv71.o
PWM1_Handler                                      obj/qspi_startup_samv71.o
PendSV_Handler                                    obj/qspi_startup_samv71.o
PioInterruptHandler                               obj/qspi_pio_it.o
QSPI_Handler                                      obj/qspi_startup_samv71.o
RSTC_Handler                                      obj/qspi_startup_samv71.o
RSWDT_Handler                                     obj/qspi_startup_samv71.o
RTC_Handler                                       obj/qspi_startup_samv71.o
RTT_Handler                                       obj/qspi_startup_samv71.o
Reset_Handler                                     obj/qspi_startup_samv71.o
SDRAMC_Handler                                    obj/qspi_startup_samv71.o
SPI0_Handler                                      obj/qspi_startup_samv71.o
SPI1_Handler                                      obj/qspi_startup_samv71.o
SSC_Handler                                       obj/qspi_startup_samv71.o
SUPC_BrownoutDetectEnable                         obj/qspi_supc.o
SUPC_BrownoutResetEnable                          obj/qspi_supc.o
SUPC_BypassXtal32KOsc                             obj/qspi_supc.o
SUPC_ConfigSupplyMonitor                          obj/qspi_supc.o
SUPC_DisableSupplyMonitor                         obj/qspi_supc.o
SUPC_DisableVoltageReg                            obj/qspi_supc.o
SUPC_EnablesWakeupInput                           obj/qspi_supc.o
SUPC_EnablesWakeupMode                            obj/qspi_supc.o
SUPC_Handler                                      obj/qspi_startup_samv71.o
SUPC_IsSlowClkExtCrystal32K                       obj/qspi_supc.o
SUPC_Read_Status                                  obj/qspi_supc.o
SUPC_SelectExtCrystal32K                          obj/qspi_supc.o
SUPC_SetLowPowerDebounce                          obj/qspi_supc.o
SUPC_SetWakeupDebounce                            obj/qspi_supc.o
SUPC_SramBackupMode                               obj/qspi_supc.o
SVC_Handler                                       obj/qspi_startup_samv71.o
SetTimeEvent                                      obj/qspi_timetick.o
Sleep                                             obj/qspi_timetick.o
SysTick_Handler                                   obj/qspi_timetick.o
                                                  obj/qspi_startup_samv71.o
SystemCoreClock                                   obj/qspi_system_samv71.o
SystemCoreClockUpdate                             obj/qspi_system_samv71.o
SystemInit                                        obj/qspi_system_samv71.o
                                                  obj/qspi_board_lowlevel.o
TC0_Handler                                       obj/qspi_main.o
                                                  obj/qspi_startup_samv71.o
TC10_Handler                                      obj/qspi_startup_samv71.o
TC11_Handler                                      obj/qspi_startup_samv71.o
TC1_Handler                                       obj/qspi_startup_samv71.o
TC2_Handler                                       obj/qspi_startup_samv71.o
TC3_Handler                                       obj/qspi_startup_samv71.o
TC4_Handler                                       obj/qspi_startup_samv71.o
TC5_Handler                                       obj/qspi_startup_samv71.o
TC6_Handler                                       obj/qspi_startup_samv71.o
TC7_Handler                                       obj/qspi_startup_samv71.o
TC8_Handler                                       obj/qspi_startup_samv71.o
TC9_Handler                                       obj/qspi_startup_samv71.o
TC_Configure                                      obj/qspi_tc.o