
Discarded input sections

 .group         0x0000000000000000        0x8 build/obj/crt0.o
 .group         0x0000000000000000        0x8 build/obj/crt0.o
 .group         0x0000000000000000        0x8 build/obj/crt0.o
 .group         0x0000000000000000        0x8 build/obj/crt0.o
 .group         0x0000000000000000        0x8 build/obj/crt0.o
 .group         0x0000000000000000        0x8 build/obj/crt0.o
 .group         0x0000000000000000        0x8 build/obj/crt0.o
 .group         0x0000000000000000        0x8 build/obj/crt0.o
 .group         0x0000000000000000        0x8 build/obj/crt0.o
 .group         0x0000000000000000        0x8 build/obj/crt0.o
 .group         0x0000000000000000        0x8 build/obj/crt0.o
 .group         0x0000000000000000        0x8 build/obj/crt0.o
 .group         0x0000000000000000        0x8 build/obj/crt0.o
 .group         0x0000000000000000        0x8 build/obj/crt0.o
 .group         0x0000000000000000        0x8 build/obj/crt0.o
 .group         0x0000000000000000        0x8 build/obj/crt0.o
 .group         0x0000000000000000        0x8 build/obj/crt0.o
 .group         0x0000000000000000        0x8 build/obj/crt0.o
 .group         0x0000000000000000        0x8 build/obj/crt0.o
 .group         0x0000000000000000        0x8 build/obj/crt0.o
 .group         0x0000000000000000        0x8 build/obj/crt0.o
 .group         0x0000000000000000        0x8 build/obj/crt0.o
 .group         0x0000000000000000        0x8 build/obj/crt0.o
 .group         0x0000000000000000        0x8 build/obj/crt0.o
 .group         0x0000000000000000        0x8 build/obj/crt0.o
 .group         0x0000000000000000        0x8 build/obj/crt0.o
 .group         0x0000000000000000        0x8 build/obj/crt0.o
 .group         0x0000000000000000        0x8 build/obj/crt0.o
 .group         0x0000000000000000        0x8 build/obj/crt0.o
 .group         0x0000000000000000        0x8 build/obj/crt0.o
 .group         0x0000000000000000        0x8 build/obj/crt0.o
 .group         0x0000000000000000        0x8 build/obj/crt0.o
 .group         0x0000000000000000        0x8 build/obj/crt0.o
 .group         0x0000000000000000        0x8 build/obj/crt0.o
 .group         0x0000000000000000        0x8 build/obj/crt0.o
 .group         0x0000000000000000        0x8 build/obj/crt0.o
 .group         0x0000000000000000        0x8 build/obj/crt0.o
 .group         0x0000000000000000        0x8 build/obj/crt0.o
 .group         0x0000000000000000        0x8 build/obj/crt0.o
 .group         0x0000000000000000        0x8 build/obj/crt0.o
 .group         0x0000000000000000        0x8 build/obj/crt0.o
 .group         0x0000000000000000        0x8 build/obj/crt0.o
 .group         0x0000000000000000        0x8 build/obj/crt0.o
 .group         0x0000000000000000        0x8 build/obj/crt0.o
 .group         0x0000000000000000        0x8 build/obj/crt0.o
 .group         0x0000000000000000        0x8 build/obj/crt0.o
 .group         0x0000000000000000        0x8 build/obj/crt0.o
 .group         0x0000000000000000        0x8 build/obj/crt0.o
 .group         0x0000000000000000        0x8 build/obj/crt0.o
 .group         0x0000000000000000        0x8 build/obj/crt0.o
 .group         0x0000000000000000        0x8 build/obj/crt0.o
 .group         0x0000000000000000        0x8 build/obj/crt0.o
 .group         0x0000000000000000        0x8 build/obj/crt0.o
 .group         0x0000000000000000        0x8 build/obj/crt0.o
 .group         0x0000000000000000        0x8 build/obj/crt0.o
 .group         0x0000000000000000        0x8 build/obj/crt0.o
 .group         0x0000000000000000        0x8 build/obj/crt0.o
 .group         0x0000000000000000        0x8 build/obj/crt0.o
 .group         0x0000000000000000        0x8 build/obj/crt0.o
 .group         0x0000000000000000        0x8 build/obj/crt0.o
 .group         0x0000000000000000        0x8 build/obj/crt0.o
 .group         0x0000000000000000        0x8 build/obj/crt0.o
 .group         0x0000000000000000        0x8 build/obj/crt0.o
 .group         0x0000000000000000        0x8 build/obj/crt0.o
 .group         0x0000000000000000        0x8 build/obj/crt0.o
 .group         0x0000000000000000        0x8 build/obj/crt0.o
 .group         0x0000000000000000        0x8 build/obj/crt0.o
 .group         0x0000000000000000        0x8 build/obj/crt0.o
 .group         0x0000000000000000        0x8 build/obj/crt0.o
 .group         0x0000000000000000        0x8 build/obj/crt0.o
 .group         0x0000000000000000        0x8 build/obj/crt0.o
 .group         0x0000000000000000        0x8 build/obj/crt0.o
 .group         0x0000000000000000        0x8 build/obj/crt0.o
 .group         0x0000000000000000        0x8 build/obj/crt0.o
 .group         0x0000000000000000        0x8 build/obj/crt0.o
 .group         0x0000000000000000        0x8 build/obj/crt0.o
 .group         0x0000000000000000        0x8 build/obj/crt0.o
 .group         0x0000000000000000        0x8 build/obj/crt0.o
 .group         0x0000000000000000        0x8 build/obj/crt0.o
 .group         0x0000000000000000        0x8 build/obj/crt0.o
 .group         0x0000000000000000        0x8 build/obj/crt0.o
 .group         0x0000000000000000        0x8 build/obj/crt0.o
 .group         0x0000000000000000        0x8 build/obj/crt0.o
 .group         0x0000000000000000        0x8 build/obj/crt0.o
 .group         0x0000000000000000        0x8 build/obj/crt0.o
 .group         0x0000000000000000        0x8 build/obj/crt0.o
 .group         0x0000000000000000        0x8 build/obj/crt0.o
 .group         0x0000000000000000        0x8 build/obj/crt0.o
 .group         0x0000000000000000        0x8 build/obj/crt0.o
 .group         0x0000000000000000        0x8 build/obj/crt0.o
 .group         0x0000000000000000        0x8 build/obj/crt0.o
 .group         0x0000000000000000        0x8 build/obj/crt0.o
 .group         0x0000000000000000        0x8 build/obj/crt0.o
 .group         0x0000000000000000        0x8 build/obj/crt0.o
 .group         0x0000000000000000        0x8 build/obj/crt0.o
 .group         0x0000000000000000        0x8 build/obj/crt0.o
 .group         0x0000000000000000        0x8 build/obj/crt0.o
 .group         0x0000000000000000        0x8 build/obj/crt0.o
 .group         0x0000000000000000        0x8 build/obj/crt0.o
 .group         0x0000000000000000        0x8 build/obj/crt0.o
 .group         0x0000000000000000        0x8 build/obj/crt0.o
 .group         0x0000000000000000        0x8 build/obj/crt0.o
 .group         0x0000000000000000        0x8 build/obj/crt0.o
 .group         0x0000000000000000        0x8 build/obj/crt0.o
 .group         0x0000000000000000        0x8 build/obj/crt0.o
 .text          0x0000000000000000        0x0 build/obj/crt0.o
 .data          0x0000000000000000        0x0 build/obj/crt0.o
 .bss           0x0000000000000000        0x0 build/obj/crt0.o
 .group         0x0000000000000000        0x8 build/obj/main.o
 .group         0x0000000000000000        0x8 build/obj/main.o
 .group         0x0000000000000000        0x8 build/obj/main.o
 .group         0x0000000000000000        0x8 build/obj/main.o
 .group         0x0000000000000000        0x8 build/obj/main.o
 .group         0x0000000000000000        0x8 build/obj/main.o
 .group         0x0000000000000000        0x8 build/obj/main.o
 .group         0x0000000000000000        0x8 build/obj/main.o
 .group         0x0000000000000000        0x8 build/obj/main.o
 .group         0x0000000000000000        0x8 build/obj/main.o
 .group         0x0000000000000000        0x8 build/obj/main.o
 .group         0x0000000000000000        0x8 build/obj/main.o
 .group         0x0000000000000000        0x8 build/obj/main.o
 .group         0x0000000000000000        0x8 build/obj/main.o
 .group         0x0000000000000000        0x8 build/obj/main.o
 .group         0x0000000000000000        0x8 build/obj/main.o
 .group         0x0000000000000000        0x8 build/obj/main.o
 .group         0x0000000000000000        0x8 build/obj/main.o
 .group         0x0000000000000000        0x8 build/obj/main.o
 .group         0x0000000000000000        0x8 build/obj/main.o
 .group         0x0000000000000000        0x8 build/obj/main.o
 .group         0x0000000000000000        0x8 build/obj/main.o
 .group         0x0000000000000000        0x8 build/obj/main.o
 .group         0x0000000000000000        0x8 build/obj/main.o
 .group         0x0000000000000000        0x8 build/obj/main.o
 .group         0x0000000000000000        0x8 build/obj/main.o
 .group         0x0000000000000000        0x8 build/obj/main.o
 .group         0x0000000000000000        0x8 build/obj/main.o
 .group         0x0000000000000000        0x8 build/obj/main.o
 .group         0x0000000000000000        0x8 build/obj/main.o
 .group         0x0000000000000000        0x8 build/obj/main.o
 .group         0x0000000000000000        0x8 build/obj/main.o
 .group         0x0000000000000000        0x8 build/obj/main.o
 .group         0x0000000000000000        0x8 build/obj/main.o
 .group         0x0000000000000000        0x8 build/obj/main.o
 .group         0x0000000000000000        0x8 build/obj/main.o
 .group         0x0000000000000000        0x8 build/obj/main.o
 .group         0x0000000000000000        0x8 build/obj/main.o
 .group         0x0000000000000000        0x8 build/obj/main.o
 .group         0x0000000000000000        0x8 build/obj/main.o
 .group         0x0000000000000000        0x8 build/obj/main.o
 .group         0x0000000000000000        0x8 build/obj/main.o
 .group         0x0000000000000000        0x8 build/obj/main.o
 .group         0x0000000000000000        0x8 build/obj/main.o
 .group         0x0000000000000000        0x8 build/obj/main.o
 .group         0x0000000000000000        0x8 build/obj/main.o
 .group         0x0000000000000000        0x8 build/obj/main.o
 .group         0x0000000000000000        0x8 build/obj/main.o
 .group         0x0000000000000000        0x8 build/obj/main.o
 .group         0x0000000000000000        0x8 build/obj/main.o
 .group         0x0000000000000000        0x8 build/obj/main.o
 .group         0x0000000000000000        0x8 build/obj/main.o
 .group         0x0000000000000000        0x8 build/obj/main.o
 .group         0x0000000000000000        0x8 build/obj/main.o
 .group         0x0000000000000000        0x8 build/obj/main.o
 .group         0x0000000000000000        0x8 build/obj/main.o
 .group         0x0000000000000000        0x8 build/obj/main.o
 .group         0x0000000000000000        0x8 build/obj/main.o
 .group         0x0000000000000000        0x8 build/obj/main.o
 .group         0x0000000000000000        0x8 build/obj/main.o
 .group         0x0000000000000000        0x8 build/obj/main.o
 .group         0x0000000000000000        0x8 build/obj/main.o
 .group         0x0000000000000000        0x8 build/obj/main.o
 .group         0x0000000000000000        0x8 build/obj/main.o
 .group         0x0000000000000000        0x8 build/obj/main.o
 .group         0x0000000000000000        0x8 build/obj/main.o
 .group         0x0000000000000000        0x8 build/obj/main.o
 .group         0x0000000000000000        0x8 build/obj/main.o
 .group         0x0000000000000000        0x8 build/obj/main.o
 .group         0x0000000000000000        0x8 build/obj/main.o
 .group         0x0000000000000000        0x8 build/obj/main.o
 .group         0x0000000000000000        0x8 build/obj/main.o
 .group         0x0000000000000000        0x8 build/obj/main.o
 .group         0x0000000000000000        0x8 build/obj/main.o
 .group         0x0000000000000000        0x8 build/obj/main.o
 .group         0x0000000000000000        0x8 build/obj/main.o
 .group         0x0000000000000000        0x8 build/obj/main.o
 .group         0x0000000000000000        0x8 build/obj/main.o
 .group         0x0000000000000000        0x8 build/obj/main.o
 .group         0x0000000000000000        0x8 build/obj/main.o
 .group         0x0000000000000000        0x8 build/obj/main.o
 .group         0x0000000000000000        0x8 build/obj/main.o
 .group         0x0000000000000000        0x8 build/obj/main.o
 .group         0x0000000000000000        0x8 build/obj/main.o
 .group         0x0000000000000000        0x8 build/obj/main.o
 .group         0x0000000000000000        0x8 build/obj/main.o
 .group         0x0000000000000000        0x8 build/obj/main.o
 .group         0x0000000000000000        0x8 build/obj/main.o
 .group         0x0000000000000000        0x8 build/obj/main.o
 .group         0x0000000000000000        0x8 build/obj/main.o
 .group         0x0000000000000000        0x8 build/obj/main.o
 .group         0x0000000000000000        0x8 build/obj/main.o
 .group         0x0000000000000000        0x8 build/obj/main.o
 .group         0x0000000000000000        0x8 build/obj/main.o
 .group         0x0000000000000000        0x8 build/obj/main.o
 .group         0x0000000000000000        0x8 build/obj/main.o
 .group         0x0000000000000000        0x8 build/obj/main.o
 .group         0x0000000000000000        0x8 build/obj/main.o
 .group         0x0000000000000000        0x8 build/obj/main.o
 .group         0x0000000000000000        0x8 build/obj/main.o
 .group         0x0000000000000000        0x8 build/obj/main.o
 .group         0x0000000000000000        0x8 build/obj/main.o
 .group         0x0000000000000000        0x8 build/obj/main.o
 .group         0x0000000000000000        0x8 build/obj/main.o
 .group         0x0000000000000000        0x8 build/obj/main.o
 .group         0x0000000000000000        0x8 build/obj/main.o
 .text          0x0000000000000000        0x0 build/obj/main.o
 .data          0x0000000000000000        0x0 build/obj/main.o
 .bss           0x0000000000000000        0x0 build/obj/main.o
 .debug_macro   0x0000000000000000       0x22 build/obj/main.o
 .debug_macro   0x0000000000000000       0x51 build/obj/main.o
 .debug_macro   0x0000000000000000       0xef build/obj/main.o
 .debug_macro   0x0000000000000000       0x6a build/obj/main.o
 .debug_macro   0x0000000000000000      0x1df build/obj/main.o
 .debug_macro   0x0000000000000000       0x4a build/obj/main.o
 .debug_macro   0x0000000000000000       0x3b build/obj/main.o
 .debug_macro   0x0000000000000000       0x50 build/obj/main.o
 .debug_macro   0x0000000000000000      0x187 build/obj/main.o
 .debug_macro   0x0000000000000000      0x2e9 build/obj/main.o
 .debug_macro   0x0000000000000000      0xa1e build/obj/main.o
 .debug_macro   0x0000000000000000      0x1b4 build/obj/main.o
 .debug_macro   0x0000000000000000      0x2c8 build/obj/main.o
 .debug_macro   0x0000000000000000      0x15a build/obj/main.o
 .debug_macro   0x0000000000000000     0x187a build/obj/main.o
 .debug_macro   0x0000000000000000       0x1c build/obj/main.o
 .debug_macro   0x0000000000000000      0x69d build/obj/main.o
 .debug_macro   0x0000000000000000      0x3b6 build/obj/main.o
 .debug_macro   0x0000000000000000      0x4e4 build/obj/main.o
 .debug_macro   0x0000000000000000      0x28c build/obj/main.o
 .debug_macro   0x0000000000000000     0x13b2 build/obj/main.o
 .debug_macro   0x0000000000000000      0x280 build/obj/main.o
 .debug_macro   0x0000000000000000     0x2a3b build/obj/main.o
 .debug_macro   0x0000000000000000     0x103b build/obj/main.o
 .debug_macro   0x0000000000000000      0xcd8 build/obj/main.o
 .debug_macro   0x0000000000000000      0x391 build/obj/main.o
 .debug_macro   0x0000000000000000       0xa0 build/obj/main.o
 .debug_macro   0x0000000000000000       0x76 build/obj/main.o
 .debug_macro   0x0000000000000000      0x43e build/obj/main.o
 .debug_macro   0x0000000000000000       0x64 build/obj/main.o
 .debug_macro   0x0000000000000000      0x294 build/obj/main.o
 .debug_macro   0x0000000000000000      0x1e1 build/obj/main.o
 .debug_macro   0x0000000000000000      0x259 build/obj/main.o
 .debug_macro   0x0000000000000000      0x534 build/obj/main.o
 .debug_macro   0x0000000000000000      0x64b build/obj/main.o
 .debug_macro   0x0000000000000000      0x6c7 build/obj/main.o
 .debug_macro   0x0000000000000000       0x64 build/obj/main.o
 .debug_macro   0x0000000000000000      0x495 build/obj/main.o
 .debug_macro   0x0000000000000000      0x233 build/obj/main.o
 .debug_macro   0x0000000000000000      0x9f3 build/obj/main.o
 .debug_macro   0x0000000000000000     0x154e build/obj/main.o
 .debug_macro   0x0000000000000000       0x40 build/obj/main.o
 .debug_macro   0x0000000000000000       0x76 build/obj/main.o
 .debug_macro   0x0000000000000000      0xdb7 build/obj/main.o
 .debug_macro   0x0000000000000000       0x88 build/obj/main.o
 .debug_macro   0x0000000000000000       0x7c build/obj/main.o
 .debug_macro   0x0000000000000000       0x52 build/obj/main.o
 .debug_macro   0x0000000000000000      0x12e build/obj/main.o
 .debug_macro   0x0000000000000000      0x12e build/obj/main.o
 .debug_macro   0x0000000000000000      0x12e build/obj/main.o
 .debug_macro   0x0000000000000000       0x76 build/obj/main.o
 .debug_macro   0x0000000000000000       0x76 build/obj/main.o
 .debug_macro   0x0000000000000000      0x2fe build/obj/main.o
 .debug_macro   0x0000000000000000       0xca build/obj/main.o
 .debug_macro   0x0000000000000000       0xca build/obj/main.o
 .debug_macro   0x0000000000000000       0xca build/obj/main.o
 .debug_macro   0x0000000000000000      0x11e build/obj/main.o
 .debug_macro   0x0000000000000000      0x11e build/obj/main.o
 .debug_macro   0x0000000000000000      0x2cd build/obj/main.o
 .debug_macro   0x0000000000000000       0xbe build/obj/main.o
 .debug_macro   0x0000000000000000       0x64 build/obj/main.o
 .debug_macro   0x0000000000000000       0x46 build/obj/main.o
 .debug_macro   0x0000000000000000       0x64 build/obj/main.o
 .debug_macro   0x0000000000000000       0xa6 build/obj/main.o
 .debug_macro   0x0000000000000000      0x49b build/obj/main.o
 .debug_macro   0x0000000000000000      0x12e build/obj/main.o
 .debug_macro   0x0000000000000000       0x52 build/obj/main.o
 .debug_macro   0x0000000000000000      0x2fe build/obj/main.o
 .debug_macro   0x0000000000000000       0x76 build/obj/main.o
 .debug_macro   0x0000000000000000       0xbe build/obj/main.o
 .debug_macro   0x0000000000000000       0x76 build/obj/main.o
 .debug_macro   0x0000000000000000       0x70 build/obj/main.o
 .debug_macro   0x0000000000000000       0x34 build/obj/main.o
 .debug_macro   0x0000000000000000      0x9b8 build/obj/main.o
 .debug_macro   0x0000000000000000       0x70 build/obj/main.o
 .debug_macro   0x0000000000000000       0x8e build/obj/main.o
 .debug_macro   0x0000000000000000       0x5e build/obj/main.o
 .debug_macro   0x0000000000000000       0xac build/obj/main.o
 .debug_macro   0x0000000000000000       0x16 build/obj/main.o
 .debug_macro   0x0000000000000000       0xee build/obj/main.o
 .debug_macro   0x0000000000000000       0x52 build/obj/main.o
 .debug_macro   0x0000000000000000       0x16 build/obj/main.o
 .debug_macro   0x0000000000000000       0x52 build/obj/main.o
 .debug_macro   0x0000000000000000       0x2e build/obj/main.o
 .debug_macro   0x0000000000000000      0x166 build/obj/main.o
 .debug_macro   0x0000000000000000      0x166 build/obj/main.o
 .debug_macro   0x0000000000000000      0x166 build/obj/main.o
 .debug_macro   0x0000000000000000      0x166 build/obj/main.o
 .debug_macro   0x0000000000000000      0x166 build/obj/main.o
 .debug_macro   0x0000000000000000       0x1c build/obj/main.o
 .debug_macro   0x0000000000000000       0x34 build/obj/main.o
 .debug_macro   0x0000000000000000       0x22 build/obj/main.o
 .debug_macro   0x0000000000000000       0x1c build/obj/main.o
 .debug_macro   0x0000000000000000       0x5e build/obj/main.o
 .debug_macro   0x0000000000000000       0x10 build/obj/main.o
 .debug_macro   0x0000000000000000       0x1c build/obj/main.o
 .debug_macro   0x0000000000000000       0x52 build/obj/main.o
 .debug_macro   0x0000000000000000       0x52 build/obj/main.o
 .debug_macro   0x0000000000000000       0x52 build/obj/main.o
 .debug_macro   0x0000000000000000      0x329 build/obj/main.o
 .debug_macro   0x0000000000000000     0x1028 build/obj/main.o
 .debug_macro   0x0000000000000000      0x107 build/obj/main.o

Memory Configuration

Name             Origin             Length             Attributes
FLASH            0x0000000000400000 0x0000000000200000 xr
RAM              0x0000000020400000 0x0000000000060000 xrw
*default*        0x0000000000000000 0xffffffffffffffff

Linker script and memory map

LOAD build/obj/crt0.o
LOAD build/obj/main.o
LOAD /home/admin1/arm_toolchain/gcc-arm-none-eabi-6-2017-q2-update/bin/../lib/gcc/arm-none-eabi/6.3.1/../../../../arm-none-eabi/lib/thumb/v7e-m/libc_nano.a
LOAD /home/admin1/arm_toolchain/gcc-arm-none-eabi-6-2017-q2-update/bin/../lib/gcc/arm-none-eabi/6.3.1/thumb/v7e-m/libgcc.a
                0x0000000000400000                . = 0x400000
                0x0000000000400000                _text = .

startup         0x0000000000400000      0x140
 *(vectors)
 vectors        0x0000000000400000      0x140 build/obj/crt0.o
                0x0000000000400000                exception_table

constructors    0x0000000000400140        0x0
                0x0000000000400140                PROVIDE (__init_array_start, .)
 *(SORT(.init_array.*))
 *(.init_array)
                0x0000000000400140                PROVIDE (__init_array_end, .)

.text           0x0000000000400140      0x114
 *(.text.startup.*)
 *(.text)
 *(.text.*)
 .text.Dummy_Handler
                0x0000000000400140        0x2 build/obj/crt0.o
                0x0000000000400140                DACC_Handler
                0x0000000000400140                DebugMon_Handler
                0x0000000000400140                UART3_Handler
                0x0000000000400140                UART2_Handler
                0x0000000000400140                TRNG_Handler
                0x0000000000400140                HardFault_Handler
                0x0000000000400140                TC2_Handler
                0x0000000000400140                SysTick_Handler
                0x0000000000400140                AFEC1_Handler
                0x0000000000400140                PendSV_Handler
                0x0000000000400140                NMI_Handler
                0x0000000000400140                TC7_Handler
                0x0000000000400140                QSPI_Handler
                0x0000000000400140                ISI_Handler
                0x0000000000400140                TC9_Handler
                0x0000000000400140                RSWDT_Handler
                0x0000000000400140                MCAN1_Handler
                0x0000000000400140                USART0_Handler
                0x0000000000400140                RTT_Handler
                0x0000000000400140                USBHS_Handler
                0x0000000000400140                CCF_Handler
                0x0000000000400140                PIOB_Handler
                0x0000000000400140                RTC_Handler
                0x0000000000400140                UsageFault_Handler
                0x0000000000400140                TC6_Handler
                0x0000000000400140                WDT_Handler
                0x0000000000400140                TC4_Handler
                0x0000000000400140                TC1_Handler
                0x0000000000400140                HSMCI_Handler
                0x0000000000400140                UART1_Handler
                0x0000000000400140                TC3_Handler
                0x0000000000400140                Dummy_Handler
                0x0000000000400140                TWIHS1_Handler
                0x0000000000400140                XDMAC_Handler
                0x0000000000400140                UART4_Handler
                0x0000000000400140                PWM1_Handler
                0x0000000000400140                USART1_Handler
                0x0000000000400140                PWM0_Handler
                0x0000000000400140                PIOA_Handler
                0x0000000000400140                AFEC0_Handler
                0x0000000000400140                CCW_Handler
                0x0000000000400140                SSC_Handler
                0x0000000000400140                TC11_Handler
                0x0000000000400140                ACC_Handler
                0x0000000000400140                PMC_Handler
                0x0000000000400140                GMAC_Handler
                0x0000000000400140                MemManage_Handler
                0x0000000000400140                SUPC_Handler
                0x0000000000400140                SVC_Handler
                0x0000000000400140                TC8_Handler
                0x0000000000400140                EFC_Handler
                0x0000000000400140                GMACQ2_Handler
                0x0000000000400140                USART2_Handler
                0x0000000000400140                SDRAMC_Handler
                0x0000000000400140                PIOE_Handler
                0x0000000000400140                SPI1_Handler
                0x0000000000400140                MCAN0_Handler
                0x0000000000400140                TC10_Handler
                0x0000000000400140                PIOD_Handler
                0x0000000000400140                TWIHS2_Handler
                0x0000000000400140                MLB_Handler
                0x0000000000400140                UART0_Handler
                0x0000000000400140                GMACQ1_Handler
                0x0000000000400140                PIOC_Handler
                0x0000000000400140                MCAN1_Line1_Handler
                0x0000000000400140                FPU_Handler
                0x0000000000400140                BusFault_Handler
                0x0000000000400140                RSTC_Handler
                0x0000000000400140                TC0_Handler
                0x0000000000400140                MCAN0_Line1_Handler
                0x0000000000400140                TC5_Handler
                0x0000000000400140                ICM_Handler
                0x0000000000400140                AES_Handler
                0x0000000000400140                TWIHS0_Handler
                0x0000000000400140                SPI0_Handler
 *fill*         0x0000000000400142        0x2 
 .text.Reset_Handler
                0x0000000000400144       0x88 build/obj/crt0.o
                0x0000000000400144                Reset_Handler
 .text.SystemInit
                0x00000000004001cc        0x2 build/obj/main.o
                0x00000000004001cc                SystemInit
 *fill*         0x00000000004001ce        0x2 
 .text._Z6dalay1v
                0x00000000004001d0       0x40 build/obj/main.o
                0x00000000004001d0                dalay1()
 .text.main     0x0000000000400210       0x44 build/obj/main.o
                0x0000000000400210                main
 *(.rodata)
 *(.rodata.*)
 *(.glue_7t)
 .glue_7t       0x0000000000400254        0x0 linker stubs
 *(.glue_7)
 .glue_7        0x0000000000400254        0x0 linker stubs
 *(.gcc*)

.vfp11_veneer   0x0000000000400254        0x0
 .vfp11_veneer  0x0000000000400254        0x0 linker stubs

.v4_bx          0x0000000000400254        0x0
 .v4_bx         0x0000000000400254        0x0 linker stubs

.iplt           0x0000000000400254        0x0
 .iplt          0x0000000000400254        0x0 build/obj/crt0.o

.rel.dyn        0x0000000000400254        0x0
 .rel.iplt      0x0000000000400254        0x0 build/obj/crt0.o

.ARM.extab
 *(.ARM.extab* .gnu.linkonce.armextab.*)

.ARM.exidx      0x0000000000400254        0x0
                [!provide]                        PROVIDE (__exidx_start, .)
 *(.ARM.exidx* .gnu.linkonce.armexidx.*)
                [!provide]                        PROVIDE (__exidx_end, .)

.eh_frame_hdr
 *(.eh_frame_hdr)

.eh_frame
 *(.eh_frame)

.textalign      0x0000000000400254        0x4
                0x0000000000400258                . = ALIGN (0x8)
 *fill*         0x0000000000400254        0x4 
                0x0000000000400258                . = ALIGN (0x4)
                0x0000000000400258                _etext = .
                0x0000000000400258                _textdata = _etext

.data           0x0000000020400000        0x0 load address 0x0000000000400258
                0x0000000020400000                . = ALIGN (0x4)
                0x0000000020400000                PROVIDE (_data, .)
 *(.data)
                0x0000000020400000                . = ALIGN (0x4)
 *(.data.*)
                0x0000000020400000                . = ALIGN (0x4)
 *(.ramtext)
                0x0000000020400000                . = ALIGN (0x4)
                0x0000000020400000                PROVIDE (_edata, .)

.igot.plt       0x0000000020400000        0x0 load address 0x0000000000400258
 .igot.plt      0x0000000020400000        0x0 build/obj/crt0.o

.bss            0x0000000020400000        0x0 load address 0x0000000000400258
                0x0000000020400000                . = ALIGN (0x4)
                0x0000000020400000                PROVIDE (_bss, .)
 *(.bss)
                0x0000000020400000                . = ALIGN (0x4)
 *(.bss.*)
                0x0000000020400000                . = ALIGN (0x4)
 *(COMMON)
                0x0000000020400000                . = ALIGN (0x4)
                0x0000000020400000                PROVIDE (_ebss, .)
                0x0000000020460000                PROVIDE (__stack_end, (ORIGIN (RAM) + LENGTH (RAM)))
OUTPUT(build/firmware.elf elf32-littlearm)

.debug_info     0x0000000000000000      0x72d
 .debug_info    0x0000000000000000      0x5f3 build/obj/crt0.o
 .debug_info    0x00000000000005f3      0x13a build/obj/main.o

.debug_abbrev   0x0000000000000000      0x207
 .debug_abbrev  0x0000000000000000      0x137 build/obj/crt0.o
 .debug_abbrev  0x0000000000000137       0xd0 build/obj/main.o

.debug_loc      0x0000000000000000       0x76
 .debug_loc     0x0000000000000000       0x76 build/obj/crt0.o

.debug_aranges  0x0000000000000000       0x58
 .debug_aranges
                0x0000000000000000       0x28 build/obj/crt0.o
 .debug_aranges
                0x0000000000000028       0x30 build/obj/main.o

.debug_ranges   0x0000000000000000       0x38
 .debug_ranges  0x0000000000000000       0x18 build/obj/crt0.o
 .debug_ranges  0x0000000000000018       0x20 build/obj/main.o

.debug_macro    0x0000000000000000    0x17f61
 .debug_macro   0x0000000000000000      0x468 build/obj/crt0.o
 .debug_macro   0x0000000000000468      0x8b0 build/obj/crt0.o
 .debug_macro   0x0000000000000d18       0x22 build/obj/crt0.o
 .debug_macro   0x0000000000000d3a       0x87 build/obj/crt0.o
 .debug_macro   0x0000000000000dc1       0x51 build/obj/crt0.o
 .debug_macro   0x0000000000000e12       0xef build/obj/crt0.o
 .debug_macro   0x0000000000000f01       0x6a build/obj/crt0.o
 .debug_macro   0x0000000000000f6b      0x1df build/obj/crt0.o
 .debug_macro   0x000000000000114a       0x4a build/obj/crt0.o
 .debug_macro   0x0000000000001194       0x3b build/obj/crt0.o
 .debug_macro   0x00000000000011cf       0x50 build/obj/crt0.o
 .debug_macro   0x000000000000121f     0x1114 build/obj/crt0.o
 .debug_macro   0x0000000000002333      0x187 build/obj/crt0.o
 .debug_macro   0x00000000000024ba      0x2e9 build/obj/crt0.o
 .debug_macro   0x00000000000027a3      0xa1e build/obj/crt0.o
 .debug_macro   0x00000000000031c1      0x1b4 build/obj/crt0.o
 .debug_macro   0x0000000000003375      0x2c8 build/obj/crt0.o
 .debug_macro   0x000000000000363d      0x15a build/obj/crt0.o
 .debug_macro   0x0000000000003797     0x187a build/obj/crt0.o
 .debug_macro   0x0000000000005011       0x1c build/obj/crt0.o
 .debug_macro   0x000000000000502d      0x69d build/obj/crt0.o
 .debug_macro   0x00000000000056ca      0x3b6 build/obj/crt0.o
 .debug_macro   0x0000000000005a80      0x4e4 build/obj/crt0.o
 .debug_macro   0x0000000000005f64      0x28c build/obj/crt0.o
 .debug_macro   0x00000000000061f0     0x13b2 build/obj/crt0.o
 .debug_macro   0x00000000000075a2      0x280 build/obj/crt0.o
 .debug_macro   0x0000000000007822     0x2a3b build/obj/crt0.o
 .debug_macro   0x000000000000a25d     0x103b build/obj/crt0.o
 .debug_macro   0x000000000000b298      0xcd8 build/obj/crt0.o
 .debug_macro   0x000000000000bf70      0x391 build/obj/crt0.o
 .debug_macro   0x000000000000c301       0xa0 build/obj/crt0.o
 .debug_macro   0x000000000000c3a1       0x76 build/obj/crt0.o
 .debug_macro   0x000000000000c417      0x43e build/obj/crt0.o
 .debug_macro   0x000000000000c855       0x64 build/obj/crt0.o
 .debug_macro   0x000000000000c8b9      0x294 build/obj/crt0.o
 .debug_macro   0x000000000000cb4d      0x1e1 build/obj/crt0.o
 .debug_macro   0x000000000000cd2e      0x259 build/obj/crt0.o
 .debug_macro   0x000000000000cf87      0x534 build/obj/crt0.o
 .debug_macro   0x000000000000d4bb      0x64b build/obj/crt0.o
 .debug_macro   0x000000000000db06      0x6c7 build/obj/crt0.o
 .debug_macro   0x000000000000e1cd       0x64 build/obj/crt0.o
 .debug_macro   0x000000000000e231      0x495 build/obj/crt0.o
 .debug_macro   0x000000000000e6c6      0x233 build/obj/crt0.o
 .debug_macro   0x000000000000e8f9      0x9f3 build/obj/crt0.o
 .debug_macro   0x000000000000f2ec     0x154e build/obj/crt0.o
 .debug_macro   0x000000000001083a       0x40 build/obj/crt0.o
 .debug_macro   0x000000000001087a       0x76 build/obj/crt0.o
 .debug_macro   0x00000000000108f0      0xdb7 build/obj/crt0.o
 .debug_macro   0x00000000000116a7       0x88 build/obj/crt0.o
 .debug_macro   0x000000000001172f       0x7c build/obj/crt0.o
 .debug_macro   0x00000000000117ab       0x52 build/obj/crt0.o
 .debug_macro   0x00000000000117fd      0x12e build/obj/crt0.o
 .debug_macro   0x000000000001192b      0x12e build/obj/crt0.o
 .debug_macro   0x0000000000011a59      0x12e build/obj/crt0.o
 .debug_macro   0x0000000000011b87       0x76 build/obj/crt0.o
 .debug_macro   0x0000000000011bfd       0x76 build/obj/crt0.o
 .debug_macro   0x0000000000011c73      0x2fe build/obj/crt0.o
 .debug_macro   0x0000000000011f71       0xca build/obj/crt0.o
 .debug_macro   0x000000000001203b       0xca build/obj/crt0.o
 .debug_macro   0x0000000000012105       0xca build/obj/crt0.o
 .debug_macro   0x00000000000121cf      0x11e build/obj/crt0.o
 .debug_macro   0x00000000000122ed      0x11e build/obj/crt0.o
 .debug_macro   0x000000000001240b      0x2cd build/obj/crt0.o
 .debug_macro   0x00000000000126d8       0xbe build/obj/crt0.o
 .debug_macro   0x0000000000012796       0x64 build/obj/crt0.o
 .debug_macro   0x00000000000127fa       0x46 build/obj/crt0.o
 .debug_macro   0x0000000000012840       0x64 build/obj/crt0.o
 .debug_macro   0x00000000000128a4       0xa6 build/obj/crt0.o
 .debug_macro   0x000000000001294a      0x49b build/obj/crt0.o
 .debug_macro   0x0000000000012de5      0x12e build/obj/crt0.o
 .debug_macro   0x0000000000012f13       0x52 build/obj/crt0.o
 .debug_macro   0x0000000000012f65      0x2fe build/obj/crt0.o
 .debug_macro   0x0000000000013263       0x76 build/obj/crt0.o
 .debug_macro   0x00000000000132d9       0xbe build/obj/crt0.o
 .debug_macro   0x0000000000013397       0x76 build/obj/crt0.o
 .debug_macro   0x000000000001340d       0x70 build/obj/crt0.o
 .debug_macro   0x000000000001347d       0x34 build/obj/crt0.o
 .debug_macro   0x00000000000134b1      0x9b8 build/obj/crt0.o
 .debug_macro   0x0000000000013e69       0x70 build/obj/crt0.o
 .debug_macro   0x0000000000013ed9       0x8e build/obj/crt0.o
 .debug_macro   0x0000000000013f67       0x5e build/obj/crt0.o
 .debug_macro   0x0000000000013fc5       0xac build/obj/crt0.o
 .debug_macro   0x0000000000014071       0x16 build/obj/crt0.o
 .debug_macro   0x0000000000014087       0xee build/obj/crt0.o
 .debug_macro   0x0000000000014175       0x52 build/obj/crt0.o
 .debug_macro   0x00000000000141c7       0x16 build/obj/crt0.o
 .debug_macro   0x00000000000141dd       0x52 build/obj/crt0.o
 .debug_macro   0x000000000001422f       0x2e build/obj/crt0.o
 .debug_macro   0x000000000001425d      0x166 build/obj/crt0.o
 .debug_macro   0x00000000000143c3      0x166 build/obj/crt0.o
 .debug_macro   0x0000000000014529      0x166 build/obj/crt0.o
 .debug_macro   0x000000000001468f      0x166 build/obj/crt0.o
 .debug_macro   0x00000000000147f5      0x166 build/obj/crt0.o
 .debug_macro   0x000000000001495b       0x1c build/obj/crt0.o
 .debug_macro   0x0000000000014977       0x34 build/obj/crt0.o
 .debug_macro   0x00000000000149ab       0x22 build/obj/crt0.o
 .debug_macro   0x00000000000149cd       0x1c build/obj/crt0.o
 .debug_macro   0x00000000000149e9       0x5e build/obj/crt0.o
 .debug_macro   0x0000000000014a47       0x10 build/obj/crt0.o
 .debug_macro   0x0000000000014a57       0x1c build/obj/crt0.o
 .debug_macro   0x0000000000014a73       0x52 build/obj/crt0.o
 .debug_macro   0x0000000000014ac5       0x52 build/obj/crt0.o
 .debug_macro   0x0000000000014b17       0x52 build/obj/crt0.o
 .debug_macro   0x0000000000014b69      0x329 build/obj/crt0.o
 .debug_macro   0x0000000000014e92     0x1028 build/obj/crt0.o
 .debug_macro   0x0000000000015eba      0x107 build/obj/crt0.o
 .debug_macro   0x0000000000015fc1      0x467 build/obj/main.o
 .debug_macro   0x0000000000016428      0x982 build/obj/main.o
 .debug_macro   0x0000000000016daa       0x1c build/obj/main.o
 .debug_macro   0x0000000000016dc6       0x87 build/obj/main.o
 .debug_macro   0x0000000000016e4d     0x1114 build/obj/main.o

.debug_line     0x0000000000000000     0x14b3
 .debug_line    0x0000000000000000      0xa4a build/obj/crt0.o
 .debug_line    0x0000000000000a4a      0xa69 build/obj/main.o

.debug_str      0x0000000000000000    0x74f18
 .debug_str     0x0000000000000000    0x748d8 build/obj/crt0.o
                                      0x74de6 (size before relaxing)
 .debug_str     0x00000000000748d8      0x640 build/obj/main.o
                                      0x74bd3 (size before relaxing)

.comment        0x0000000000000000       0x7f
 .comment       0x0000000000000000       0x7f build/obj/crt0.o
                                         0x80 (size before relaxing)
 .comment       0x000000000000007f       0x80 build/obj/main.o

.ARM.attributes
                0x0000000000000000       0x33
 .ARM.attributes
                0x0000000000000000       0x33 build/obj/crt0.o
 .ARM.attributes
                0x0000000000000033       0x33 build/obj/main.o

.debug_frame    0x0000000000000000       0x80
 .debug_frame   0x0000000000000000       0x30 build/obj/crt0.o
 .debug_frame   0x0000000000000030       0x50 build/obj/main.o
